<html>
<body>
<pre>
<h1>礦ision Build Log</h1>
<h2>Tool Versions:</h2>
IDE-Version: μVision V5.35.0.0
Copyright (C) 2021 ARM Ltd and ARM Germany GmbH. All rights reserved.
License Information: 1 2, 3, LIC=14HV2-9TJ1N-45UT5-GGKGV-59IMY-KGGV2
 
Tool Versions:
Toolchain:       MDK-ARM Plus  Version: 5.35.0.2
Toolchain Path:  D:\Software\MDK5\ARM\ARMCC\Bin
C Compiler:      Armcc.exe V5.06 update 7 (build 960)
Assembler:       Armasm.exe V5.06 update 7 (build 960)
Linker/Locator:  ArmLink.exe V5.06 update 7 (build 960)
Library Manager: ArmAr.exe V5.06 update 7 (build 960)
Hex Converter:   FromElf.exe V5.06 update 7 (build 960)
CPU DLL:         SARMCM3.DLL V5.35.0.2
Dialog DLL:      DCM.DLL V1.17.3.0
Target DLL:      UL2CM3.DLL V1.164.0.0
Dialog DLL:      TCM.DLL V1.53.0.0
 
<h2>Project:</h2>
D:\Download\BaiduNetdiskDownload\Data Bank\2020-2021大创\10_4.21 云台限幅 - 副本\Robot.uvprojx
Project File Date:  12/29/2022

<h2>Output:</h2>
*** Using Compiler 'V5.06 update 7 (build 960)', folder: 'D:\Software\MDK5\ARM\ARMCC\Bin'
Rebuild target 'Robot'
assembling startup_stm32f10x_md.s...
compiling core_cm3.c...
compiling misc.c...
compiling stm32f10x_cec.c...
compiling stm32f10x_bkp.c...
compiling stm32f10x_crc.c...
compiling stm32f10x_adc.c...
compiling stm32f10x_can.c...
compiling stm32f10x_dac.c...
compiling stm32f10x_dbgmcu.c...
compiling stm32f10x_dma.c...
compiling stm32f10x_exti.c...
compiling stm32f10x_gpio.c...
compiling stm32f10x_flash.c...
compiling stm32f10x_fsmc.c...
compiling stm32f10x_i2c.c...
compiling stm32f10x_iwdg.c...
compiling stm32f10x_pwr.c...
compiling stm32f10x_rcc.c...
compiling stm32f10x_rtc.c...
compiling stm32f10x_spi.c...
compiling stm32f10x_sdio.c...
compiling stm32f10x_usart.c...
compiling stm32f10x_tim.c...
compiling common.c...
compiling stm32f10x_wwdg.c...
compiling Adc.c...
compiling beep.c...
HARDWARE\Beep\beep.c(36): warning:  #1-D: last line of file ends without a newline
  }
HARDWARE\Beep\beep.c: 1 warning, 0 errors
compiling control_app.c...
HARDWARE\Control_app\control_app.c(231): warning:  #167-D: argument of type "unsigned char *" is incompatible with parameter of type "const char *"
  	  App_control(redata);
HARDWARE\Control_app\control_app.c: 1 warning, 0 errors
compiling key.c...
HARDWARE\KEY\key.h(18): warning:  #1295-D: Deprecated declaration KEY_Scan - give arg types
  u8 KEY_Scan();  	//按键扫描函数					    
HARDWARE\KEY\key.c: 1 warning, 0 errors
compiling led.c...
compiling Motor.c...
compiling timer.c...
compiling servor.c...
compiling oled.c...
HARDWARE\OLED\oled.c(176): warning:  #223-D: function "PWR_BackupAccessCmd" declared implicitly
  	PWR_BackupAccessCmd(ENABLE);//允许修改RTC 和后备寄存器
HARDWARE\OLED\oled.c(178): warning:  #223-D: function "BKP_TamperPinCmd" declared implicitly
  	BKP_TamperPinCmd(DISABLE);//关闭入侵检测功能，也就是 PC13，也可以当普通IO 使用
HARDWARE\OLED\oled.c: 2 warnings, 0 errors
compiling delay.c...
compiling show.c...
compiling usart.c...
compiling stm32f10x_it.c...
compiling Control.c...
.\HARDWARE\KEY\key.h(18): warning:  #1295-D: Deprecated declaration KEY_Scan - give arg types
  u8 KEY_Scan();  	//按键扫描函数					    
USER\Control.c: 1 warning, 0 errors
compiling sys.c...
compiling main.c...
.\HARDWARE\KEY\key.h(18): warning:  #1295-D: Deprecated declaration KEY_Scan - give arg types
  u8 KEY_Scan();  	//按键扫描函数					    
USER\main.c: 1 warning, 0 errors
compiling system_stm32f10x.c...
linking...
Program Size: Code=16896 RO-data=2928 RW-data=152 ZI-data=3160  
FromELF: creating hex file...
".\Output\Robot_app.axf" - 0 Error(s), 7 Warning(s).

<h2>Software Packages used:</h2>

Package Vendor: ARM
                http://www.keil.com/pack/ARM.CMSIS.5.8.0.pack
                ARM.CMSIS.5.8.0
                CMSIS (Common Microcontroller Software Interface Standard)
   * Component: CORE Version: 5.5.0

Package Vendor: Keil
                http://www.keil.com/pack/Keil.STM32F1xx_DFP.1.0.5.pack
                Keil.STM32F1xx_DFP.1.0.5
                STMicroelectronics STM32F1 Series Device Support, Drivers and Examples

<h2>Collection of Component include folders:</h2>
  .\RTE\_Robot
  D:\Software\MDK5\ARM\PACK\ARM\CMSIS\5.8.0\CMSIS\Core\Include
  D:\Software\MDK5\ARM\PACK\Keil\STM32F1xx_DFP\1.0.5\Device\Include

<h2>Collection of Component Files used:</h2>

   * Component: ARM::CMSIS:CORE:5.5.0
Build Time Elapsed:  00:00:04
</pre>
</body>
</html>
