ARM Linker, 5.02 [Build 28] [MDK-ARM Lite]

==============================================================================

Section Cross References

    startup_stm32f10x_hd.o(STACK) refers (Special) to heapauxi.o(.text) for __use_two_region_memory
    startup_stm32f10x_hd.o(HEAP) refers (Special) to heapauxi.o(.text) for __use_two_region_memory
    startup_stm32f10x_hd.o(RESET) refers (Special) to heapauxi.o(.text) for __use_two_region_memory
    startup_stm32f10x_hd.o(RESET) refers to startup_stm32f10x_hd.o(STACK) for __initial_sp
    startup_stm32f10x_hd.o(RESET) refers to startup_stm32f10x_hd.o(.text) for Reset_Handler
    startup_stm32f10x_hd.o(RESET) refers to stm32f10x_it.o(.text) for NMI_Handler
    startup_stm32f10x_hd.o(RESET) refers to encoder.o(.text) for EXTI0_IRQHandler
    startup_stm32f10x_hd.o(RESET) refers to usart.o(.text) for USART1_IRQHandler
    startup_stm32f10x_hd.o(RESET) refers to control.o(.text) for TIM5_IRQHandler
    startup_stm32f10x_hd.o(.text) refers (Special) to heapauxi.o(.text) for __use_two_region_memory
    startup_stm32f10x_hd.o(.text) refers to system_stm32f10x.o(.text) for SystemInit
    startup_stm32f10x_hd.o(.text) refers to __main.o(!!!main) for __main
    startup_stm32f10x_hd.o(.text) refers to startup_stm32f10x_hd.o(HEAP) for Heap_Mem
    startup_stm32f10x_hd.o(.text) refers to startup_stm32f10x_hd.o(STACK) for Stack_Mem
    stm32f10x_adc.o(.text) refers to stm32f10x_rcc.o(.text) for RCC_APB2PeriphResetCmd
    stm32f10x_bkp.o(.text) refers to stm32f10x_rcc.o(.text) for RCC_BackupResetCmd
    stm32f10x_can.o(.text) refers to stm32f10x_rcc.o(.text) for RCC_APB1PeriphResetCmd
    stm32f10x_cec.o(.text) refers to stm32f10x_rcc.o(.text) for RCC_APB1PeriphResetCmd
    stm32f10x_dac.o(.text) refers to stm32f10x_rcc.o(.text) for RCC_APB1PeriphResetCmd
    stm32f10x_gpio.o(.text) refers to stm32f10x_rcc.o(.text) for RCC_APB2PeriphResetCmd
    stm32f10x_i2c.o(.text) refers to stm32f10x_rcc.o(.text) for RCC_APB1PeriphResetCmd
    stm32f10x_pwr.o(.text) refers to stm32f10x_rcc.o(.text) for RCC_APB1PeriphResetCmd
    stm32f10x_rcc.o(.text) refers to stm32f10x_rcc.o(.data) for APBAHBPrescTable
    stm32f10x_spi.o(.text) refers to stm32f10x_rcc.o(.text) for RCC_APB2PeriphResetCmd
    stm32f10x_tim.o(.text) refers to stm32f10x_rcc.o(.text) for RCC_APB2PeriphResetCmd
    stm32f10x_usart.o(.text) refers to stm32f10x_rcc.o(.text) for RCC_APB2PeriphResetCmd
    stm32f10x_wwdg.o(.text) refers to stm32f10x_rcc.o(.text) for RCC_APB1PeriphResetCmd
    adc.o(.text) refers to stm32f10x_rcc.o(.text) for RCC_APB2PeriphClockCmd
    adc.o(.text) refers to stm32f10x_gpio.o(.text) for GPIO_Init
    adc.o(.text) refers to stm32f10x_adc.o(.text) for ADC_DeInit
    beep.o(.text) refers to stm32f10x_rcc.o(.text) for RCC_APB2PeriphClockCmd
    beep.o(.text) refers to stm32f10x_gpio.o(.text) for GPIO_Init
    beep.o(.text) refers to delay.o(.text) for Delay_ms
    common.o(.text) refers to rt_memclr_w.o(.text) for __aeabi_memclr4
    control_app.o(.text) refers to strncmp.o(.text) for strncmp
    control_app.o(.text) refers to strstr.o(.text) for strstr
    control_app.o(.text) refers to strchr.o(.text) for strchr
    control_app.o(.text) refers to atol.o(.text) for atol
    control_app.o(.text) refers to common.o(.text) for ASC_To_Valu
    control_app.o(.text) refers to main.o(.data) for CPWM
    control_app.o(.text) refers to control_app.o(.data) for UartRec
    control_app.o(.text) refers to motor.o(.text) for Set_Pwm_Motor1
    control_app.o(.text) refers to stm32f10x_gpio.o(.text) for GPIO_SetBits
    control_app.o(.text) refers to usart.o(.data) for flag_RecFul
    control_app.o(.text) refers to main.o(.bss) for redata
    encoder.o(.text) refers to stm32f10x_rcc.o(.text) for RCC_APB1PeriphClockCmd
    encoder.o(.text) refers to stm32f10x_gpio.o(.text) for GPIO_Init
    encoder.o(.text) refers to stm32f10x_tim.o(.text) for TIM_TimeBaseStructInit
    encoder.o(.text) refers to stm32f10x_exti.o(.text) for EXTI_Init
    encoder.o(.text) refers to misc.o(.text) for NVIC_Init
    encoder.o(.text) refers to main.o(.data) for Encoder_A_EXTI
    key.o(.text) refers to stm32f10x_rcc.o(.text) for RCC_APB2PeriphClockCmd
    key.o(.text) refers to stm32f10x_gpio.o(.text) for GPIO_Init
    key.o(.text) refers to delay.o(.text) for Delay_ms
    led.o(.text) refers to stm32f10x_rcc.o(.text) for RCC_APB2PeriphClockCmd
    led.o(.text) refers to stm32f10x_gpio.o(.text) for GPIO_Init
    led.o(.text) refers to delay.o(.text) for Delay_ms
    motor.o(.text) refers to stm32f10x_rcc.o(.text) for RCC_APB2PeriphClockCmd
    motor.o(.text) refers to stm32f10x_gpio.o(.text) for GPIO_Init
    motor.o(.text) refers to stm32f10x_tim.o(.text) for TIM_TimeBaseInit
    oled.o(.text) refers to stm32f10x_rcc.o(.text) for RCC_APB2PeriphClockCmd
    oled.o(.text) refers to stm32f10x_gpio.o(.text) for GPIO_PinRemapConfig
    oled.o(.text) refers to stm32f10x_pwr.o(.text) for PWR_BackupAccessCmd
[...]

21 unused section(s) (total 11106 bytes) removed from the image.

==============================================================================

Image Symbol Table

    Local Symbols

    Symbol Name                              Value     Ov Type        Size  Object(Section)

    ../clib/angel/boardlib.s                 0x00000000   Number         0  boardshut.o ABSOLUTE
    ../clib/angel/boardlib.s                 0x00000000   Number         0  boardinit3.o ABSOLUTE
    ../clib/angel/boardlib.s                 0x00000000   Number         0  boardinit2.o ABSOLUTE
    ../clib/angel/boardlib.s                 0x00000000   Number         0  boardinit1.o ABSOLUTE
    ../clib/angel/handlers.s                 0x00000000   Number         0  __scatter_zi.o ABSOLUTE
    ../clib/angel/handlers.s                 0x00000000   Number         0  __scatter_copy.o ABSOLUTE
    ../clib/angel/kernel.s                   0x00000000   Number         0  rtentry.o ABSOLUTE
    ../clib/angel/kernel.s                   0x00000000   Number         0  rtentry2.o ABSOLUTE
    ../clib/angel/kernel.s                   0x00000000   Number         0  rtexit2.o ABSOLUTE
    ../clib/angel/kernel.s                   0x00000000   Number         0  rtexit.o ABSOLUTE
    ../clib/angel/kernel.s                   0x00000000   Number         0  rtentry4.o ABSOLUTE
    ../clib/angel/rt.s                       0x00000000   Number         0  rt_ctype_table.o ABSOLUTE
    ../clib/angel/rt.s                       0x00000000   Number         0  rt_errno_addr_intlibspace.o ABSOLUTE
    ../clib/angel/rt.s                       0x00000000   Number         0  rt_locale_intlibspace.o ABSOLUTE
    ../clib/angel/rt.s                       0x00000000   Number         0  rt_errno_addr.o ABSOLUTE
    ../clib/angel/rt.s                       0x00000000   Number         0  rt_raise.o ABSOLUTE
    ../clib/angel/rt.s                       0x00000000   Number         0  rt_locale.o ABSOLUTE
    ../clib/angel/scatter.s                  0x00000000   Number         0  __scatter.o ABSOLUTE
    ../clib/angel/startup.s                  0x00000000   Number         0  __main.o ABSOLUTE
    ../clib/angel/sys.s                      0x00000000   Number         0  use_no_semi.o ABSOLUTE
    ../clib/angel/sys.s                      0x00000000   Number         0  sys_stackheap_outer.o ABSOLUTE
    ../clib/angel/sys.s                      0x00000000   Number         0  use_no_semi_2.o ABSOLUTE
    ../clib/angel/sys.s                      0x00000000   Number         0  indicate_semi.o ABSOLUTE
    ../clib/angel/sys.s                      0x00000000   Number         0  libspace.o ABSOLUTE
    ../clib/angel/sysapp.c                   0x00000000   Number         0  sys_wrch.o ABSOLUTE
    ../clib/angel/sysapp.c                   0x00000000   Number         0  sys_command.o ABSOLUTE
    ../clib/armsys.c                         0x00000000   Number         0  _get_argv_nomalloc.o ABSOLUTE
    ../clib/armsys.c                         0x00000000   Number         0  argv_veneer.o ABSOLUTE
    ../clib/armsys.c                         0x00000000   Number         0  no_argv.o ABSOLUTE
    ../clib/armsys.c                         0x00000000   Number         0  argv_veneer.o ABSOLUTE
    ../clib/ctype.c                          0x00000000   Number         0  towupper.o ABSOLUTE
    ../clib/ctype.c                          0x00000000   Number         0  wclass.o ABSOLUTE
    ../clib/ctype.c                          0x00000000   Number         0  towlower.o ABSOLUTE
    ../clib/ctype.c                          0x00000000   Number         0  wclass_c.o ABSOLUTE
    ../clib/ctype.c                          0x00000000   Number         0  _small_iswspace.o ABSOLUTE
    ../clib/heapalloc.c                      0x00000000   Number         0  hrguard.o ABSOLUTE
    ../clib/heapaux.c                        0x00000000   Number         0  heapauxi.o ABSOLUTE
    ../clib/libinit.s                        0x00000000   Number         0  libshutdown.o ABSOLUTE
    ../clib/libinit.s                        0x00000000   Number         0  libinit.o ABSOLUTE
    ../clib/libinit.s                        0x00000000   Number         0  libshutdown2.o ABSOLUTE
    ../clib/libinit.s                        0x00000000   Number         0  libinit2.o ABSOLUTE
    ../clib/locale.c                         0x00000000   Number         0  mbdata.o ABSOLUTE
    ../clib/locale.c                         0x00000000   Number         0  findlocale.o ABSOLUTE
    ../clib/locale.c                         0x00000000   Number         0  ucs2jis.o ABSOLUTE
    ../clib/locale.c                         0x00000000   Number         0  jis2ucs.o ABSOLUTE
    ../clib/locale.c                         0x00000000   Number         0  utf8_mbrtowc.o ABSOLUTE
    ../clib/locale.c                         0x00000000   Number         0  utf8_wcrtomb.o ABSOLUTE
    ../clib/locale.s                         0x00000000   Number         0  lc_ctype_c.o ABSOLUTE
    ../clib/locale.s                         0x00000000   Number         0  lc_ctype_8859.o ABSOLUTE
    ../clib/locale.s                         0x00000000   Number         0  all_ctype.o ABSOLUTE
    ../clib/locale.s                         0x00000000   Number         0  sjis_ctype.o ABSOLUTE
    ../clib/locale.s                         0x00000000   Number         0  utf8_ctype.o ABSOLUTE
    ../clib/memcpset.s                       0x00000000   Number         0  strcmpv7m.o ABSOLUTE
    ../clib/memcpset.s                       0x00000000   Number         0  rt_memclr_w.o ABSOLUTE
    ../clib/scanf.c                          0x00000000   Number         0  _strtoul.o ABSOLUTE
    ../clib/scanf.c                          0x00000000   Number         0  _chval.o ABSOLUTE
    ../clib/scanf.c                          0x00000000   Number         0  atol.o ABSOLUTE
    ../clib/scanf.c                          0x00000000   Number         0  strtol.o ABSOLUTE
    ../clib/signal.c                         0x00000000   Number         0  defsig_rtred_inner.o ABSOLUTE
    ../clib/signal.c                         0x00000000   Number         0  defsig_stak_inner.o ABSOLUTE
    ../clib/signal.c                         0x00000000   Number         0  defsig_pvfn_inner.o ABSOLUTE
    ../clib/signal.c                         0x00000000   Number         0  defsig_cppl_inner.o ABSOLUTE
    ../clib/signal.c                         0x00000000   Number         0  defsig_segv_inner.o ABSOLUTE
    ../clib/signal.c                         0x00000000   Number         0  defsig_exit.o ABSOLUTE
    ../clib/signal.c                         0x00000000   Number         0  defsig_rtmem_formal.o ABSOLUTE
    ../clib/signal.c                         0x00000000   Number         0  defsig_rtmem_outer.o ABSOLUTE
    ../clib/signal.c                         0x00000000   Number         0  defsig_general.o ABSOLUTE
    ../clib/signal.c                         0x00000000   Number         0  defsig_rtmem_inner.o ABSOLUTE
    ../clib/signal.c                         0x00000000   Number         0  defsig_fpe_inner.o ABSOLUTE
    ../clib/signal.c                         0x00000000   Number         0  __raise.o ABSOLUTE
    ../clib/signal.c                         0x00000000   Number         0  defsig_other.o ABSOLUTE
    ../clib/signal.c                         0x00000000   Number         0  defsig_abrt_inner.o ABSOLUTE
    ../clib/signal.s                         0x00000000   Number         0  defsig.o ABSOLUTE
    ../clib/stdlib.c                         0x00000000   Number         0  exit.o ABSOLUTE
    ../clib/string.c                         0x00000000   Number         0  strstr.o ABSOLUTE
    ../clib/string.c                         0x00000000   Number         0  strncmp.o ABSOLUTE
    ../clib/string.c                         0x00000000   Number         0  strchr.o ABSOLUTE
    ../clib/string.c                         0x00000000   Number         0  strlen.o ABSOLUTE
    ../fplib/fpinit.s                        0x00000000   Number         0  fpinit.o ABSOLUTE
    CORE\\core_cm3.c                         0x00000000   Number         0  core_cm3.o ABSOLUTE
    CORE\core_cm3.c                          0x00000000   Number         0  core_cm3.o ABSOLUTE
    CORE\startup_stm32f10x_hd.s              0x00000000   Number         0  startup_stm32f10x_hd.o ABSOLUTE
    FWlib\src\misc.c                         0x00000000   Number         0  misc.o ABSOLUTE
    FWlib\src\stm32f10x_adc.c                0x00000000   Number         0  stm32f10x_adc.o ABSOLUTE
    FWlib\src\stm32f10x_bkp.c                0x00000000   Number         0  stm32f10x_bkp.o ABSOLUTE
    FWlib\src\stm32f10x_can.c                0x00000000   Number         0  stm32f10x_can.o ABSOLUTE
    FWlib\src\stm32f10x_cec.c                0x00000000   Number         0  stm32f10x_cec.o ABSOLUTE
    FWlib\src\stm32f10x_crc.c                0x00000000   Number         0  stm32f10x_crc.o ABSOLUTE
    FWlib\src\stm32f10x_dac.c                0x00000000   Number         0  stm32f10x_dac.o ABSOLUTE
    FWlib\src\stm32f10x_dbgmcu.c             0x00000000   Number         0  stm32f10x_dbgmcu.o ABSOLUTE
    FWlib\src\stm32f10x_dma.c                0x00000000   Number         0  stm32f10x_dma.o ABSOLUTE
    FWlib\src\stm32f10x_exti.c               0x00000000   Number         0  stm32f10x_exti.o ABSOLUTE
    FWlib\src\stm32f10x_flash.c              0x00000000   Number         0  stm32f10x_flash.o ABSOLUTE
    FWlib\src\stm32f10x_fsmc.c               0x00000000   Number         0  stm32f10x_fsmc.o ABSOLUTE
    FWlib\src\stm32f10x_gpio.c               0x00000000   Number         0  stm32f10x_gpio.o ABSOLUTE
    FWlib\src\stm32f10x_i2c.c                0x00000000   Number         0  stm32f10x_i2c.o ABSOLUTE
    FWlib\src\stm32f10x_iwdg.c               0x00000000   Number         0  stm32f10x_iwdg.o ABSOLUTE
    FWlib\src\stm32f10x_pwr.c                0x00000000   Number         0  stm32f10x_pwr.o ABSOLUTE
    FWlib\src\stm32f10x_rcc.c                0x00000000   Number         0  stm32f10x_rcc.o ABSOLUTE
    FWlib\src\stm32f10x_rtc.c                0x00000000   Number         0  stm32f10x_rtc.o ABSOLUTE
    FWlib\src\stm32f10x_sdio.c               0x00000000   Number         0  stm32f10x_sdio.o ABSOLUTE
    FWlib\src\stm32f10x_spi.c                0x00000000   Number         0  stm32f10x_spi.o ABSOLUTE
    FWlib\src\stm32f10x_tim.c                0x00000000   Number         0  stm32f10x_tim.o ABSOLUTE
    FWlib\src\stm32f10x_usart.c              0x00000000   Number         0  stm32f10x_usart.o ABSOLUTE
    FWlib\src\stm32f10x_wwdg.c               0x00000000   Number         0  stm32f10x_wwdg.o ABSOLUTE
    HARDWARE\Adc\Adc.c                       0x00000000   Number         0  adc.o ABSOLUTE
    HARDWARE\Beep\beep.c                     0x00000000   Number         0  beep.o ABSOLUTE
    HARDWARE\Common\common.c                 0x00000000   Number         0  common.o ABSOLUTE
    HARDWARE\Control_app\control_app.c       0x00000000   Number         0  control_app.o ABSOLUTE
    HARDWARE\KEY\key.c                       0x00000000   Number         0  key.o ABSOLUTE
    HARDWARE\LED\led.c                       0x00000000   Number         0  led.o ABSOLUTE
    HARDWARE\Motor\Motor.c                   0x00000000   Number         0  motor.o ABSOLUTE
    HARDWARE\OLED\oled.c                     0x00000000   Number         0  oled.o ABSOLUTE
    HARDWARE\PS2\Ps2.c                       0x00000000   Number         0  ps2.o ABSOLUTE
    HARDWARE\Servo\servor.c                  0x00000000   Number         0  servor.o ABSOLUTE
    HARDWARE\Timer\timer.c                   0x00000000   Number         0  timer.o ABSOLUTE
    HARDWARE\encoder\encoder.c               0x00000000   Number         0  encoder.o ABSOLUTE
    SYSTEM\\sys\\sys.c                       0x00000000   Number         0  sys.o ABSOLUTE
    SYSTEM\delay\delay.c                     0x00000000   Number         0  delay.o ABSOLUTE
    SYSTEM\show\show.c                       0x00000000   Number         0  show.o ABSOLUTE
    SYSTEM\sys\sys.c                         0x00000000   Number         0  sys.o ABSOLUTE
    SYSTEM\usart\usart.c                     0x00000000   Number         0  usart.o ABSOLUTE
    USER\Control.c                           0x00000000   Number         0  control.o ABSOLUTE
    USER\main.c                              0x00000000   Number         0  main.o ABSOLUTE
    USER\stm32f10x_it.c                      0x00000000   Number         0  stm32f10x_it.o ABSOLUTE
    USER\system_stm32f10x.c                  0x00000000   Number         0  system_stm32f10x.o ABSOLUTE
    dc.s                                     0x00000000   Number         0  dc.o ABSOLUTE
    RESET                                    0x08000000   Section      304  startup_stm32f10x_hd.o(RESET)
    !!!main                                  0x08000130   Section        8  __main.o(!!!main)
    !!!scatter                               0x08000138   Section       52  __scatter.o(!!!scatter)
    !!handler_copy                           0x0800016c   Section       26  __scatter_copy.o(!!handler_copy)
    !!handler_zi                             0x08000188   Section       28  __scatter_zi.o(!!handler_zi)
    .ARM.Collect$$libinit$$00000000          0x080001a4   Section        2  libinit.o(.ARM.Collect$$libinit$$00000000)
    .ARM.Collect$$libinit$$00000002          0x080001a6   Section        0  libinit2.o(.ARM.Collect$$libinit$$00000002)
    .ARM.Collect$$libinit$$00000008          0x080001a6   Section        0  libinit2.o(.ARM.Collect$$libinit$$00000008)
    .ARM.Collect$$libinit$$0000000A          0x080001a6   Section        0  libinit2.o(.ARM.Collect$$libinit$$0000000A)
    .ARM.Collect$$libinit$$0000000C          0x080001a6   Section        0  libinit2.o(.ARM.Collect$$libinit$$0000000C)
    .ARM.Collect$$libinit$$0000000D          0x080001a6   Section        6  libinit2.o(.ARM.Collect$$libinit$$0000000D)
    .ARM.Collect$$libinit$$0000000F          0x080001ac   Section        0  libinit2.o(.ARM.Collect$$libinit$$0000000F)
    .ARM.Collect$$libinit$$00000010          0x080001ac   Section       12  libinit2.o(.ARM.Collect$$libinit$$00000010)
    .ARM.Collect$$libinit$$00000011          0x080001b8   Section        0  libinit2.o(.ARM.Collect$$libinit$$00000011)
    .ARM.Collect$$libinit$$00000013          0x080001b8   Section        0  libinit2.o(.ARM.Collect$$libinit$$00000013)
    .ARM.Collect$$libinit$$00000015          0x080001b8   Section        0  libinit2.o(.ARM.Collect$$libinit$$00000015)
    .ARM.Collect$$libinit$$00000017          0x080001b8   Section        0  libinit2.o(.ARM.Collect$$libinit$$00000017)
    .ARM.Collect$$libinit$$00000019          0x080001b8   Section        0  libinit2.o(.ARM.Collect$$libinit$$00000019)
    .ARM.Collect$$libinit$$0000001B          0x080001b8   Section        0  libinit2.o(.ARM.Collect$$libinit$$0000001B)
    .ARM.Collect$$libinit$$0000001D          0x080001b8   Section        0  libinit2.o(.ARM.Collect$$libinit$$0000001D)
    .ARM.Collect$$libinit$$0000001F          0x080001b8   Section        0  libinit2.o(.ARM.Collect$$libinit$$0000001F)
    .ARM.Collect$$libinit$$00000021          0x080001b8   Section        0  libinit2.o(.ARM.Collect$$libinit$$00000021)
    .ARM.Collect$$libinit$$00000023          0x080001b8   Section        0  libinit2.o(.ARM.Collect$$libinit$$00000023)
    .ARM.Collect$$libinit$$0000002A          0x080001b8   Section        0  libinit2.o(.ARM.Collect$$libinit$$0000002A)
    .ARM.Collect$$libinit$$0000002C          0x080001b8   Section        0  libinit2.o(.ARM.Collect$$libinit$$0000002C)
    .ARM.Collect$$libinit$$0000002E          0x080001b8   Section        0  libinit2.o(.ARM.Collect$$libinit$$0000002E)
    .ARM.Collect$$libinit$$00000030          0x080001b8   Section        0  libinit2.o(.ARM.Collect$$libinit$$00000030)
    .ARM.Collect$$libinit$$00000031          0x080001b8   Section        2  libinit2.o(.ARM.Collect$$libinit$$00000031)
    .ARM.Collect$$libshutdown$$00000000      0x080001ba   Section        2  libshutdown.o(.ARM.Collect$$libshutdown$$00000000)
    .ARM.Collect$$libshutdown$$00000003      0x080001bc   Section        0  libshutdown2.o(.ARM.Collect$$libshutdown$$00000003)
    .ARM.Collect$$libshutdown$$00000006      0x080001bc   Section        0  libshutdown2.o(.ARM.Collect$$libshutdown$$00000006)
    .ARM.Collect$$libshutdown$$00000009      0x080001bc   Section        0  libshutdown2.o(.ARM.Collect$$libshutdown$$00000009)
    .ARM.Collect$$libshutdown$$0000000B      0x080001bc   Section        0  libshutdown2.o(.ARM.Collect$$libshutdown$$0000000B)
    .ARM.Collect$$libshutdown$$0000000E      0x080001bc   Section        0  libshutdown2.o(.ARM.Collect$$libshutdown$$0000000E)
    .ARM.Collect$$libshutdown$$0000000F      0x080001bc   Section        2  libshutdown2.o(.ARM.Collect$$libshutdown$$0000000F)
    .ARM.Collect$$rtentry$$00000000          0x080001be   Section        0  rtentry.o(.ARM.Collect$$rtentry$$00000000)
    .ARM.Collect$$rtentry$$00000002          0x080001be   Section        0  rtentry2.o(.ARM.Collect$$rtentry$$00000002)
    .ARM.Collect$$rtentry$$00000004          0x080001be   Section        6  rtentry4.o(.ARM.Collect$$rtentry$$00000004)
    .ARM.Collect$$rtentry$$00000009          0x080001c4   Section        0  rtentry2.o(.ARM.Collect$$rtentry$$00000009)
    .ARM.Collect$$rtentry$$0000000A          0x080001c4   Section        4  rtentry2.o(.ARM.Collect$$rtentry$$0000000A)
    .ARM.Collect$$rtentry$$0000000C          0x080001c8   Section        0  rtentry2.o(.ARM.Collect$$rtentry$$0000000C)
    .ARM.Collect$$rtentry$$0000000D          0x080001c8   Section        8  rtentry2.o(.ARM.Collect$$rtentry$$0000000D)
    .ARM.Collect$$rtexit$$00000000           0x080001d0   Section        2  rtexit.o(.ARM.Collect$$rtexit$$00000000)
    .ARM.Collect$$rtexit$$00000002           0x080001d2   Section        0  rtexit2.o(.ARM.Collect$$rtexit$$00000002)
    .ARM.Collect$$rtexit$$00000003           0x080001d2   Section        4  rtexit2.o(.ARM.Collect$$rtexit$$00000003)
    .ARM.Collect$$rtexit$$00000004           0x080001d6   Section        6  rtexit2.o(.ARM.Collect$$rtexit$$00000004)
    .text                                    0x080001dc   Section       64  startup_stm32f10x_hd.o(.text)
    .text                                    0x0800021c   Section        0  misc.o(.text)
    .text                                    0x080002f8   Section        0  stm32f10x_bkp.o(.text)
    .text                                    0x080003a4   Section        0  stm32f10x_exti.o(.text)
    .text                                    0x080004c0   Section        0  stm32f10x_gpio.o(.text)
    .text                                    0x08000818   Section        0  stm32f10x_pwr.o(.text)
    .text                                    0x080008e4   Section        0  stm32f10x_rcc.o(.text)
    .text                                    0x08000c80   Section        0  stm32f10x_tim.o(.text)
    TI4_Config                               0x08001127   Thumb Code   130  stm32f10x_tim.o(.text)
    TI3_Config                               0x080011bb   Thumb Code   122  stm32f10x_tim.o(.text)
    TI2_Config                               0x0800124f   Thumb Code   130  stm32f10x_tim.o(.text)
    TI1_Config                               0x080012e3   Thumb Code   108  stm32f10x_tim.o(.text)
    .text                                    0x08001a9c   Section        0  stm32f10x_usart.o(.text)
    .text                                    0x08001ea4   Section        0  beep.o(.text)
    .text                                    0x08001f2c   Section        0  common.o(.text)
    .text                                    0x08001fc8   Section        0  control_app.o(.text)
    .text                                    0x080028b8   Section        0  encoder.o(.text)
    .text                                    0x08002b30   Section        0  led.o(.text)
    .text                                    0x08002ba8   Section        0  motor.o(.text)
    .text                                    0x08002cfc   Section        0  oled.o(.text)
    .text                                    0x08003174   Section        0  ps2.o(.text)
    .text                                    0x08003374   Section        0  servor.o(.text)
    .text                                    0x08003548   Section        0  timer.o(.text)
    .text                                    0x08003728   Section        0  delay.o(.text)
    .text                                    0x080037dc   Section        0  show.o(.text)
    .text                                    0x08003990   Section        0  usart.o(.text)
    .text                                    0x08003d98   Section        0  control.o(.text)
    .text                                    0x08003e6c   Section        0  main.o(.text)
    .text                                    0x080040f8   Section        0  stm32f10x_it.o(.text)
    .text                                    0x08004134   Section        0  system_stm32f10x.o(.text)
    SetSysClockTo72                          0x08004135   Thumb Code   192  system_stm32f10x.o(.text)
    SetSysClock                              0x080041f5   Thumb Code     8  system_stm32f10x.o(.text)
    .text                                    0x080042fc   Section        2  use_no_semi_2.o(.text)
    .text                                    0x080042fe   Section        0  atol.o(.text)
    .text                                    0x08004318   Section        0  strchr.o(.text)
    .text                                    0x0800432c   Section        0  strstr.o(.text)
    .text                                    0x08004350   Section        0  strncmp.o(.text)
    .text                                    0x080043e6   Section       78  rt_memclr_w.o(.text)
    .text                                    0x08004434   Section        0  heapauxi.o(.text)
    .text                                    0x0800443a   Section        2  use_no_semi.o(.text)
    .text                                    0x0800443c   Section        8  rt_errno_addr_intlibspace.o(.text)
    .text                                    0x08004444   Section        0  strtol.o(.text)
    .text                                    0x080044b4   Section        8  libspace.o(.text)
    .text                                    0x080044bc   Section       16  rt_ctype_table.o(.text)
    .text                                    0x080044cc   Section        0  _strtoul.o(.text)
    .text                                    0x0800456a   Section       74  sys_stackheap_outer.o(.text)
    .text                                    0x080045b4   Section        8  rt_locale_intlibspace.o(.text)
    .text                                    0x080045bc   Section        0  _chval.o(.text)
    .text                                    0x080045d8   Section        0  exit.o(.text)
    .text                                    0x080045e4   Section      128  strcmpv7m.o(.text)
    locale$$code                             0x08004664   Section       44  lc_ctype_c.o(locale$$code)
    .constdata                               0x08004690   Section     2660  oled.o(.constdata)
    locale$$data                             0x08005114   Section      272  lc_ctype_c.o(locale$$data)
    __lcctype_c_name                         0x08005118   Data           2  lc_ctype_c.o(locale$$data)
    __lcctype_c_start                        0x08005120   Data           0  lc_ctype_c.o(locale$$data)
    __lcctype_c_end                          0x08005224   Data           0  lc_ctype_c.o(locale$$data)
    .data                                    0x20000000   Section       20  stm32f10x_rcc.o(.data)
    APBAHBPrescTable                         0x20000000   Data          16  stm32f10x_rcc.o(.data)
    ADCPrescTable                            0x20000010   Data           4  stm32f10x_rcc.o(.data)
    .data                                    0x20000014   Section       20  control_app.o(.data)
    .data                                    0x20000028   Section       38  ps2.o(.data)
    temp                                     0x2000004a   Data           1  ps2.o(.data)
    .data                                    0x2000004e   Section        1  servor.o(.data)
    .data                                    0x20000050   Section       16  usart.o(.data)
    i                                        0x20000054   Data           4  usart.o(.data)
    i                                        0x20000058   Data           4  usart.o(.data)
    .data                                    0x20000060   Section        2  control.o(.data)
    .data                                    0x20000064   Section       62  main.o(.data)
    .data                                    0x200000a4   Section       20  system_stm32f10x.o(.data)
    .bss                                     0x200000b8   Section     1024  oled.o(.bss)
    .bss                                     0x200004b8   Section        9  ps2.o(.bss)
    .bss                                     0x200004c1   Section      500  main.o(.bss)
    .bss                                     0x200006b8   Section       96  libspace.o(.bss)
    HEAP                                     0x20000718   Section      512  startup_stm32f10x_hd.o(HEAP)
    Heap_Mem                                 0x20000718   Data         512  startup_stm32f10x_hd.o(HEAP)
    STACK                                    0x20000918   Section     1024  startup_stm32f10x_hd.o(STACK)
    Stack_Mem                                0x20000918   Data        1024  startup_stm32f10x_hd.o(STACK)
    __initial_sp                             0x20000d18   Data           0  startup_stm32f10x_hd.o(STACK)

    Global Symbols

    Symbol Name                              Value     Ov Type        Size  Object(Section)

    BuildAttributes$$THM_ISAv4$P$D$K$B$S$PE$A:L22UL41UL21$X:L11$S22US41US21$IEEE1$IW$USESV6$~STKCKD$USESV7$~SHL$OSPACE$ROPI$EBA8$UX$STANDARDLIB$REQ8$PRES8$EABIv2 0x00000000   Number         0  anon$$obj.o ABSOLUTE
    __ARM_use_no_argv                        0x00000000   Number         0  main.o ABSOLUTE
    __ARM_exceptions_init                     - Undefined Weak Reference
    __alloca_initialize                       - Undefined Weak Reference
    __cpp_initialize__aeabi_                  - Undefined Weak Reference
    __cxa_finalize                            - Undefined Weak Reference
    __sigvec_lookup                           - Undefined Weak Reference
    _atexit_init                              - Undefined Weak Reference
    _call_atexit_fns                          - Undefined Weak Reference
    _clock_init                               - Undefined Weak Reference
    _fp_trap_init                             - Undefined Weak Reference
    _fp_trap_shutdown                         - Undefined Weak Reference
    _get_lc_collate                           - Undefined Weak Reference
    _get_lc_monetary                          - Undefined Weak Reference
    _get_lc_numeric                           - Undefined Weak Reference
    _get_lc_time                              - Undefined Weak Reference
    _getenv_init                              - Undefined Weak Reference
    _handle_redirection                       - Undefined Weak Reference
    _init_alloc                               - Undefined Weak Reference
    _init_user_alloc                          - Undefined Weak Reference
    _initio                                   - Undefined Weak Reference
    _rand_init                                - Undefined Weak Reference
    _signal_finish                            - Undefined Weak Reference
    _signal_init                              - Undefined Weak Reference
    _terminate_alloc                          - Undefined Weak Reference
    _terminate_user_alloc                     - Undefined Weak Reference
    _terminateio                              - Undefined Weak Reference
    __Vectors_Size                           0x00000130   Number         0  startup_stm32f10x_hd.o ABSOLUTE
    __Vectors                                0x08000000   Data           4  startup_stm32f10x_hd.o(RESET)
    __Vectors_End                            0x08000130   Data           0  startup_stm32f10x_hd.o(RESET)
    __main                                   0x08000131   Thumb Code     8  __main.o(!!!main)
    __scatterload                            0x08000139   Thumb Code     0  __scatter.o(!!!scatter)
    __scatterload_rt2                        0x08000139   Thumb Code    44  __scatter.o(!!!scatter)
    __scatterload_rt2_thumb_only             0x08000139   Thumb Code     0  __scatter.o(!!!scatter)
    __scatterload_null                       0x08000147   Thumb Code     0  __scatter.o(!!!scatter)
    __scatterload_copy                       0x0800016d   Thumb Code    26  __scatter_copy.o(!!handler_copy)
    __scatterload_zeroinit                   0x08000189   Thumb Code    28  __scatter_zi.o(!!handler_zi)
    __rt_lib_init                            0x080001a5   Thumb Code     0  libinit.o(.ARM.Collect$$libinit$$00000000)
    __rt_lib_init_fp_1                       0x080001a7   Thumb Code     0  libinit2.o(.ARM.Collect$$libinit$$00000002)
    __rt_lib_init_heap_1                     0x080001a7   Thumb Code     0  libinit2.o(.ARM.Collect$$libinit$$00000008)
    __rt_lib_init_lc_common                  0x080001a7   Thumb Code     0  libinit2.o(.ARM.Collect$$libinit$$0000000D)
    __rt_lib_init_rand_1                     0x080001a7   Thumb Code     0  libinit2.o(.ARM.Collect$$libinit$$0000000C)
    __rt_lib_init_user_alloc_1               0x080001a7   Thumb Code     0  libinit2.o(.ARM.Collect$$libinit$$0000000A)
    __rt_lib_init_lc_collate_1               0x080001ad   Thumb Code     0  libinit2.o(.ARM.Collect$$libinit$$0000000F)
    __rt_lib_init_lc_ctype_2                 0x080001ad   Thumb Code     0  libinit2.o(.ARM.Collect$$libinit$$00000010)
    __rt_lib_init_alloca_1                   0x080001b9   Thumb Code     0  libinit2.o(.ARM.Collect$$libinit$$0000002C)
    __rt_lib_init_argv_1                     0x080001b9   Thumb Code     0  libinit2.o(.ARM.Collect$$libinit$$0000002A)
    __rt_lib_init_atexit_1                   0x080001b9   Thumb Code     0  libinit2.o(.ARM.Collect$$libinit$$00000019)
    __rt_lib_init_clock_1                    0x080001b9   Thumb Code     0  libinit2.o(.ARM.Collect$$libinit$$0000001F)
    __rt_lib_init_cpp_1                      0x080001b9   Thumb Code     0  libinit2.o(.ARM.Collect$$libinit$$00000030)
    __rt_lib_init_exceptions_1               0x080001b9   Thumb Code     0  libinit2.o(.ARM.Collect$$libinit$$0000002E)
    __rt_lib_init_fp_trap_1                  0x080001b9   Thumb Code     0  libinit2.o(.ARM.Collect$$libinit$$0000001D)
    __rt_lib_init_getenv_1                   0x080001b9   Thumb Code     0  libinit2.o(.ARM.Collect$$libinit$$00000021)
    __rt_lib_init_lc_ctype_1                 0x080001b9   Thumb Code     0  libinit2.o(.ARM.Collect$$libinit$$00000011)
    __rt_lib_init_lc_monetary_1              0x080001b9   Thumb Code     0  libinit2.o(.ARM.Collect$$libinit$$00000013)
    __rt_lib_init_lc_numeric_1               0x080001b9   Thumb Code     0  libinit2.o(.ARM.Collect$$libinit$$00000015)
    __rt_lib_init_lc_time_1                  0x080001b9   Thumb Code     0  libinit2.o(.ARM.Collect$$libinit$$00000017)
    __rt_lib_init_return                     0x080001b9   Thumb Code     0  libinit2.o(.ARM.Collect$$libinit$$00000031)
    __rt_lib_init_signal_1                   0x080001b9   Thumb Code     0  libinit2.o(.ARM.Collect$$libinit$$0000001B)
    __rt_lib_init_stdio_1                    0x080001b9   Thumb Code     0  libinit2.o(.ARM.Collect$$libinit$$00000023)
    __rt_lib_shutdown                        0x080001bb   Thumb Code     0  libshutdown.o(.ARM.Collect$$libshutdown$$00000000)
    __rt_lib_shutdown_fp_trap_1              0x080001bd   Thumb Code     0  libshutdown2.o(.ARM.Collect$$libshutdown$$00000006)
    __rt_lib_shutdown_heap_1                 0x080001bd   Thumb Code     0  libshutdown2.o(.ARM.Collect$$libshutdown$$0000000E)
    __rt_lib_shutdown_return                 0x080001bd   Thumb Code     0  libshutdown2.o(.ARM.Collect$$libshutdown$$0000000F)
    __rt_lib_shutdown_signal_1               0x080001bd   Thumb Code     0  libshutdown2.o(.ARM.Collect$$libshutdown$$00000009)
    __rt_lib_shutdown_stdio_1                0x080001bd   Thumb Code     0  libshutdown2.o(.ARM.Collect$$libshutdown$$00000003)
    __rt_lib_shutdown_user_alloc_1           0x080001bd   Thumb Code     0  libshutdown2.o(.ARM.Collect$$libshutdown$$0000000B)
    __rt_entry                               0x080001bf   Thumb Code     0  rtentry.o(.ARM.Collect$$rtentry$$00000000)
    __rt_entry_presh_1                       0x080001bf   Thumb Code     0  rtentry2.o(.ARM.Collect$$rtentry$$00000002)
    __rt_entry_sh                            0x080001bf   Thumb Code     0  rtentry4.o(.ARM.Collect$$rtentry$$00000004)
    __rt_entry_li                            0x080001c5   Thumb Code     0  rtentry2.o(.ARM.Collect$$rtentry$$0000000A)
    __rt_entry_postsh_1                      0x080001c5   Thumb Code     0  rtentry2.o(.ARM.Collect$$rtentry$$00000009)
    __rt_entry_main                          0x080001c9   Thumb Code     0  rtentry2.o(.ARM.Collect$$rtentry$$0000000D)
    __rt_entry_postli_1                      0x080001c9   Thumb Code     0  rtentry2.o(.ARM.Collect$$rtentry$$0000000C)
    __rt_exit                                0x080001d1   Thumb Code     0  rtexit.o(.ARM.Collect$$rtexit$$00000000)
    __rt_exit_ls                             0x080001d3   Thumb Code     0  rtexit2.o(.ARM.Collect$$rtexit$$00000003)
    __rt_exit_prels_1                        0x080001d3   Thumb Code     0  rtexit2.o(.ARM.Collect$$rtexit$$00000002)
    __rt_exit_exit                           0x080001d7   Thumb Code     0  rtexit2.o(.ARM.Collect$$rtexit$$00000004)
    Reset_Handler                            0x080001dd   Thumb Code     8  startup_stm32f10x_hd.o(.text)
    ADC1_2_IRQHandler                        0x080001f7   Thumb Code     0  startup_stm32f10x_hd.o(.text)
    ADC3_IRQHandler                          0x080001f7   Thumb Code     0  startup_stm32f10x_hd.o(.text)
    CAN1_RX1_IRQHandler                      0x080001f7   Thumb Code     0  startup_stm32f10x_hd.o(.text)
    CAN1_SCE_IRQHandler                      0x080001f7   Thumb Code     0  startup_stm32f10x_hd.o(.text)
    DMA1_Channel1_IRQHandler                 0x080001f7   Thumb Code     0  startup_stm32f10x_hd.o(.text)
    DMA1_Channel2_IRQHandler                 0x080001f7   Thumb Code     0  startup_stm32f10x_hd.o(.text)
    DMA1_Channel3_IRQHandler                 0x080001f7   Thumb Code     0  startup_stm32f10x_hd.o(.text)
    DMA1_Channel4_IRQHandler                 0x080001f7   Thumb Code     0  startup_stm32f10x_hd.o(.text)
    DMA1_Channel5_IRQHandler                 0x080001f7   Thumb Code     0  startup_stm32f10x_hd.o(.text)
    DMA1_Channel6_IRQHandler                 0x080001f7   Thumb Code     0  startup_stm32f10x_hd.o(.text)
    DMA1_Channel7_IRQHandler                 0x080001f7   Thumb Code     0  startup_stm32f10x_hd.o(.text)
    DMA2_Channel1_IRQHandler                 0x080001f7   Thumb Code     0  startup_stm32f10x_hd.o(.text)
    DMA2_Channel2_IRQHandler                 0x080001f7   Thumb Code     0  startup_stm32f10x_hd.o(.text)
    DMA2_Channel3_IRQHandler                 0x080001f7   Thumb Code     0  startup_stm32f10x_hd.o(.text)
    DMA2_Channel4_5_IRQHandler               0x080001f7   Thumb Code     0  startup_stm32f10x_hd.o(.text)
    EXTI15_10_IRQHandler                     0x080001f7   Thumb Code     0  startup_stm32f10x_hd.o(.text)
    EXTI2_IRQHandler                         0x080001f7   Thumb Code     0  startup_stm32f10x_hd.o(.text)
    EXTI3_IRQHandler                         0x080001f7   Thumb Code     0  startup_stm32f10x_hd.o(.text)
    EXTI4_IRQHandler                         0x080001f7   Thumb Code     0  startup_stm32f10x_hd.o(.text)
    EXTI9_5_IRQHandler                       0x080001f7   Thumb Code     0  startup_stm32f10x_hd.o(.text)
    FLASH_IRQHandler                         0x080001f7   Thumb Code     0  startup_stm32f10x_hd.o(.text)
    FSMC_IRQHandler                          0x080001f7   Thumb Code     0  startup_stm32f10x_hd.o(.text)
    I2C1_ER_IRQHandler                       0x080001f7   Thumb Code     0  startup_stm32f10x_hd.o(.text)
    I2C1_EV_IRQHandler                       0x080001f7   Thumb Code     0  startup_stm32f10x_hd.o(.text)
    I2C2_ER_IRQHandler                       0x080001f7   Thumb Code     0  startup_stm32f10x_hd.o(.text)
    I2C2_EV_IRQHandler                       0x080001f7   Thumb Code     0  startup_stm32f10x_hd.o(.text)
    PVD_IRQHandler                           0x080001f7   Thumb Code     0  startup_stm32f10x_hd.o(.text)
    RCC_IRQHandler                           0x080001f7   Thumb Code     0  startup_stm32f10x_hd.o(.text)
    RTCAlarm_IRQHandler                      0x080001f7   Thumb Code     0  startup_stm32f10x_hd.o(.text)
    RTC_IRQHandler                           0x080001f7   Thumb Code     0  startup_stm32f10x_hd.o(.text)
    SDIO_IRQHandler                          0x080001f7   Thumb Code     0  startup_stm32f10x_hd.o(.text)
    SPI1_IRQHandler                          0x080001f7   Thumb Code     0  startup_stm32f10x_hd.o(.text)
    SPI2_IRQHandler                          0x080001f7   Thumb Code     0  startup_stm32f10x_hd.o(.text)
    SPI3_IRQHandler                          0x080001f7   Thumb Code     0  startup_stm32f10x_hd.o(.text)
    TAMPER_IRQHandler                        0x080001f7   Thumb Code     0  startup_stm32f10x_hd.o(.text)
    TIM1_BRK_IRQHandler                      0x080001f7   Thumb Code     0  startup_stm32f10x_hd.o(.text)
    TIM1_CC_IRQHandler                       0x080001f7   Thumb Code     0  startup_stm32f10x_hd.o(.text)
    TIM1_TRG_COM_IRQHandler                  0x080001f7   Thumb Code     0  startup_stm32f10x_hd.o(.text)
    TIM1_UP_IRQHandler                       0x080001f7   Thumb Code     0  startup_stm32f10x_hd.o(.text)
    TIM4_IRQHandler                          0x080001f7   Thumb Code     0  startup_stm32f10x_hd.o(.text)
    TIM6_IRQHandler                          0x080001f7   Thumb Code     0  startup_stm32f10x_hd.o(.text)
    TIM7_IRQHandler                          0x080001f7   Thumb Code     0  startup_stm32f10x_hd.o(.text)
    TIM8_BRK_IRQHandler                      0x080001f7   Thumb Code     0  startup_stm32f10x_hd.o(.text)
    TIM8_CC_IRQHandler                       0x080001f7   Thumb Code     0  startup_stm32f10x_hd.o(.text)
    TIM8_TRG_COM_IRQHandler                  0x080001f7   Thumb Code     0  startup_stm32f10x_hd.o(.text)
    TIM8_UP_IRQHandler                       0x080001f7   Thumb Code     0  startup_stm32f10x_hd.o(.text)
    UART4_IRQHandler                         0x080001f7   Thumb Code     0  startup_stm32f10x_hd.o(.text)
    UART5_IRQHandler                         0x080001f7   Thumb Code     0  startup_stm32f10x_hd.o(.text)
    USBWakeUp_IRQHandler                     0x080001f7   Thumb Code     0  startup_stm32f10x_hd.o(.text)
    USB_HP_CAN1_TX_IRQHandler                0x080001f7   Thumb Code     0  startup_stm32f10x_hd.o(.text)
    USB_LP_CAN1_RX0_IRQHandler               0x080001f7   Thumb Code     0  startup_stm32f10x_hd.o(.text)
    WWDG_IRQHandler                          0x080001f7   Thumb Code     0  startup_stm32f10x_hd.o(.text)
    __user_initial_stackheap                 0x080001f9   Thumb Code     0  startup_stm32f10x_hd.o(.text)
    NVIC_PriorityGroupConfig                 0x0800021d   Thumb Code    10  misc.o(.text)
    NVIC_Init                                0x08000227   Thumb Code   102  misc.o(.text)
    NVIC_SetVectorTable                      0x0800028d   Thumb Code    14  misc.o(.text)
    NVIC_SystemLPConfig                      0x0800029b   Thumb Code    34  misc.o(.text)
    SysTick_CLKSourceConfig                  0x080002bd   Thumb Code    40  misc.o(.text)
    BKP_DeInit                               0x080002f9   Thumb Code    16  stm32f10x_bkp.o(.text)
    BKP_TamperPinLevelConfig                 0x08000309   Thumb Code     6  stm32f10x_bkp.o(.text)
    BKP_TamperPinCmd                         0x0800030f   Thumb Code     8  stm32f10x_bkp.o(.text)
    BKP_ITConfig                             0x08000317   Thumb Code     8  stm32f10x_bkp.o(.text)
    BKP_RTCOutputConfig                      0x0800031f   Thumb Code    22  stm32f10x_bkp.o(.text)
    BKP_SetRTCCalibrationValue               0x08000335   Thumb Code    22  stm32f10x_bkp.o(.text)
    BKP_WriteBackupRegister                  0x0800034b   Thumb Code    12  stm32f10x_bkp.o(.text)
    BKP_ReadBackupRegister                   0x08000357   Thumb Code    14  stm32f10x_bkp.o(.text)
    BKP_GetFlagStatus                        0x08000365   Thumb Code    10  stm32f10x_bkp.o(.text)
    BKP_ClearFlag                            0x0800036f   Thumb Code    18  stm32f10x_bkp.o(.text)
    BKP_GetITStatus                          0x08000381   Thumb Code    10  stm32f10x_bkp.o(.text)
    BKP_ClearITPendingBit                    0x0800038b   Thumb Code    18  stm32f10x_bkp.o(.text)
    EXTI_DeInit                              0x080003a5   Thumb Code    28  stm32f10x_exti.o(.text)
    EXTI_Init                                0x080003c1   Thumb Code   142  stm32f10x_exti.o(.text)
    EXTI_StructInit                          0x0800044f   Thumb Code    16  stm32f10x_exti.o(.text)
    EXTI_GenerateSWInterrupt                 0x0800045f   Thumb Code    16  stm32f10x_exti.o(.text)
    EXTI_GetFlagStatus                       0x0800046f   Thumb Code    22  stm32f10x_exti.o(.text)
    EXTI_ClearFlag                           0x08000485   Thumb Code     8  stm32f10x_exti.o(.text)
    EXTI_GetITStatus                         0x0800048d   Thumb Code    34  stm32f10x_exti.o(.text)
    EXTI_ClearITPendingBit                   0x080004af   Thumb Code     8  stm32f10x_exti.o(.text)
    GPIO_DeInit                              0x080004c1   Thumb Code   172  stm32f10x_gpio.o(.text)
    GPIO_AFIODeInit                          0x0800056d   Thumb Code    20  stm32f10x_gpio.o(.text)
    GPIO_Init                                0x08000581   Thumb Code   274  stm32f10x_gpio.o(.text)
    GPIO_StructInit                          0x08000693   Thumb Code    16  stm32f10x_gpio.o(.text)
    GPIO_ReadInputDataBit                    0x080006a3   Thumb Code    18  stm32f10x_gpio.o(.text)
    GPIO_ReadInputData                       0x080006b5   Thumb Code     8  stm32f10x_gpio.o(.text)
    GPIO_ReadOutputDataBit                   0x080006bd   Thumb Code    18  stm32f10x_gpio.o(.text)
    GPIO_ReadOutputData                      0x080006cf   Thumb Code     8  stm32f10x_gpio.o(.text)
    GPIO_SetBits                             0x080006d7   Thumb Code     4  stm32f10x_gpio.o(.text)
    GPIO_ResetBits                           0x080006db   Thumb Code     4  stm32f10x_gpio.o(.text)
    GPIO_WriteBit                            0x080006df   Thumb Code    10  stm32f10x_gpio.o(.text)
    GPIO_Write                               0x080006e9   Thumb Code     4  stm32f10x_gpio.o(.text)
    GPIO_PinLockConfig                       0x080006ed   Thumb Code    18  stm32f10x_gpio.o(.text)
    GPIO_EventOutputConfig                   0x080006ff   Thumb Code    26  stm32f10x_gpio.o(.text)
    GPIO_EventOutputCmd                      0x08000719   Thumb Code     6  stm32f10x_gpio.o(.text)
    GPIO_PinRemapConfig                      0x0800071f   Thumb Code   138  stm32f10x_gpio.o(.text)
    GPIO_EXTILineConfig                      0x080007a9   Thumb Code    66  stm32f10x_gpio.o(.text)
    GPIO_ETH_MediaInterfaceConfig            0x080007eb   Thumb Code     6  stm32f10x_gpio.o(.text)
    PWR_DeInit                               0x08000819   Thumb Code    22  stm32f10x_pwr.o(.text)
    PWR_BackupAccessCmd                      0x0800082f   Thumb Code     6  stm32f10x_pwr.o(.text)
    PWR_PVDCmd                               0x08000835   Thumb Code     6  stm32f10x_pwr.o(.text)
    PWR_PVDLevelConfig                       0x0800083b   Thumb Code    18  stm32f10x_pwr.o(.text)
    PWR_WakeUpPinCmd                         0x0800084d   Thumb Code     6  stm32f10x_pwr.o(.text)
    PWR_EnterSTOPMode                        0x08000853   Thumb Code    54  stm32f10x_pwr.o(.text)
    PWR_EnterSTANDBYMode                     0x08000889   Thumb Code    42  stm32f10x_pwr.o(.text)
    PWR_GetFlagStatus                        0x080008b3   Thumb Code    20  stm32f10x_pwr.o(.text)
    PWR_ClearFlag                            0x080008c7   Thumb Code    14  stm32f10x_pwr.o(.text)
    RCC_DeInit                               0x080008e5   Thumb Code    64  stm32f10x_rcc.o(.text)
    RCC_HSEConfig                            0x08000925   Thumb Code    70  stm32f10x_rcc.o(.text)
    RCC_GetFlagStatus                        0x0800096b   Thumb Code    56  stm32f10x_rcc.o(.text)
    RCC_WaitForHSEStartUp                    0x080009a3   Thumb Code    48  stm32f10x_rcc.o(.text)
    RCC_AdjustHSICalibrationValue            0x080009d3   Thumb Code    20  stm32f10x_rcc.o(.text)
    RCC_HSICmd                               0x080009e7   Thumb Code     6  stm32f10x_rcc.o(.text)
    RCC_PLLConfig                            0x080009ed   Thumb Code    24  stm32f10x_rcc.o(.text)
    RCC_PLLCmd                               0x08000a05   Thumb Code     6  stm32f10x_rcc.o(.text)
    RCC_SYSCLKConfig                         0x08000a0b   Thumb Code    18  stm32f10x_rcc.o(.text)
    RCC_GetSYSCLKSource                      0x08000a1d   Thumb Code    10  stm32f10x_rcc.o(.text)
    RCC_HCLKConfig                           0x08000a27   Thumb Code    18  stm32f10x_rcc.o(.text)
    RCC_PCLK1Config                          0x08000a39   Thumb Code    18  stm32f10x_rcc.o(.text)
    RCC_PCLK2Config                          0x08000a4b   Thumb Code    20  stm32f10x_rcc.o(.text)
    RCC_ITConfig                             0x08000a5f   Thumb Code    26  stm32f10x_rcc.o(.text)
    RCC_USBCLKConfig                         0x08000a79   Thumb Code     6  stm32f10x_rcc.o(.text)
    RCC_ADCCLKConfig                         0x08000a7f   Thumb Code    18  stm32f10x_rcc.o(.text)
    RCC_LSEConfig                            0x08000a91   Thumb Code    44  stm32f10x_rcc.o(.text)
    RCC_LSICmd                               0x08000abd   Thumb Code     6  stm32f10x_rcc.o(.text)
    RCC_RTCCLKConfig                         0x08000ac3   Thumb Code    12  stm32f10x_rcc.o(.text)
    RCC_RTCCLKCmd                            0x08000acf   Thumb Code     8  stm32f10x_rcc.o(.text)
    RCC_GetClocksFreq                        0x08000ad7   Thumb Code   192  stm32f10x_rcc.o(.text)
    RCC_AHBPeriphClockCmd                    0x08000b97   Thumb Code    26  stm32f10x_rcc.o(.text)
    RCC_APB2PeriphClockCmd                   0x08000bb1   Thumb Code    26  stm32f10x_rcc.o(.text)
    RCC_APB1PeriphClockCmd                   0x08000bcb   Thumb Code    26  stm32f10x_rcc.o(.text)
    RCC_APB2PeriphResetCmd                   0x08000be5   Thumb Code    26  stm32f10x_rcc.o(.text)
    RCC_APB1PeriphResetCmd                   0x08000bff   Thumb Code    26  stm32f10x_rcc.o(.text)
    RCC_BackupResetCmd                       0x08000c19   Thumb Code     8  stm32f10x_rcc.o(.text)
    RCC_ClockSecuritySystemCmd               0x08000c21   Thumb Code     6  stm32f10x_rcc.o(.text)
    RCC_MCOConfig                            0x08000c27   Thumb Code     6  stm32f10x_rcc.o(.text)
    RCC_ClearFlag                            0x08000c2d   Thumb Code    14  stm32f10x_rcc.o(.text)
    RCC_GetITStatus                          0x08000c3b   Thumb Code    20  stm32f10x_rcc.o(.text)
    RCC_ClearITPendingBit                    0x08000c4f   Thumb Code     6  stm32f10x_rcc.o(.text)
    TIM_DeInit                               0x08000c81   Thumb Code   424  stm32f10x_tim.o(.text)
    TIM_TimeBaseInit                         0x08000e29   Thumb Code   122  stm32f10x_tim.o(.text)
    TIM_OC1Init                              0x08000ea3   Thumb Code   132  stm32f10x_tim.o(.text)
    TIM_OC2Init                              0x08000f27   Thumb Code   154  stm32f10x_tim.o(.text)
    TIM_OC3Init                              0x08000fc1   Thumb Code   150  stm32f10x_tim.o(.text)
    TIM_OC4Init                              0x08001057   Thumb Code   182  stm32f10x_tim.o(.text)
    TIM_SetIC4Prescaler                      0x0800110d   Thumb Code    26  stm32f10x_tim.o(.text)
    TIM_SetIC3Prescaler                      0x080011a9   Thumb Code    18  stm32f10x_tim.o(.text)
    TIM_SetIC2Prescaler                      0x08001235   Thumb Code    26  stm32f10x_tim.o(.text)
    TIM_SetIC1Prescaler                      0x080012d1   Thumb Code    18  stm32f10x_tim.o(.text)
    TIM_ICInit                               0x0800134f   Thumb Code   150  stm32f10x_tim.o(.text)
    TIM_PWMIConfig                           0x080013e5   Thumb Code   124  stm32f10x_tim.o(.text)
    TIM_BDTRConfig                           0x08001461   Thumb Code    32  stm32f10x_tim.o(.text)
    TIM_TimeBaseStructInit                   0x08001481   Thumb Code    18  stm32f10x_tim.o(.text)
    TIM_OCStructInit                         0x08001493   Thumb Code    20  stm32f10x_tim.o(.text)
    TIM_ICStructInit                         0x080014a7   Thumb Code    18  stm32f10x_tim.o(.text)
    TIM_BDTRStructInit                       0x080014b9   Thumb Code    40  stm32f10x_tim.o(.text)
    TIM_Cmd                                  0x080014e1   Thumb Code    24  stm32f10x_tim.o(.text)
    TIM_CtrlPWMOutputs                       0x080014f9   Thumb Code    30  stm32f10x_tim.o(.text)
    TIM_ITConfig                             0x08001517   Thumb Code    18  stm32f10x_tim.o(.text)
    TIM_GenerateEvent                        0x08001529   Thumb Code     4  stm32f10x_tim.o(.text)
    TIM_DMAConfig                            0x0800152d   Thumb Code    10  stm32f10x_tim.o(.text)
    TIM_DMACmd                               0x08001537   Thumb Code    18  stm32f10x_tim.o(.text)
    TIM_InternalClockConfig                  0x08001549   Thumb Code    12  stm32f10x_tim.o(.text)
    TIM_SelectInputTrigger                   0x08001555   Thumb Code    18  stm32f10x_tim.o(.text)
    TIM_ITRxExternalClockConfig              0x08001567   Thumb Code    24  stm32f10x_tim.o(.text)
    TIM_TIxExternalClockConfig               0x0800157f   Thumb Code    62  stm32f10x_tim.o(.text)
    TIM_ETRConfig                            0x080015bd   Thumb Code    28  stm32f10x_tim.o(.text)
    TIM_ETRClockMode1Config                  0x080015d9   Thumb Code    54  stm32f10x_tim.o(.text)
    TIM_ETRClockMode2Config                  0x0800160f   Thumb Code    32  stm32f10x_tim.o(.text)
    TIM_PrescalerConfig                      0x0800162f   Thumb Code     6  stm32f10x_tim.o(.text)
    TIM_CounterModeConfig                    0x08001635   Thumb Code    18  stm32f10x_tim.o(.text)
    TIM_EncoderInterfaceConfig               0x08001647   Thumb Code    66  stm32f10x_tim.o(.text)
    TIM_ForcedOC1Config                      0x08001689   Thumb Code    18  stm32f10x_tim.o(.text)
    TIM_ForcedOC2Config                      0x0800169b   Thumb Code    26  stm32f10x_tim.o(.text)
    TIM_ForcedOC3Config                      0x080016b5   Thumb Code    18  stm32f10x_tim.o(.text)
    TIM_ForcedOC4Config                      0x080016c7   Thumb Code    26  stm32f10x_tim.o(.text)
    TIM_ARRPreloadConfig                     0x080016e1   Thumb Code    24  stm32f10x_tim.o(.text)
    TIM_SelectCOM                            0x080016f9   Thumb Code    24  stm32f10x_tim.o(.text)
    TIM_SelectCCDMA                          0x08001711   Thumb Code    24  stm32f10x_tim.o(.text)
    TIM_CCPreloadControl                     0x08001729   Thumb Code    24  stm32f10x_tim.o(.text)
    TIM_OC1PreloadConfig                     0x08001741   Thumb Code    18  stm32f10x_tim.o(.text)
    TIM_OC2PreloadConfig                     0x08001753   Thumb Code    26  stm32f10x_tim.o(.text)
    TIM_OC3PreloadConfig                     0x0800176d   Thumb Code    18  stm32f10x_tim.o(.text)
    TIM_OC4PreloadConfig                     0x0800177f   Thumb Code    26  stm32f10x_tim.o(.text)
    TIM_OC1FastConfig                        0x08001799   Thumb Code    18  stm32f10x_tim.o(.text)
    TIM_OC2FastConfig                        0x080017ab   Thumb Code    26  stm32f10x_tim.o(.text)
    TIM_OC3FastConfig                        0x080017c5   Thumb Code    18  stm32f10x_tim.o(.text)
    TIM_OC4FastConfig                        0x080017d7   Thumb Code    26  stm32f10x_tim.o(.text)
    TIM_ClearOC1Ref                          0x080017f1   Thumb Code    18  stm32f10x_tim.o(.text)
    TIM_ClearOC2Ref                          0x08001803   Thumb Code    24  stm32f10x_tim.o(.text)
    TIM_ClearOC3Ref                          0x0800181b   Thumb Code    18  stm32f10x_tim.o(.text)
    TIM_ClearOC4Ref                          0x0800182d   Thumb Code    24  stm32f10x_tim.o(.text)
    TIM_OC1PolarityConfig                    0x08001845   Thumb Code    18  stm32f10x_tim.o(.text)
    TIM_OC1NPolarityConfig                   0x08001857   Thumb Code    18  stm32f10x_tim.o(.text)
    TIM_OC2PolarityConfig                    0x08001869   Thumb Code    26  stm32f10x_tim.o(.text)
    TIM_OC2NPolarityConfig                   0x08001883   Thumb Code    26  stm32f10x_tim.o(.text)
    TIM_OC3PolarityConfig                    0x0800189d   Thumb Code    26  stm32f10x_tim.o(.text)
    TIM_OC3NPolarityConfig                   0x080018b7   Thumb Code    26  stm32f10x_tim.o(.text)
    TIM_OC4PolarityConfig                    0x080018d1   Thumb Code    26  stm32f10x_tim.o(.text)
    TIM_CCxCmd                               0x080018eb   Thumb Code    30  stm32f10x_tim.o(.text)
    TIM_CCxNCmd                              0x08001909   Thumb Code    30  stm32f10x_tim.o(.text)
    TIM_SelectOCxM                           0x08001927   Thumb Code    82  stm32f10x_tim.o(.text)
    TIM_UpdateDisableConfig                  0x08001979   Thumb Code    24  stm32f10x_tim.o(.text)
    TIM_UpdateRequestConfig                  0x08001991   Thumb Code    24  stm32f10x_tim.o(.text)
    TIM_SelectHallSensor                     0x080019a9   Thumb Code    24  stm32f10x_tim.o(.text)
    TIM_SelectOnePulseMode                   0x080019c1   Thumb Code    18  stm32f10x_tim.o(.text)
    TIM_SelectOutputTrigger                  0x080019d3   Thumb Code    18  stm32f10x_tim.o(.text)
    TIM_SelectSlaveMode                      0x080019e5   Thumb Code    18  stm32f10x_tim.o(.text)
    TIM_SelectMasterSlaveMode                0x080019f7   Thumb Code    18  stm32f10x_tim.o(.text)
    TIM_SetCounter                           0x08001a09   Thumb Code     4  stm32f10x_tim.o(.text)
    TIM_SetAutoreload                        0x08001a0d   Thumb Code     4  stm32f10x_tim.o(.text)
    TIM_SetCompare1                          0x08001a11   Thumb Code     4  stm32f10x_tim.o(.text)
    TIM_SetCompare2                          0x08001a15   Thumb Code     4  stm32f10x_tim.o(.text)
    TIM_SetCompare3                          0x08001a19   Thumb Code     4  stm32f10x_tim.o(.text)
    TIM_SetCompare4                          0x08001a1d   Thumb Code     6  stm32f10x_tim.o(.text)
    TIM_SetClockDivision                     0x08001a23   Thumb Code    18  stm32f10x_tim.o(.text)
    TIM_GetCapture1                          0x08001a35   Thumb Code     6  stm32f10x_tim.o(.text)
    TIM_GetCapture2                          0x08001a3b   Thumb Code     6  stm32f10x_tim.o(.text)
    TIM_GetCapture3                          0x08001a41   Thumb Code     6  stm32f10x_tim.o(.text)
    TIM_GetCapture4                          0x08001a47   Thumb Code     8  stm32f10x_tim.o(.text)
    TIM_GetCounter                           0x08001a4f   Thumb Code     6  stm32f10x_tim.o(.text)
    TIM_GetPrescaler                         0x08001a55   Thumb Code     6  stm32f10x_tim.o(.text)
    TIM_GetFlagStatus                        0x08001a5b   Thumb Code    18  stm32f10x_tim.o(.text)
    TIM_ClearFlag                            0x08001a6d   Thumb Code     6  stm32f10x_tim.o(.text)
    TIM_GetITStatus                          0x08001a73   Thumb Code    34  stm32f10x_tim.o(.text)
    TIM_ClearITPendingBit                    0x08001a95   Thumb Code     6  stm32f10x_tim.o(.text)
    USART_DeInit                             0x08001a9d   Thumb Code   134  stm32f10x_usart.o(.text)
    USART_Init                               0x08001b23   Thumb Code   210  stm32f10x_usart.o(.text)
    USART_StructInit                         0x08001bf5   Thumb Code    24  stm32f10x_usart.o(.text)
    USART_ClockInit                          0x08001c0d   Thumb Code    34  stm32f10x_usart.o(.text)
    USART_ClockStructInit                    0x08001c2f   Thumb Code    12  stm32f10x_usart.o(.text)
    USART_Cmd                                0x08001c3b   Thumb Code    24  stm32f10x_usart.o(.text)
    USART_ITConfig                           0x08001c53   Thumb Code    74  stm32f10x_usart.o(.text)
    USART_DMACmd                             0x08001c9d   Thumb Code    18  stm32f10x_usart.o(.text)
    USART_SetAddress                         0x08001caf   Thumb Code    18  stm32f10x_usart.o(.text)
    USART_WakeUpConfig                       0x08001cc1   Thumb Code    18  stm32f10x_usart.o(.text)
    USART_ReceiverWakeUpCmd                  0x08001cd3   Thumb Code    24  stm32f10x_usart.o(.text)
    USART_LINBreakDetectLengthConfig         0x08001ceb   Thumb Code    18  stm32f10x_usart.o(.text)
    USART_LINCmd                             0x08001cfd   Thumb Code    24  stm32f10x_usart.o(.text)
    USART_SendData                           0x08001d15   Thumb Code     8  stm32f10x_usart.o(.text)
    USART_ReceiveData                        0x08001d1d   Thumb Code    10  stm32f10x_usart.o(.text)
    USART_SendBreak                          0x08001d27   Thumb Code    10  stm32f10x_usart.o(.text)
    USART_SetGuardTime                       0x08001d31   Thumb Code    16  stm32f10x_usart.o(.text)
    USART_SetPrescaler                       0x08001d41   Thumb Code    16  stm32f10x_usart.o(.text)
    USART_SmartCardCmd                       0x08001d51   Thumb Code    24  stm32f10x_usart.o(.text)
    USART_SmartCardNACKCmd                   0x08001d69   Thumb Code    24  stm32f10x_usart.o(.text)
    USART_HalfDuplexCmd                      0x08001d81   Thumb Code    24  stm32f10x_usart.o(.text)
    USART_OverSampling8Cmd                   0x08001d99   Thumb Code    22  stm32f10x_usart.o(.text)
    USART_OneBitMethodCmd                    0x08001daf   Thumb Code    24  stm32f10x_usart.o(.text)
    USART_IrDAConfig                         0x08001dc7   Thumb Code    18  stm32f10x_usart.o(.text)
    USART_IrDACmd                            0x08001dd9   Thumb Code    24  stm32f10x_usart.o(.text)
    USART_GetFlagStatus                      0x08001df1   Thumb Code    26  stm32f10x_usart.o(.text)
    USART_ClearFlag                          0x08001e0b   Thumb Code    18  stm32f10x_usart.o(.text)
    USART_GetITStatus                        0x08001e1d   Thumb Code    84  stm32f10x_usart.o(.text)
    USART_ClearITPendingBit                  0x08001e71   Thumb Code    52  stm32f10x_usart.o(.text)
    Beep_Init                                0x08001ea5   Thumb Code    46  beep.o(.text)
    Beep_Test                                0x08001ed3   Thumb Code    36  beep.o(.text)
    N_Beep                                   0x08001ef7   Thumb Code    48  beep.o(.text)
    ASC_To_Valu                              0x08001f2d   Thumb Code    68  common.o(.text)
    u32tostr                                 0x08001f71   Thumb Code    86  common.o(.text)
    Is_Car_Front                             0x08001fc9   Thumb Code    36  control_app.o(.text)
    Is_Car_Back                              0x08001fed   Thumb Code    36  control_app.o(.text)
    Is_Car_Left                              0x08002011   Thumb Code    36  control_app.o(.text)
    Is_Car_Right                             0x08002035   Thumb Code    36  control_app.o(.text)
    Is_Car_Speed_Add                         0x08002059   Thumb Code    24  control_app.o(.text)
    Is_Car_Speed_Slow                        0x08002071   Thumb Code    24  control_app.o(.text)
    Is_Car_KD                                0x08002089   Thumb Code    24  control_app.o(.text)
    Is_Car_horning                           0x080020a1   Thumb Code    24  control_app.o(.text)
    Is_Car_Nohorning                         0x080020b9   Thumb Code    24  control_app.o(.text)
    Is_Car_ZDY                               0x080020d1   Thumb Code    24  control_app.o(.text)
    Is_Car_Stop                              0x080020e9   Thumb Code   126  control_app.o(.text)
    Is_Duoji_Angle                           0x08002167   Thumb Code    24  control_app.o(.text)
    Is_Duoji1_Angle                          0x0800217f   Thumb Code    24  control_app.o(.text)
    Is_Duoji2_Angle                          0x08002197   Thumb Code    24  control_app.o(.text)
    Is_Duoji3_Angle                          0x080021af   Thumb Code    24  control_app.o(.text)
    Is_Duoji4_Angle                          0x080021c7   Thumb Code    24  control_app.o(.text)
    Is_Duoji5_Angle                          0x080021df   Thumb Code    24  control_app.o(.text)
    Is_Zhongli                               0x080021f7   Thumb Code    24  control_app.o(.text)
    DJ_angle_control                         0x0800220f   Thumb Code    44  control_app.o(.text)
    DJ_angle_control_1                       0x0800223b   Thumb Code    44  control_app.o(.text)
    DJ_angle_control_2                       0x08002267   Thumb Code    44  control_app.o(.text)
    DJ_angle_control_3                       0x08002293   Thumb Code    44  control_app.o(.text)
    DJ_angle_control_4                       0x080022bf   Thumb Code    44  control_app.o(.text)
    DJ_angle_control_5                       0x080022eb   Thumb Code    44  control_app.o(.text)
    Servor_parse                             0x08002317   Thumb Code   510  control_app.o(.text)
    OneLine                                  0x08002515   Thumb Code   468  control_app.o(.text)
    App_control                              0x080026e9   Thumb Code   410  control_app.o(.text)
    App_control_car                          0x08002883   Thumb Code    22  control_app.o(.text)
    Encoder_Init_TIM3                        0x080028b9   Thumb Code   148  encoder.o(.text)
    Encoder_Init_TIM_Exit0                   0x0800294d   Thumb Code   106  encoder.o(.text)
    Encoder_Init_TIM_Exit1                   0x080029b7   Thumb Code   102  encoder.o(.text)
    Read_Encoder                             0x08002a1d   Thumb Code    70  encoder.o(.text)
    TIM3_IRQHandler                          0x08002a63   Thumb Code    30  encoder.o(.text)
    EXTI1_IRQHandler                         0x08002a81   Thumb Code    74  encoder.o(.text)
    EXTI0_IRQHandler                         0x08002acb   Thumb Code    72  encoder.o(.text)
    LED_Init                                 0x08002b31   Thumb Code    46  led.o(.text)
    Led_Test                                 0x08002b5f   Thumb Code    68  led.o(.text)
    Motor_Gpio_init                          0x08002ba9   Thumb Code    48  motor.o(.text)
    PWM2_Init                                0x08002bd9   Thumb Code   216  motor.o(.text)
    Set_Pwm_Motor1                           0x08002cb1   Thumb Code    34  motor.o(.text)
    Set_Pwm_Motor2                           0x08002cd3   Thumb Code    34  motor.o(.text)
    OLED_WR_Byte                             0x08002cfd   Thumb Code    88  oled.o(.text)
    OLED_Refresh_Gram                        0x08002d55   Thumb Code    70  oled.o(.text)
    OLED_Display_On                          0x08002d9b   Thumb Code    28  oled.o(.text)
    OLED_Display_Off                         0x08002db7   Thumb Code    28  oled.o(.text)
    OLED_Clear                               0x08002dd3   Thumb Code    42  oled.o(.text)
    OLED_DrawPoint                           0x08002dfd   Thumb Code   100  oled.o(.text)
    OLED_ShowChar                            0x08002e61   Thumb Code   158  oled.o(.text)
    oled_pow                                 0x08002eff   Thumb Code    22  oled.o(.text)
    OLED_ShowNumber                          0x08002f15   Thumb Code   148  oled.o(.text)
    OLED_ShowString                          0x08002fa9   Thumb Code    68  oled.o(.text)
    OLED_Init                                0x08002fed   Thumb Code   390  oled.o(.text)
    PS2_Init                                 0x08003175   Thumb Code    70  ps2.o(.text)
    PS2_Cmd                                  0x080031bb   Thumb Code   104  ps2.o(.text)
    PS2_RedLight                             0x08003223   Thumb Code    48  ps2.o(.text)
    PS2_ReadData                             0x08003253   Thumb Code   120  ps2.o(.text)
    PS2_ClearData                            0x080032cb   Thumb Code    20  ps2.o(.text)
    PS2_DataKey                              0x080032df   Thumb Code    94  ps2.o(.text)
    PS2_AnologData                           0x0800333d   Thumb Code     8  ps2.o(.text)
    Servor_GPIO_Config                       0x08003375   Thumb Code    40  servor.o(.text)
    Flip_GPIO_One                            0x0800339d   Thumb Code   398  servor.o(.text)
    Servo1                                   0x0800352b   Thumb Code    18  servor.o(.text)
    TIM2_NVIC_Configuration                  0x08003549   Thumb Code    40  timer.o(.text)
    TIM3_NVIC_Configuration                  0x08003571   Thumb Code    40  timer.o(.text)
    TIM4_NVIC_Configuration                  0x08003599   Thumb Code    42  timer.o(.text)
    TIM5_NVIC_Configuration                  0x080035c3   Thumb Code    42  timer.o(.text)
    TIM2_Configuration                       0x080035ed   Thumb Code    86  timer.o(.text)
    TIM4_Configuration                       0x08003643   Thumb Code    80  timer.o(.text)
    TIM5_Configuration                       0x08003693   Thumb Code    76  timer.o(.text)
    Timer_Init                               0x080036df   Thumb Code    24  timer.o(.text)
    Timer_ON                                 0x080036f7   Thumb Code    20  timer.o(.text)
    Timer_OFF                                0x0800370b   Thumb Code    22  timer.o(.text)
    SysTick_Init                             0x08003729   Thumb Code   106  delay.o(.text)
    Delay_us                                 0x08003793   Thumb Code    28  delay.o(.text)
    Delay_ms                                 0x080037af   Thumb Code    30  delay.o(.text)
    oled_show                                0x080037dd   Thumb Code   306  show.o(.text)
    _sys_exit                                0x08003991   Thumb Code     6  usart.o(.text)
    fputc                                    0x08003997   Thumb Code    22  usart.o(.text)
    Uart1_NVIC_Init                          0x080039ad   Thumb Code    42  usart.o(.text)
    Uart2_NVIC_Init                          0x080039d7   Thumb Code    38  usart.o(.text)
    Uart3_NVIC_Init                          0x080039fd   Thumb Code    42  usart.o(.text)
    Uart1_Gpio_Config                        0x08003a27   Thumb Code    64  usart.o(.text)
    Uart2_Gpio_Config                        0x08003a67   Thumb Code    66  usart.o(.text)
    Uart3_Gpio_Config                        0x08003aa9   Thumb Code    70  usart.o(.text)
    Uart_Init                                0x08003aef   Thumb Code    46  usart.o(.text)
    USART_Config                             0x08003b1d   Thumb Code    62  usart.o(.text)
    uart_init                                0x08003b5b   Thumb Code   162  usart.o(.text)
    UART_PutChar                             0x08003bfd   Thumb Code    30  usart.o(.text)
    UART_PutStr                              0x08003c1b   Thumb Code    34  usart.o(.text)
    UART_Put_Num                             0x08003c3d   Thumb Code    34  usart.o(.text)
    UART_Put_Inf                             0x08003c5f   Thumb Code    30  usart.o(.text)
    USART1_IRQHandler                        0x08003c7d   Thumb Code   104  usart.o(.text)
    USART2_IRQHandler                        0x08003ce5   Thumb Code    26  usart.o(.text)
    USART3_IRQHandler                        0x08003cff   Thumb Code   114  usart.o(.text)
    TIM5_IRQHandler                          0x08003d99   Thumb Code   168  control.o(.text)
    scan_ps2                                 0x08003e6d   Thumb Code   452  main.o(.text)
    main                                     0x08004031   Thumb Code   144  main.o(.text)
    NMI_Handler                              0x080040f9   Thumb Code     2  stm32f10x_it.o(.text)
    HardFault_Handler                        0x080040fb   Thumb Code     4  stm32f10x_it.o(.text)
    MemManage_Handler                        0x080040ff   Thumb Code     4  stm32f10x_it.o(.text)
    BusFault_Handler                         0x08004103   Thumb Code     4  stm32f10x_it.o(.text)
    UsageFault_Handler                       0x08004107   Thumb Code     4  stm32f10x_it.o(.text)
    SVC_Handler                              0x0800410b   Thumb Code     2  stm32f10x_it.o(.text)
    DebugMon_Handler                         0x0800410d   Thumb Code     2  stm32f10x_it.o(.text)
    PendSV_Handler                           0x0800410f   Thumb Code     2  stm32f10x_it.o(.text)
    SysTick_Handler                          0x08004111   Thumb Code     2  stm32f10x_it.o(.text)
    TIM2_IRQHandler                          0x08004113   Thumb Code    34  stm32f10x_it.o(.text)
    SystemInit                               0x080041fd   Thumb Code    78  system_stm32f10x.o(.text)
    SystemCoreClockUpdate                    0x0800424b   Thumb Code   142  system_stm32f10x.o(.text)
    __use_no_semihosting                     0x080042fd   Thumb Code     2  use_no_semi_2.o(.text)
    atol                                     0x080042ff   Thumb Code    26  atol.o(.text)
    strchr                                   0x08004319   Thumb Code    20  strchr.o(.text)
    strstr                                   0x0800432d   Thumb Code    36  strstr.o(.text)
    strncmp                                  0x08004351   Thumb Code   150  strncmp.o(.text)
    __aeabi_memclr4                          0x080043e7   Thumb Code     0  rt_memclr_w.o(.text)
    __aeabi_memclr8                          0x080043e7   Thumb Code     0  rt_memclr_w.o(.text)
    __rt_memclr_w                            0x080043e7   Thumb Code    78  rt_memclr_w.o(.text)
    _memset_w                                0x080043eb   Thumb Code     0  rt_memclr_w.o(.text)
    __use_two_region_memory                  0x08004435   Thumb Code     2  heapauxi.o(.text)
    __rt_heap_escrow$2region                 0x08004437   Thumb Code     2  heapauxi.o(.text)
    __rt_heap_expand$2region                 0x08004439   Thumb Code     2  heapauxi.o(.text)
    __I$use$semihosting                      0x0800443b   Thumb Code     0  use_no_semi.o(.text)
    __use_no_semihosting_swi                 0x0800443b   Thumb Code     2  use_no_semi.o(.text)
    __aeabi_errno_addr                       0x0800443d   Thumb Code     8  rt_errno_addr_intlibspace.o(.text)
    __errno$intlibspace                      0x0800443d   Thumb Code     0  rt_errno_addr_intlibspace.o(.text)
    __rt_errno_addr$intlibspace              0x0800443d   Thumb Code     0  rt_errno_addr_intlibspace.o(.text)
    strtol                                   0x08004445   Thumb Code   112  strtol.o(.text)
    __user_libspace                          0x080044b5   Thumb Code     8  libspace.o(.text)
    __user_perproc_libspace                  0x080044b5   Thumb Code     0  libspace.o(.text)
    __user_perthread_libspace                0x080044b5   Thumb Code     0  libspace.o(.text)
    __rt_ctype_table                         0x080044bd   Thumb Code    16  rt_ctype_table.o(.text)
    _strtoul                                 0x080044cd   Thumb Code   158  _strtoul.o(.text)
    __user_setup_stackheap                   0x0800456b   Thumb Code    74  sys_stackheap_outer.o(.text)
    __rt_locale                              0x080045b5   Thumb Code     8  rt_locale_intlibspace.o(.text)
    _chval                                   0x080045bd   Thumb Code    28  _chval.o(.text)
    exit                                     0x080045d9   Thumb Code    12  exit.o(.text)
    strcmp                                   0x080045e5   Thumb Code   128  strcmpv7m.o(.text)
    _get_lc_ctype                            0x08004665   Thumb Code    44  lc_ctype_c.o(locale$$code)
    oled_asc2_1206                           0x08004690   Data        1140  oled.o(.constdata)
    oled_asc2_1608                           0x08004b04   Data        1520  oled.o(.constdata)
    Region$$Table$$Base                      0x080050f4   Number         0  anon$$obj.o(Region$$Table)
    Region$$Table$$Limit                     0x08005114   Number         0  anon$$obj.o(Region$$Table)
    __ctype                                  0x08005121   Data           0  lc_ctype_c.o(locale$$data)
    UartRec                                  0x20000014   Data          16  control_app.o(.data)
    pwm_num                                  0x20000024   Data           4  control_app.o(.data)
    Comd                                     0x20000028   Data           2  ps2.o(.data)
    MASK                                     0x2000002a   Data          32  ps2.o(.data)
    Handkey                                  0x2000004c   Data           2  ps2.o(.data)
    count1                                   0x2000004e   Data           1  servor.o(.data)
    flag_RecFul                              0x20000050   Data           1  usart.o(.data)
    __stdout                                 0x2000005c   Data           4  usart.o(.data)
    time                                     0x20000060   Data           1  control.o(.data)
    led_time                                 0x20000061   Data           1  control.o(.data)
    CPWM                                     0x20000064   Data          18  main.o(.data)
    adc_value                                0x20000076   Data           2  main.o(.data)
    flag_scan_ps2                            0x20000078   Data           1  main.o(.data)
    LX_AD                                    0x20000079   Data           1  main.o(.data)
    LY_AD                                    0x2000007a   Data           1  main.o(.data)
    RX_AD                                    0x2000007b   Data           1  main.o(.data)
    RY_AD                                    0x2000007c   Data           1  main.o(.data)
    Motor_Pwm                                0x20000080   Data           4  main.o(.data)
    ps2_mode                                 0x20000084   Data           1  main.o(.data)
    menu                                     0x20000085   Data           1  main.o(.data)
    value                                    0x20000088   Data           4  main.o(.data)
    key                                      0x2000008c   Data           4  main.o(.data)
    key_bak                                  0x20000090   Data           4  main.o(.data)
    Encoder_Left                             0x20000094   Data           4  main.o(.data)
    Encoder_Right                            0x20000098   Data           4  main.o(.data)
    Encoder_A_EXTI                           0x2000009c   Data           4  main.o(.data)
    delay_50                                 0x200000a0   Data           1  main.o(.data)
    delay_flag                               0x200000a1   Data           1  main.o(.data)
    SystemCoreClock                          0x200000a4   Data           4  system_stm32f10x.o(.data)
    AHBPrescTable                            0x200000a8   Data          16  system_stm32f10x.o(.data)
    OLED_GRAM                                0x200000b8   Data        1024  oled.o(.bss)
    Data                                     0x200004b8   Data           9  ps2.o(.bss)
    redata                                   0x200004c1   Data         500  main.o(.bss)
    __libspace_start                         0x200006b8   Data          96  libspace.o(.bss)
    __temporary_stack_top$libspace           0x20000718   Data           0  libspace.o(.bss)



==============================================================================

Memory Map of the image

  Image Entry point : 0x08000131

  Load Region LR_IROM1 (Base: 0x08000000, Size: 0x000052dc, Max: 0x00040000, ABSOLUTE)

    Execution Region ER_IROM1 (Base: 0x08000000, Size: 0x00005224, Max: 0x00040000, ABSOLUTE)

    Base Addr    Size         Type   Attr      Idx    E Section Name        Object

    0x08000000   0x00000130   Data   RO           19    RESET               startup_stm32f10x_hd.o
    0x08000130   0x00000008   Code   RO          926  * !!!main             c_w.l(__main.o)
    0x08000138   0x00000034   Code   RO         1143    !!!scatter          c_w.l(__scatter.o)
    0x0800016c   0x0000001a   Code   RO         1145    !!handler_copy      c_w.l(__scatter_copy.o)
    0x08000186   0x00000002   PAD
    0x08000188   0x0000001c   Code   RO         1147    !!handler_zi        c_w.l(__scatter_zi.o)
    0x080001a4   0x00000002   Code   RO          991    .ARM.Collect$$libinit$$00000000  c_w.l(libinit.o)
    0x080001a6   0x00000000   Code   RO         1023    .ARM.Collect$$libinit$$00000002  c_w.l(libinit2.o)
    0x080001a6   0x00000000   Code   RO         1026    .ARM.Collect$$libinit$$00000008  c_w.l(libinit2.o)
    0x080001a6   0x00000000   Code   RO         1028    .ARM.Collect$$libinit$$0000000A  c_w.l(libinit2.o)
    0x080001a6   0x00000000   Code   RO         1030    .ARM.Collect$$libinit$$0000000C  c_w.l(libinit2.o)
    0x080001a6   0x00000006   Code   RO         1031    .ARM.Collect$$libinit$$0000000D  c_w.l(libinit2.o)
    0x080001ac   0x00000000   Code   RO         1033    .ARM.Collect$$libinit$$0000000F  c_w.l(libinit2.o)
    0x080001ac   0x0000000c   Code   RO         1034    .ARM.Collect$$libinit$$00000010  c_w.l(libinit2.o)
    0x080001b8   0x00000000   Code   RO         1035    .ARM.Collect$$libinit$$00000011  c_w.l(libinit2.o)
    0x080001b8   0x00000000   Code   RO         1037    .ARM.Collect$$libinit$$00000013  c_w.l(libinit2.o)
    0x080001b8   0x00000000   Code   RO         1039    .ARM.Collect$$libinit$$00000015  c_w.l(libinit2.o)
    0x080001b8   0x00000000   Code   RO         1041    .ARM.Collect$$libinit$$00000017  c_w.l(libinit2.o)
    0x080001b8   0x00000000   Code   RO         1043    .ARM.Collect$$libinit$$00000019  c_w.l(libinit2.o)
    0x080001b8   0x00000000   Code   RO         1045    .ARM.Collect$$libinit$$0000001B  c_w.l(libinit2.o)
    0x080001b8   0x00000000   Code   RO         1047    .ARM.Collect$$libinit$$0000001D  c_w.l(libinit2.o)
    0x080001b8   0x00000000   Code   RO         1049    .ARM.Collect$$libinit$$0000001F  c_w.l(libinit2.o)
    0x080001b8   0x00000000   Code   RO         1051    .ARM.Collect$$libinit$$00000021  c_w.l(libinit2.o)
    0x080001b8   0x00000000   Code   RO         1053    .ARM.Collect$$libinit$$00000023  c_w.l(libinit2.o)
    0x080001b8   0x00000000   Code   RO         1057    .ARM.Collect$$libinit$$0000002A  c_w.l(libinit2.o)
    0x080001b8   0x00000000   Code   RO         1059    .ARM.Collect$$libinit$$0000002C  c_w.l(libinit2.o)
    0x080001b8   0x00000000   Code   RO         1061    .ARM.Collect$$libinit$$0000002E  c_w.l(libinit2.o)
    0x080001b8   0x00000000   Code   RO         1063    .ARM.Collect$$libinit$$00000030  c_w.l(libinit2.o)
    0x080001b8   0x00000002   Code   RO         1064    .ARM.Collect$$libinit$$00000031  c_w.l(libinit2.o)
    0x080001ba   0x00000002   Code   RO         1086    .ARM.Collect$$libshutdown$$00000000  c_w.l(libshutdown.o)
    0x080001bc   0x00000000   Code   RO         1097    .ARM.Collect$$libshutdown$$00000003  c_w.l(libshutdown2.o)
    0x080001bc   0x00000000   Code   RO         1100    .ARM.Collect$$libshutdown$$00000006  c_w.l(libshutdown2.o)
    0x080001bc   0x00000000   Code   RO         1103    .ARM.Collect$$libshutdown$$00000009  c_w.l(libshutdown2.o)
    0x080001bc   0x00000000   Code   RO         1105    .ARM.Collect$$libshutdown$$0000000B  c_w.l(libshutdown2.o)
    0x080001bc   0x00000000   Code   RO         1108    .ARM.Collect$$libshutdown$$0000000E  c_w.l(libshutdown2.o)
    0x080001bc   0x00000002   Code   RO         1109    .ARM.Collect$$libshutdown$$0000000F  c_w.l(libshutdown2.o)
    0x080001be   0x00000000   Code   RO          930    .ARM.Collect$$rtentry$$00000000  c_w.l(rtentry.o)
    0x080001be   0x00000000   Code   RO          942    .ARM.Collect$$rtentry$$00000002  c_w.l(rtentry2.o)
    0x080001be   0x00000006   Code   RO          954    .ARM.Collect$$rtentry$$00000004  c_w.l(rtentry4.o)
    0x080001c4   0x00000000   Code   RO          944    .ARM.Collect$$rtentry$$00000009  c_w.l(rtentry2.o)
    0x080001c4   0x00000004   Code   RO          945    .ARM.Collect$$rtentry$$0000000A  c_w.l(rtentry2.o)
    0x080001c8   0x00000000   Code   RO          947    .ARM.Collect$$rtentry$$0000000C  c_w.l(rtentry2.o)
    0x080001c8   0x00000008   Code   RO          948    .ARM.Collect$$rtentry$$0000000D  c_w.l(rtentry2.o)
    0x080001d0   0x00000002   Code   RO          992    .ARM.Collect$$rtexit$$00000000  c_w.l(rtexit.o)
    0x080001d2   0x00000000   Code   RO         1066    .ARM.Collect$$rtexit$$00000002  c_w.l(rtexit2.o)
    0x080001d2   0x00000004   Code   RO         1067    .ARM.Collect$$rtexit$$00000003  c_w.l(rtexit2.o)
    0x080001d6   0x00000006   Code   RO         1068    .ARM.Collect$$rtexit$$00000004  c_w.l(rtexit2.o)
    0x080001dc   0x00000040   Code   RO           20    .text               startup_stm32f10x_hd.o
    0x0800021c   0x000000dc   Code   RO           24    .text               misc.o
    0x080002f8   0x000000ac   Code   RO           89    .text               stm32f10x_bkp.o
    0x080003a4   0x0000011c   Code   RO          191    .text               stm32f10x_exti.o
    0x080004c0   0x00000358   Code   RO          233    .text               stm32f10x_gpio.o
    0x08000818   0x000000cc   Code   RO          275    .text               stm32f10x_pwr.o
    0x080008e4   0x0000039c   Code   RO          290    .text               stm32f10x_rcc.o
    0x08000c80   0x00000e1a   Code   RO          346    .text               stm32f10x_tim.o
    0x08001a9a   0x00000002   PAD
    0x08001a9c   0x00000408   Code   RO          358    .text               stm32f10x_usart.o
    0x08001ea4   0x00000088   Code   RO          403    .text               beep.o
    0x08001f2c   0x0000009a   Code   RO          421    .text               common.o
    0x08001fc6   0x00000002   PAD
    0x08001fc8   0x000008f0   Code   RO          436    .text               control_app.o
    0x080028b8   0x00000278   Code   RO          525    .text               encoder.o
    0x08002b30   0x00000078   Code   RO          556    .text               led.o
    0x08002ba8   0x00000154   Code   RO          571    .text               motor.o
    0x08002cfc   0x00000476   Code   RO          589    .text               oled.o
    0x08003172   0x00000002   PAD
    0x08003174   0x00000200   Code   RO          614    .text               ps2.o
    0x08003374   0x000001d4   Code   RO          636    .text               servor.o
    0x08003548   0x000001e0   Code   RO          662    .text               timer.o
    0x08003728   0x000000b4   Code   RO          677    .text               delay.o
    0x080037dc   0x000001b4   Code   RO          699    .text               show.o
    0x08003990   0x00000408   Code   RO          741    .text               usart.o
    0x08003d98   0x000000d4   Code   RO          765    .text               control.o
    0x08003e6c   0x0000028c   Code   RO          794    .text               main.o
    0x080040f8   0x0000003c   Code   RO          861    .text               stm32f10x_it.o
    0x08004134   0x000001c8   Code   RO          873    .text               system_stm32f10x.o
    0x080042fc   0x00000002   Code   RO          912    .text               c_w.l(use_no_semi_2.o)
    0x080042fe   0x0000001a   Code   RO          914    .text               c_w.l(atol.o)
    0x08004318   0x00000014   Code   RO          916    .text               c_w.l(strchr.o)
    0x0800432c   0x00000024   Code   RO          918    .text               c_w.l(strstr.o)
    0x08004350   0x00000096   Code   RO          920    .text               c_w.l(strncmp.o)
    0x080043e6   0x0000004e   Code   RO          922    .text               c_w.l(rt_memclr_w.o)
    0x08004434   0x00000006   Code   RO          924    .text               c_w.l(heapauxi.o)
    0x0800443a   0x00000002   Code   RO          928    .text               c_w.l(use_no_semi.o)
    0x0800443c   0x00000008   Code   RO          934    .text               c_w.l(rt_errno_addr_intlibspace.o)
    0x08004444   0x00000070   Code   RO          936    .text               c_w.l(strtol.o)
    0x080044b4   0x00000008   Code   RO          938    .text               c_w.l(libspace.o)
    0x080044bc   0x00000010   Code   RO          956    .text               c_w.l(rt_ctype_table.o)
    0x080044cc   0x0000009e   Code   RO          958    .text               c_w.l(_strtoul.o)
    0x0800456a   0x0000004a   Code   RO          960    .text               c_w.l(sys_stackheap_outer.o)
    0x080045b4   0x00000008   Code   RO          965    .text               c_w.l(rt_locale_intlibspace.o)
    0x080045bc   0x0000001c   Code   RO          967    .text               c_w.l(_chval.o)
    0x080045d8   0x0000000c   Code   RO          984    .text               c_w.l(exit.o)
    0x080045e4   0x00000080   Code   RO         1020    .text               c_w.l(strcmpv7m.o)
    0x08004664   0x0000002c   Code   RO          979    locale$$code        c_w.l(lc_ctype_c.o)
    0x08004690   0x00000a64   Data   RO          591    .constdata          oled.o
    0x080050f4   0x00000020   Data   RO         1141    Region$$Table       anon$$obj.o
    0x08005114   0x00000110   Data   RO          978    locale$$data        c_w.l(lc_ctype_c.o)


    Execution Region RW_IRAM1 (Base: 0x20000000, Size: 0x00000d18, Max: 0x0000c000, ABSOLUTE)

    Base Addr    Size         Type   Attr      Idx    E Section Name        Object

    0x20000000   0x00000014   Data   RW          291    .data               stm32f10x_rcc.o
    0x20000014   0x00000014   Data   RW          437    .data               control_app.o
    0x20000028   0x00000026   Data   RW          616    .data               ps2.o
    0x2000004e   0x00000001   Data   RW          637    .data               servor.o
    0x2000004f   0x00000001   PAD
    0x20000050   0x00000010   Data   RW          742    .data               usart.o
    0x20000060   0x00000002   Data   RW          766    .data               control.o
    0x20000062   0x00000002   PAD
    0x20000064   0x0000003e   Data   RW          796    .data               main.o
    0x200000a2   0x00000002   PAD
    0x200000a4   0x00000014   Data   RW          874    .data               system_stm32f10x.o
    0x200000b8   0x00000400   Zero   RW          590    .bss                oled.o
    0x200004b8   0x00000009   Zero   RW          615    .bss                ps2.o
    0x200004c1   0x000001f4   Zero   RW          795    .bss                main.o
    0x200006b5   0x00000003   PAD
    0x200006b8   0x00000060   Zero   RW          939    .bss                c_w.l(libspace.o)
    0x20000718   0x00000200   Zero   RW           18    HEAP                startup_stm32f10x_hd.o
    0x20000918   0x00000400   Zero   RW           17    STACK               startup_stm32f10x_hd.o


==============================================================================

Image component sizes


      Code (inc. data)   RO Data    RW Data    ZI Data      Debug   Object Name

       136          6          0          0          0        809   beep.o
       154         10          0          0          0        911   common.o
       212         44          0          2          0        886   control.o
      2288        280          0         20          0     244870   control_app.o
         0          0          0          0          0       4260   core_cm3.o
       180         16          0          0          0      16160   delay.o
       632         30          0          0          0       2029   encoder.o
       120          6          0          0          0        620   led.o
       652         68          0         62        500     206090   main.o
       220         20          0          0          0     251957   misc.o
       340          8          0          0          0       1326   motor.o
      1142         48       2660          0       1024       4415   oled.o
       512         48          0         38          9       2679   ps2.o
       468         30          0          1          0       1167   servor.o
       436        130          0          0          0        648   show.o
        64         26        304          0       1536        752   startup_stm32f10x_hd.o
       172          8          0          0          0       3264   stm32f10x_bkp.o
       284         10          0          0          0       2147   stm32f10x_exti.o
       856         40          0          0          0       5561   stm32f10x_gpio.o
        60          0          0          0          0       1446   stm32f10x_it.o
       204         16          0          0          0       1879   stm32f10x_pwr.o
       924         44          0         20          0       8704   stm32f10x_rcc.o
      3610         88          0          0          0      22044   stm32f10x_tim.o
      1032         22          0          0          0       8288   stm32f10x_usart.o
       456         36          0         20          0       1743   system_stm32f10x.o
       480          8          0          0          0       2113   timer.o
      1032         40          0         16          0       6002   usart.o

    ----------------------------------------------------------------------
     16672       1082       2996        184       3072     802770   Object Totals
         0          0         32          0          0          0   (incl. Generated)
         6          0          0          5          3          0   (incl. Padding)

    ----------------------------------------------------------------------

      Code (inc. data)   RO Data    RW Data    ZI Data      Debug   Library Member Name

         8          0          0          0          0         68   __main.o
        52          8          0          0          0          0   __scatter.o
        26          0          0          0          0          0   __scatter_copy.o
        28          0          0          0          0          0   __scatter_zi.o
        28          0          0          0          0         68   _chval.o
       158          0          0          0          0         92   _strtoul.o
        26          0          0          0          0         80   atol.o
        12          0          0          0          0         72   exit.o
         6          0          0          0          0        152   heapauxi.o
        44         10        272          0          0         76   lc_ctype_c.o
         2          0          0          0          0          0   libinit.o
        20          0          0          0          0          0   libinit2.o
         2          0          0          0          0          0   libshutdown.o
         2          0          0          0          0          0   libshutdown2.o
         8          4          0          0         96         68   libspace.o
        16          4          0          0          0         76   rt_ctype_table.o
         8          4          0          0          0         68   rt_errno_addr_intlibspace.o
         8          4          0          0          0         68   rt_locale_intlibspace.o
        78          0          0          0          0         80   rt_memclr_w.o
         0          0          0          0          0          0   rtentry.o
        12          0          0          0          0          0   rtentry2.o
         6          0          0          0          0          0   rtentry4.o
         2          0          0          0          0          0   rtexit.o
        10          0          0          0          0          0   rtexit2.o
        20          0          0          0          0         68   strchr.o
       128          0          0          0          0         68   strcmpv7m.o
       150          0          0          0          0         80   strncmp.o
        36          0          0          0          0         80   strstr.o
       112          0          0          0          0         88   strtol.o
        74          0          0          0          0         80   sys_stackheap_outer.o
         2          0          0          0          0         68   use_no_semi.o
         2          0          0          0          0         68   use_no_semi_2.o

    ----------------------------------------------------------------------
      1088         34        272          0         96       1568   Library Totals
         2          0          0          0          0          0   (incl. Padding)

    ----------------------------------------------------------------------

      Code (inc. data)   RO Data    RW Data    ZI Data      Debug   Library Name

      1086         34        272          0         96       1568   c_w.l

    ----------------------------------------------------------------------
      1088         34        272          0         96       1568   Library Totals

    ----------------------------------------------------------------------

==============================================================================


      Code (inc. data)   RO Data    RW Data    ZI Data      Debug   

     17760       1116       3268        184       3168     801062   Grand Totals
     17760       1116       3268        184       3168     801062   ELF Image Totals
     17760       1116       3268        184          0          0   ROM Totals

==============================================================================

    Total RO  Size (Code + RO Data)                21028 (  20.54kB)
    Total RW  Size (RW Data + ZI Data)              3352 (   3.27kB)
    Total ROM Size (Code + RO Data + RW Data)      21212 (  20.71kB)

==============================================================================

