Component: ARM Compiler 5.06 update 7 (build 960) Tool: armlink [4d3601]

==============================================================================

Section Cross References

    startup_stm32f10x_md.o(STACK) refers (Special) to heapauxi.o(.text) for __use_two_region_memory
    startup_stm32f10x_md.o(HEAP) refers (Special) to heapauxi.o(.text) for __use_two_region_memory
    startup_stm32f10x_md.o(RESET) refers (Special) to heapauxi.o(.text) for __use_two_region_memory
    startup_stm32f10x_md.o(RESET) refers to startup_stm32f10x_md.o(STACK) for __initial_sp
    startup_stm32f10x_md.o(RESET) refers to startup_stm32f10x_md.o(.text) for Reset_Handler
    startup_stm32f10x_md.o(RESET) refers to stm32f10x_it.o(.text) for NMI_Handler
    startup_stm32f10x_md.o(RESET) refers to control.o(.text) for TIM1_UP_IRQHandler
    startup_stm32f10x_md.o(RESET) refers to usart.o(.text) for USART1_IRQHandler
    startup_stm32f10x_md.o(.text) refers (Special) to heapauxi.o(.text) for __use_two_region_memory
    startup_stm32f10x_md.o(.text) refers to system_stm32f10x.o(.text) for SystemInit
    startup_stm32f10x_md.o(.text) refers to __main.o(!!!main) for __main
    startup_stm32f10x_md.o(.text) refers to startup_stm32f10x_md.o(HEAP) for Heap_Mem
    startup_stm32f10x_md.o(.text) refers to startup_stm32f10x_md.o(STACK) for Stack_Mem
    stm32f10x_adc.o(.text) refers to stm32f10x_rcc.o(.text) for RCC_APB2PeriphResetCmd
    stm32f10x_bkp.o(.text) refers to stm32f10x_rcc.o(.text) for RCC_BackupResetCmd
    stm32f10x_can.o(.text) refers to stm32f10x_rcc.o(.text) for RCC_APB1PeriphResetCmd
    stm32f10x_cec.o(.text) refers to stm32f10x_rcc.o(.text) for RCC_APB1PeriphResetCmd
    stm32f10x_dac.o(.text) refers to stm32f10x_rcc.o(.text) for RCC_APB1PeriphResetCmd
    stm32f10x_gpio.o(.text) refers to stm32f10x_rcc.o(.text) for RCC_APB2PeriphResetCmd
    stm32f10x_i2c.o(.text) refers to stm32f10x_rcc.o(.text) for RCC_APB1PeriphResetCmd
    stm32f10x_pwr.o(.text) refers to stm32f10x_rcc.o(.text) for RCC_APB1PeriphResetCmd
    stm32f10x_rcc.o(.text) refers to stm32f10x_rcc.o(.data) for APBAHBPrescTable
    stm32f10x_spi.o(.text) refers to stm32f10x_rcc.o(.text) for RCC_APB2PeriphResetCmd
    stm32f10x_tim.o(.text) refers to stm32f10x_rcc.o(.text) for RCC_APB2PeriphResetCmd
    stm32f10x_usart.o(.text) refers to stm32f10x_rcc.o(.text) for RCC_APB2PeriphResetCmd
    stm32f10x_wwdg.o(.text) refers to stm32f10x_rcc.o(.text) for RCC_APB1PeriphResetCmd
    adc.o(.text) refers to stm32f10x_rcc.o(.text) for RCC_APB2PeriphClockCmd
    adc.o(.text) refers to stm32f10x_gpio.o(.text) for GPIO_Init
    adc.o(.text) refers to stm32f10x_adc.o(.text) for ADC_DeInit
    adc.o(.text) refers to dflt_clz.o(x$fpl$dfltu) for __aeabi_ui2d
    adc.o(.text) refers to dmul.o(x$fpl$dmul) for __aeabi_dmul
    adc.o(.text) refers to ddiv.o(x$fpl$ddiv) for __aeabi_ddiv
    adc.o(.text) refers to dfix.o(x$fpl$dfix) for __aeabi_d2iz
    beep.o(.text) refers to stm32f10x_rcc.o(.text) for RCC_APB2PeriphClockCmd
    beep.o(.text) refers to stm32f10x_gpio.o(.text) for GPIO_Init
    beep.o(.text) refers to delay.o(.text) for Delay_ms
    common.o(.text) refers to rt_memclr_w.o(.text) for __aeabi_memclr4
    control_app.o(.text) refers to strncmp.o(.text) for strncmp
    control_app.o(.text) refers to common.o(.text) for ASC_To_Valu
    control_app.o(.text) refers to motor.o(.text) for Set_Pwm_Motor1
    control_app.o(.text) refers to stm32f10x_gpio.o(.text) for GPIO_ResetBits
    control_app.o(.text) refers to control_app.o(.data) for UartRec
    control_app.o(.text) refers to main.o(.data) for CPWM
    control_app.o(.text) refers to usart.o(.data) for flag_RecFul
    control_app.o(.text) refers to main.o(.bss) for redata
    key.o(.text) refers to stm32f10x_rcc.o(.text) for RCC_APB2PeriphClockCmd
    key.o(.text) refers to stm32f10x_gpio.o(.text) for GPIO_Init
    key.o(.text) refers to delay.o(.text) for Delay_ms
    led.o(.text) refers to stm32f10x_rcc.o(.text) for RCC_APB2PeriphClockCmd
    led.o(.text) refers to stm32f10x_gpio.o(.text) for GPIO_Init
    led.o(.text) refers to delay.o(.text) for Delay_ms
    motor.o(.text) refers to stm32f10x_rcc.o(.text) for RCC_APB2PeriphClockCmd
    motor.o(.text) refers to stm32f10x_gpio.o(.text) for GPIO_Init
    motor.o(.text) refers to stm32f10x_tim.o(.text) for TIM_TimeBaseInit
    oled.o(.text) refers to stm32f10x_rcc.o(.text) for RCC_APB2PeriphClockCmd
    oled.o(.text) refers to stm32f10x_gpio.o(.text) for GPIO_PinRemapConfig
    oled.o(.text) refers to stm32f10x_pwr.o(.text) for PWR_BackupAccessCmd
    oled.o(.text) refers to stm32f10x_bkp.o(.text) for BKP_TamperPinCmd
    oled.o(.text) refers to delay.o(.text) for Delay_ms
    oled.o(.text) refers to oled.o(.bss) for OLED_GRAM
    oled.o(.text) refers to oled.o(.constdata) for oled_asc2_1206
    servor.o(.text) refers to stm32f10x_rcc.o(.text) for RCC_APB2PeriphClockCmd
    servor.o(.text) refers to stm32f10x_gpio.o(.text) for GPIO_Init
[...]
    libshutdown.o(.ARM.Collect$$libshutdown$$00000000) refers (Special) to libshutdown2.o(.ARM.Collect$$libshutdown$$00000009) for __rt_lib_shutdown_fp_trap_1
    libshutdown.o(.ARM.Collect$$libshutdown$$00000000) refers (Special) to libshutdown2.o(.ARM.Collect$$libshutdown$$00000011) for __rt_lib_shutdown_heap_1
    libshutdown.o(.ARM.Collect$$libshutdown$$00000000) refers (Special) to libshutdown2.o(.ARM.Collect$$libshutdown$$00000012) for __rt_lib_shutdown_return
    libshutdown.o(.ARM.Collect$$libshutdown$$00000000) refers (Special) to libshutdown2.o(.ARM.Collect$$libshutdown$$0000000C) for __rt_lib_shutdown_signal_1
    libshutdown.o(.ARM.Collect$$libshutdown$$00000000) refers (Special) to libshutdown2.o(.ARM.Collect$$libshutdown$$00000006) for __rt_lib_shutdown_stdio_1
    libshutdown.o(.ARM.Collect$$libshutdown$$00000000) refers (Special) to libshutdown2.o(.ARM.Collect$$libshutdown$$0000000E) for __rt_lib_shutdown_user_alloc_1
    sys_command.o(.text) refers (Special) to use_no_semi.o(.text) for __I$use$semihosting
    sys_command.o(.text) refers (Special) to indicate_semi.o(.text) for __semihosting_library_function
    defsig_rtmem_outer.o(.text) refers to defsig_rtmem_inner.o(.text) for __rt_SIGRTMEM_inner
    defsig_rtmem_outer.o(.text) refers to defsig_exit.o(.text) for __sig_exit
    defsig_rtmem_formal.o(.text) refers to rt_raise.o(.text) for __rt_raise
    rt_raise.o(.text) refers to __raise.o(.text) for __raise
    rt_raise.o(.text) refers to usart.o(.text) for _sys_exit
    defsig_exit.o(.text) refers to usart.o(.text) for _sys_exit
    defsig_rtmem_inner.o(.text) refers to defsig_general.o(.text) for __default_signal_display
    __raise.o(.text) refers to defsig.o(CL$$defsig) for __default_signal_handler
    defsig_general.o(.text) refers to sys_wrch.o(.text) for _ttywrch
    sys_wrch.o(.text) refers (Special) to use_no_semi.o(.text) for __I$use$semihosting
    sys_wrch.o(.text) refers (Special) to indicate_semi.o(.text) for __semihosting_library_function
    defsig.o(CL$$defsig) refers to defsig_rtmem_inner.o(.text) for __rt_SIGRTMEM_inner
    defsig_abrt_inner.o(.text) refers to defsig_general.o(.text) for __default_signal_display
    defsig_fpe_inner.o(.text) refers to defsig_general.o(.text) for __default_signal_display
    defsig_rtred_inner.o(.text) refers to defsig_general.o(.text) for __default_signal_display
    defsig_stak_inner.o(.text) refers to defsig_general.o(.text) for __default_signal_display
    defsig_pvfn_inner.o(.text) refers to defsig_general.o(.text) for __default_signal_display
    defsig_cppl_inner.o(.text) refers to defsig_general.o(.text) for __default_signal_display
    defsig_segv_inner.o(.text) refers to defsig_general.o(.text) for __default_signal_display
    defsig_other.o(.text) refers to defsig_general.o(.text) for __default_signal_display


==============================================================================

Removing Unused input sections from the image.

    Removing core_cm3.o(.emb_text), (32 bytes).
    Removing stm32f10x_can.o(.text), (2544 bytes).
    Removing stm32f10x_cec.o(.text), (288 bytes).
    Removing stm32f10x_crc.o(.text), (72 bytes).
    Removing stm32f10x_dac.o(.text), (396 bytes).
    Removing stm32f10x_dbgmcu.o(.text), (48 bytes).
    Removing stm32f10x_dma.o(.text), (596 bytes).
    Removing stm32f10x_exti.o(.text), (284 bytes).
    Removing stm32f10x_flash.o(.text), (1468 bytes).
    Removing stm32f10x_fsmc.o(.text), (1548 bytes).
    Removing stm32f10x_i2c.o(.text), (1028 bytes).
    Removing stm32f10x_iwdg.o(.text), (64 bytes).
    Removing stm32f10x_rtc.o(.text), (328 bytes).
    Removing stm32f10x_sdio.o(.text), (468 bytes).
    Removing stm32f10x_spi.o(.text), (780 bytes).
    Removing stm32f10x_wwdg.o(.text), (136 bytes).
    Removing key.o(.text), (88 bytes).
    Removing delay.o(.data), (8 bytes).
    Removing sys.o(.emb_text), (6 bytes).
    Removing sys.o(.text), (12 bytes).

20 unused section(s) (total 10194 bytes) removed from the image.

==============================================================================

Image Symbol Table

    Local Symbols

    Symbol Name                              Value     Ov Type        Size  Object(Section)

    ../clib/angel/boardlib.s                 0x00000000   Number         0  boardshut.o ABSOLUTE
    ../clib/angel/boardlib.s                 0x00000000   Number         0  boardinit1.o ABSOLUTE
    ../clib/angel/boardlib.s                 0x00000000   Number         0  boardinit2.o ABSOLUTE
    ../clib/angel/boardlib.s                 0x00000000   Number         0  boardinit3.o ABSOLUTE
    ../clib/angel/handlers.s                 0x00000000   Number         0  __scatter_zi.o ABSOLUTE
    ../clib/angel/handlers.s                 0x00000000   Number         0  __scatter_copy.o ABSOLUTE
    ../clib/angel/kernel.s                   0x00000000   Number         0  __rtentry2.o ABSOLUTE
    ../clib/angel/kernel.s                   0x00000000   Number         0  rtexit.o ABSOLUTE
    ../clib/angel/kernel.s                   0x00000000   Number         0  __rtentry4.o ABSOLUTE
    ../clib/angel/kernel.s                   0x00000000   Number         0  __rtentry.o ABSOLUTE
    ../clib/angel/kernel.s                   0x00000000   Number         0  rtexit2.o ABSOLUTE
    ../clib/angel/rt.s                       0x00000000   Number         0  rt_raise.o ABSOLUTE
    ../clib/angel/scatter.s                  0x00000000   Number         0  __scatter.o ABSOLUTE
    ../clib/angel/startup.s                  0x00000000   Number         0  __main.o ABSOLUTE
    ../clib/angel/sys.s                      0x00000000   Number         0  sys_stackheap_outer.o ABSOLUTE
    ../clib/angel/sys.s                      0x00000000   Number         0  indicate_semi.o ABSOLUTE
    ../clib/angel/sys.s                      0x00000000   Number         0  use_no_semi.o ABSOLUTE
    ../clib/angel/sys.s                      0x00000000   Number         0  use_no_semi_2.o ABSOLUTE
    ../clib/angel/sys.s                      0x00000000   Number         0  libspace.o ABSOLUTE
    ../clib/angel/sysapp.c                   0x00000000   Number         0  sys_wrch.o ABSOLUTE
    ../clib/angel/sysapp.c                   0x00000000   Number         0  sys_command.o ABSOLUTE
    ../clib/armsys.c                         0x00000000   Number         0  argv_veneer.o ABSOLUTE
    ../clib/armsys.c                         0x00000000   Number         0  argv_veneer.o ABSOLUTE
    ../clib/armsys.c                         0x00000000   Number         0  _get_argv_nomalloc.o ABSOLUTE
    ../clib/armsys.c                         0x00000000   Number         0  no_argv.o ABSOLUTE
    ../clib/heapalloc.c                      0x00000000   Number         0  hrguard.o ABSOLUTE
    ../clib/heapaux.c                        0x00000000   Number         0  heapauxi.o ABSOLUTE
    ../clib/libinit.s                        0x00000000   Number         0  libshutdown2.o ABSOLUTE
    ../clib/libinit.s                        0x00000000   Number         0  libshutdown.o ABSOLUTE
    ../clib/libinit.s                        0x00000000   Number         0  libinit.o ABSOLUTE
    ../clib/libinit.s                        0x00000000   Number         0  libinit2.o ABSOLUTE
    ../clib/memcpset.s                       0x00000000   Number         0  rt_memclr_w.o ABSOLUTE
    ../clib/signal.c                         0x00000000   Number         0  __raise.o ABSOLUTE
    ../clib/signal.c                         0x00000000   Number         0  defsig_rtmem_inner.o ABSOLUTE
    ../clib/signal.c                         0x00000000   Number         0  defsig_rtmem_formal.o ABSOLUTE
    ../clib/signal.c                         0x00000000   Number         0  defsig_rtmem_outer.o ABSOLUTE
    ../clib/signal.c                         0x00000000   Number         0  defsig_exit.o ABSOLUTE
    ../clib/signal.c                         0x00000000   Number         0  defsig_abrt_inner.o ABSOLUTE
    ../clib/signal.c                         0x00000000   Number         0  defsig_fpe_inner.o ABSOLUTE
    ../clib/signal.c                         0x00000000   Number         0  defsig_rtred_inner.o ABSOLUTE
    ../clib/signal.c                         0x00000000   Number         0  defsig_stak_inner.o ABSOLUTE
    ../clib/signal.c                         0x00000000   Number         0  defsig_pvfn_inner.o ABSOLUTE
    ../clib/signal.c                         0x00000000   Number         0  defsig_cppl_inner.o ABSOLUTE
    ../clib/signal.c                         0x00000000   Number         0  defsig_segv_inner.o ABSOLUTE
    ../clib/signal.c                         0x00000000   Number         0  defsig_other.o ABSOLUTE
    ../clib/signal.c                         0x00000000   Number         0  defsig_general.o ABSOLUTE
    ../clib/signal.s                         0x00000000   Number         0  defsig.o ABSOLUTE
    ../clib/stdlib.c                         0x00000000   Number         0  exit.o ABSOLUTE
    ../clib/string.c                         0x00000000   Number         0  strncmp.o ABSOLUTE
    ../fplib/ddiv.s                          0x00000000   Number         0  ddiv.o ABSOLUTE
    ../fplib/dfix.s                          0x00000000   Number         0  dfix.o ABSOLUTE
    ../fplib/dflt.s                          0x00000000   Number         0  dflt_clz.o ABSOLUTE
    ../fplib/dmul.s                          0x00000000   Number         0  dmul.o ABSOLUTE
    ../fplib/dnaninf.s                       0x00000000   Number         0  dnaninf.o ABSOLUTE
    ../fplib/dretinf.s                       0x00000000   Number         0  dretinf.o ABSOLUTE
    ../fplib/fpinit.s                        0x00000000   Number         0  fpinit.o ABSOLUTE
    ../fplib/usenofp.s                       0x00000000   Number         0  usenofp.o ABSOLUTE
    CORE\\core_cm3.c                         0x00000000   Number         0  core_cm3.o ABSOLUTE
    CORE\core_cm3.c                          0x00000000   Number         0  core_cm3.o ABSOLUTE
    CORE\startup_stm32f10x_md.s              0x00000000   Number         0  startup_stm32f10x_md.o ABSOLUTE
    FWlib\src\misc.c                         0x00000000   Number         0  misc.o ABSOLUTE
    FWlib\src\stm32f10x_adc.c                0x00000000   Number         0  stm32f10x_adc.o ABSOLUTE
    FWlib\src\stm32f10x_bkp.c                0x00000000   Number         0  stm32f10x_bkp.o ABSOLUTE
    FWlib\src\stm32f10x_can.c                0x00000000   Number         0  stm32f10x_can.o ABSOLUTE
    FWlib\src\stm32f10x_cec.c                0x00000000   Number         0  stm32f10x_cec.o ABSOLUTE
    FWlib\src\stm32f10x_crc.c                0x00000000   Number         0  stm32f10x_crc.o ABSOLUTE
    FWlib\src\stm32f10x_dac.c                0x00000000   Number         0  stm32f10x_dac.o ABSOLUTE
    FWlib\src\stm32f10x_dbgmcu.c             0x00000000   Number         0  stm32f10x_dbgmcu.o ABSOLUTE
    FWlib\src\stm32f10x_dma.c                0x00000000   Number         0  stm32f10x_dma.o ABSOLUTE
    FWlib\src\stm32f10x_exti.c               0x00000000   Number         0  stm32f10x_exti.o ABSOLUTE
    FWlib\src\stm32f10x_flash.c              0x00000000   Number         0  stm32f10x_flash.o ABSOLUTE
    FWlib\src\stm32f10x_fsmc.c               0x00000000   Number         0  stm32f10x_fsmc.o ABSOLUTE
    FWlib\src\stm32f10x_gpio.c               0x00000000   Number         0  stm32f10x_gpio.o ABSOLUTE
    FWlib\src\stm32f10x_i2c.c                0x00000000   Number         0  stm32f10x_i2c.o ABSOLUTE
    FWlib\src\stm32f10x_iwdg.c               0x00000000   Number         0  stm32f10x_iwdg.o ABSOLUTE
    FWlib\src\stm32f10x_pwr.c                0x00000000   Number         0  stm32f10x_pwr.o ABSOLUTE
    FWlib\src\stm32f10x_rcc.c                0x00000000   Number         0  stm32f10x_rcc.o ABSOLUTE
    FWlib\src\stm32f10x_rtc.c                0x00000000   Number         0  stm32f10x_rtc.o ABSOLUTE
    FWlib\src\stm32f10x_sdio.c               0x00000000   Number         0  stm32f10x_sdio.o ABSOLUTE
    FWlib\src\stm32f10x_spi.c                0x00000000   Number         0  stm32f10x_spi.o ABSOLUTE
    FWlib\src\stm32f10x_tim.c                0x00000000   Number         0  stm32f10x_tim.o ABSOLUTE
    FWlib\src\stm32f10x_usart.c              0x00000000   Number         0  stm32f10x_usart.o ABSOLUTE
    FWlib\src\stm32f10x_wwdg.c               0x00000000   Number         0  stm32f10x_wwdg.o ABSOLUTE
    HARDWARE\Adc\Adc.c                       0x00000000   Number         0  adc.o ABSOLUTE
    HARDWARE\Beep\beep.c                     0x00000000   Number         0  beep.o ABSOLUTE
    HARDWARE\Common\common.c                 0x00000000   Number         0  common.o ABSOLUTE
    HARDWARE\Control_app\control_app.c       0x00000000   Number         0  control_app.o ABSOLUTE
    HARDWARE\KEY\key.c                       0x00000000   Number         0  key.o ABSOLUTE
    HARDWARE\LED\led.c                       0x00000000   Number         0  led.o ABSOLUTE
    HARDWARE\Motor\Motor.c                   0x00000000   Number         0  motor.o ABSOLUTE
    HARDWARE\OLED\oled.c                     0x00000000   Number         0  oled.o ABSOLUTE
    HARDWARE\Servo\servor.c                  0x00000000   Number         0  servor.o ABSOLUTE
    HARDWARE\Timer\timer.c                   0x00000000   Number         0  timer.o ABSOLUTE
    SYSTEM\\sys\\sys.c                       0x00000000   Number         0  sys.o ABSOLUTE
    SYSTEM\delay\delay.c                     0x00000000   Number         0  delay.o ABSOLUTE
    SYSTEM\show\show.c                       0x00000000   Number         0  show.o ABSOLUTE
    SYSTEM\sys\sys.c                         0x00000000   Number         0  sys.o ABSOLUTE
    SYSTEM\usart\usart.c                     0x00000000   Number         0  usart.o ABSOLUTE
    USER\Control.c                           0x00000000   Number         0  control.o ABSOLUTE
    USER\main.c                              0x00000000   Number         0  main.o ABSOLUTE
    USER\stm32f10x_it.c                      0x00000000   Number         0  stm32f10x_it.o ABSOLUTE
    USER\system_stm32f10x.c                  0x00000000   Number         0  system_stm32f10x.o ABSOLUTE
    dc.s                                     0x00000000   Number         0  dc.o ABSOLUTE
    RESET                                    0x08000000   Section      236  startup_stm32f10x_md.o(RESET)
    !!!main                                  0x080000ec   Section        8  __main.o(!!!main)
    !!!scatter                               0x080000f4   Section       52  __scatter.o(!!!scatter)
    !!handler_copy                           0x08000128   Section       26  __scatter_copy.o(!!handler_copy)
    !!handler_zi                             0x08000144   Section       28  __scatter_zi.o(!!handler_zi)
    .ARM.Collect$$libinit$$00000000          0x08000160   Section        2  libinit.o(.ARM.Collect$$libinit$$00000000)
    .ARM.Collect$$libinit$$00000002          0x08000162   Section        0  libinit2.o(.ARM.Collect$$libinit$$00000002)
    .ARM.Collect$$libinit$$00000004          0x08000162   Section        0  libinit2.o(.ARM.Collect$$libinit$$00000004)
    .ARM.Collect$$libinit$$0000000A          0x08000162   Section        0  libinit2.o(.ARM.Collect$$libinit$$0000000A)
    .ARM.Collect$$libinit$$0000000C          0x08000162   Section        0  libinit2.o(.ARM.Collect$$libinit$$0000000C)
    .ARM.Collect$$libinit$$0000000E          0x08000162   Section        0  libinit2.o(.ARM.Collect$$libinit$$0000000E)
    .ARM.Collect$$libinit$$00000011          0x08000162   Section        0  libinit2.o(.ARM.Collect$$libinit$$00000011)
    .ARM.Collect$$libinit$$00000013          0x08000162   Section        0  libinit2.o(.ARM.Collect$$libinit$$00000013)
    .ARM.Collect$$libinit$$00000015          0x08000162   Section        0  libinit2.o(.ARM.Collect$$libinit$$00000015)
    .ARM.Collect$$libinit$$00000017          0x08000162   Section        0  libinit2.o(.ARM.Collect$$libinit$$00000017)
    .ARM.Collect$$libinit$$00000019          0x08000162   Section        0  libinit2.o(.ARM.Collect$$libinit$$00000019)
    .ARM.Collect$$libinit$$0000001B          0x08000162   Section        0  libinit2.o(.ARM.Collect$$libinit$$0000001B)
    .ARM.Collect$$libinit$$0000001D          0x08000162   Section        0  libinit2.o(.ARM.Collect$$libinit$$0000001D)
    .ARM.Collect$$libinit$$0000001F          0x08000162   Section        0  libinit2.o(.ARM.Collect$$libinit$$0000001F)
    .ARM.Collect$$libinit$$00000021          0x08000162   Section        0  libinit2.o(.ARM.Collect$$libinit$$00000021)
    .ARM.Collect$$libinit$$00000023          0x08000162   Section        0  libinit2.o(.ARM.Collect$$libinit$$00000023)
    .ARM.Collect$$libinit$$00000025          0x08000162   Section        0  libinit2.o(.ARM.Collect$$libinit$$00000025)
    .ARM.Collect$$libinit$$0000002C          0x08000162   Section        0  libinit2.o(.ARM.Collect$$libinit$$0000002C)
    .ARM.Collect$$libinit$$0000002E          0x08000162   Section        0  libinit2.o(.ARM.Collect$$libinit$$0000002E)
    .ARM.Collect$$libinit$$00000030          0x08000162   Section        0  libinit2.o(.ARM.Collect$$libinit$$00000030)
    .ARM.Collect$$libinit$$00000032          0x08000162   Section        0  libinit2.o(.ARM.Collect$$libinit$$00000032)
    .ARM.Collect$$libinit$$00000033          0x08000162   Section        2  libinit2.o(.ARM.Collect$$libinit$$00000033)
    .ARM.Collect$$libshutdown$$00000000      0x08000164   Section        2  libshutdown.o(.ARM.Collect$$libshutdown$$00000000)
    .ARM.Collect$$libshutdown$$00000002      0x08000166   Section        0  libshutdown2.o(.ARM.Collect$$libshutdown$$00000002)
    .ARM.Collect$$libshutdown$$00000004      0x08000166   Section        0  libshutdown2.o(.ARM.Collect$$libshutdown$$00000004)
    .ARM.Collect$$libshutdown$$00000006      0x08000166   Section        0  libshutdown2.o(.ARM.Collect$$libshutdown$$00000006)
    .ARM.Collect$$libshutdown$$00000009      0x08000166   Section        0  libshutdown2.o(.ARM.Collect$$libshutdown$$00000009)
    .ARM.Collect$$libshutdown$$0000000C      0x08000166   Section        0  libshutdown2.o(.ARM.Collect$$libshutdown$$0000000C)
    .ARM.Collect$$libshutdown$$0000000E      0x08000166   Section        0  libshutdown2.o(.ARM.Collect$$libshutdown$$0000000E)
    .ARM.Collect$$libshutdown$$00000011      0x08000166   Section        0  libshutdown2.o(.ARM.Collect$$libshutdown$$00000011)
    .ARM.Collect$$libshutdown$$00000012      0x08000166   Section        2  libshutdown2.o(.ARM.Collect$$libshutdown$$00000012)
    .ARM.Collect$$rtentry$$00000000          0x08000168   Section        0  __rtentry.o(.ARM.Collect$$rtentry$$00000000)
    .ARM.Collect$$rtentry$$00000002          0x08000168   Section        0  __rtentry2.o(.ARM.Collect$$rtentry$$00000002)
    .ARM.Collect$$rtentry$$00000004          0x08000168   Section        6  __rtentry4.o(.ARM.Collect$$rtentry$$00000004)
    .ARM.Collect$$rtentry$$00000009          0x0800016e   Section        0  __rtentry2.o(.ARM.Collect$$rtentry$$00000009)
    .ARM.Collect$$rtentry$$0000000A          0x0800016e   Section        4  __rtentry2.o(.ARM.Collect$$rtentry$$0000000A)
    .ARM.Collect$$rtentry$$0000000C          0x08000172   Section        0  __rtentry2.o(.ARM.Collect$$rtentry$$0000000C)
    .ARM.Collect$$rtentry$$0000000D          0x08000172   Section        8  __rtentry2.o(.ARM.Collect$$rtentry$$0000000D)
    .ARM.Collect$$rtexit$$00000000           0x0800017a   Section        2  rtexit.o(.ARM.Collect$$rtexit$$00000000)
    .ARM.Collect$$rtexit$$00000002           0x0800017c   Section        0  rtexit2.o(.ARM.Collect$$rtexit$$00000002)
    .ARM.Collect$$rtexit$$00000003           0x0800017c   Section        4  rtexit2.o(.ARM.Collect$$rtexit$$00000003)
    .ARM.Collect$$rtexit$$00000004           0x08000180   Section        6  rtexit2.o(.ARM.Collect$$rtexit$$00000004)
    .text                                    0x08000188   Section       64  startup_stm32f10x_md.o(.text)
    .text                                    0x080001c8   Section        0  misc.o(.text)
    .text                                    0x080002a4   Section        0  stm32f10x_adc.o(.text)
    .text                                    0x080006f4   Section        0  stm32f10x_bkp.o(.text)
    .text                                    0x080007b8   Section        0  stm32f10x_gpio.o(.text)
    .text                                    0x08000b14   Section        0  stm32f10x_pwr.o(.text)
    .text                                    0x08000be0   Section        0  stm32f10x_rcc.o(.text)
    .text                                    0x08000f84   Section        0  stm32f10x_tim.o(.text)
    TI4_Config                               0x0800142b   Thumb Code   130  stm32f10x_tim.o(.text)
    TI3_Config                               0x080014bf   Thumb Code   122  stm32f10x_tim.o(.text)
    TI2_Config                               0x08001553   Thumb Code   130  stm32f10x_tim.o(.text)
    TI1_Config                               0x080015e7   Thumb Code   108  stm32f10x_tim.o(.text)
    .text                                    0x08001da0   Section        0  stm32f10x_usart.o(.text)
    .text                                    0x080021a8   Section        0  adc.o(.text)
    .text                                    0x080022c0   Section        0  beep.o(.text)
    .text                                    0x08002354   Section        0  common.o(.text)
    .text                                    0x080023f0   Section        0  control_app.o(.text)
    .text                                    0x080028f4   Section        0  led.o(.text)
    .text                                    0x08002990   Section        0  motor.o(.text)
    .text                                    0x08002af8   Section        0  oled.o(.text)
    .text                                    0x08002f60   Section        0  servor.o(.text)
    .text                                    0x080030e4   Section        0  timer.o(.text)
    .text                                    0x08003330   Section        0  delay.o(.text)
    .text                                    0x080033e4   Section        0  show.o(.text)
    .text                                    0x080034c0   Section        0  usart.o(.text)
    .text                                    0x080038cc   Section        0  control.o(.text)
    .text                                    0x0800395c   Section        0  main.o(.text)
    .text                                    0x08003a4c   Section        0  stm32f10x_it.o(.text)
    .text                                    0x08003a88   Section        0  system_stm32f10x.o(.text)
    SetSysClockTo72                          0x08003a89   Thumb Code   214  system_stm32f10x.o(.text)
    SetSysClock                              0x08003b5f   Thumb Code     8  system_stm32f10x.o(.text)
    .text                                    0x08003c68   Section        2  use_no_semi_2.o(.text)
    .text                                    0x08003c6a   Section        0  strncmp.o(.text)
    .text                                    0x08003d00   Section       78  rt_memclr_w.o(.text)
    .text                                    0x08003d4e   Section        0  heapauxi.o(.text)
    .text                                    0x08003d54   Section        2  use_no_semi.o(.text)
    .text                                    0x08003d56   Section       74  sys_stackheap_outer.o(.text)
    .text                                    0x08003da0   Section        0  exit.o(.text)
    .text                                    0x08003db4   Section        8  libspace.o(.text)
    x$fpl$ddiv                               0x08003dbc   Section      688  ddiv.o(x$fpl$ddiv)
    ddiv_entry                               0x08003dc3   Thumb Code     0  ddiv.o(x$fpl$ddiv)
    x$fpl$dfix                               0x0800406c   Section       94  dfix.o(x$fpl$dfix)
    x$fpl$dfltu                              0x080040ca   Section       38  dflt_clz.o(x$fpl$dfltu)
    x$fpl$dmul                               0x080040f0   Section      340  dmul.o(x$fpl$dmul)
    x$fpl$dnaninf                            0x08004244   Section      156  dnaninf.o(x$fpl$dnaninf)
    x$fpl$dretinf                            0x080042e0   Section       12  dretinf.o(x$fpl$dretinf)
    .constdata                               0x080042ec   Section     2660  oled.o(.constdata)
    x$fpl$usenofp                            0x080042ec   Section        0  usenofp.o(x$fpl$usenofp)
    .data                                    0x20000000   Section       20  stm32f10x_rcc.o(.data)
    APBAHBPrescTable                         0x20000000   Data          16  stm32f10x_rcc.o(.data)
    ADCPrescTable                            0x20000010   Data           4  stm32f10x_rcc.o(.data)
    .data                                    0x20000014   Section       24  control_app.o(.data)
    .data                                    0x2000002c   Section        1  servor.o(.data)
    .data                                    0x20000030   Section       16  usart.o(.data)
    i                                        0x20000038   Data           4  usart.o(.data)
    i                                        0x2000003c   Data           4  usart.o(.data)
    .data                                    0x20000040   Section        2  control.o(.data)
    .data                                    0x20000044   Section       63  main.o(.data)
    .data                                    0x20000084   Section       20  system_stm32f10x.o(.data)
    .bss                                     0x20000098   Section     1024  oled.o(.bss)
    .bss                                     0x20000498   Section      500  main.o(.bss)
    .bss                                     0x2000068c   Section       96  libspace.o(.bss)
    HEAP                                     0x200006f0   Section      512  startup_stm32f10x_md.o(HEAP)
    Heap_Mem                                 0x200006f0   Data         512  startup_stm32f10x_md.o(HEAP)
    STACK                                    0x200008f0   Section     1024  startup_stm32f10x_md.o(STACK)
    Stack_Mem                                0x200008f0   Data        1024  startup_stm32f10x_md.o(STACK)
    __initial_sp                             0x20000cf0   Data           0  startup_stm32f10x_md.o(STACK)

    Global Symbols

    Symbol Name                              Value     Ov Type        Size  Object(Section)

    BuildAttributes$$THM_ISAv4$P$D$K$B$S$PE$A:L22UL41UL21$X:L11$S22US41US21$IEEE1$IW$USESV6$~STKCKD$USESV7$~SHL$OSPACE$ROPI$EBA8$UX$STANDARDLIB$REQ8$PRES8$EABIv2 0x00000000   Number         0  anon$$obj.o ABSOLUTE
    __ARM_use_no_argv                        0x00000000   Number         0  main.o ABSOLUTE
    __ARM_exceptions_init                     - Undefined Weak Reference
    __alloca_initialize                       - Undefined Weak Reference
    __arm_fini_                               - Undefined Weak Reference
    __arm_preinit_                            - Undefined Weak Reference
    __cpp_initialize__aeabi_                  - Undefined Weak Reference
    __cxa_finalize                            - Undefined Weak Reference
    __rt_locale                               - Undefined Weak Reference
    __sigvec_lookup                           - Undefined Weak Reference
    _atexit_init                              - Undefined Weak Reference
    _call_atexit_fns                          - Undefined Weak Reference
    _clock_init                               - Undefined Weak Reference
    _fp_trap_init                             - Undefined Weak Reference
    _fp_trap_shutdown                         - Undefined Weak Reference
    _get_lc_collate                           - Undefined Weak Reference
    _get_lc_ctype                             - Undefined Weak Reference
    _get_lc_monetary                          - Undefined Weak Reference
    _get_lc_numeric                           - Undefined Weak Reference
    _get_lc_time                              - Undefined Weak Reference
    _getenv_init                              - Undefined Weak Reference
    _handle_redirection                       - Undefined Weak Reference
    _init_alloc                               - Undefined Weak Reference
    _init_user_alloc                          - Undefined Weak Reference
    _initio                                   - Undefined Weak Reference
    _rand_init                                - Undefined Weak Reference
    _signal_finish                            - Undefined Weak Reference
    _signal_init                              - Undefined Weak Reference
    _terminate_alloc                          - Undefined Weak Reference
    _terminate_user_alloc                     - Undefined Weak Reference
    _terminateio                              - Undefined Weak Reference
    __Vectors_Size                           0x000000ec   Number         0  startup_stm32f10x_md.o ABSOLUTE
    __Vectors                                0x08000000   Data           4  startup_stm32f10x_md.o(RESET)
    __Vectors_End                            0x080000ec   Data           0  startup_stm32f10x_md.o(RESET)
    __main                                   0x080000ed   Thumb Code     8  __main.o(!!!main)
    __scatterload                            0x080000f5   Thumb Code     0  __scatter.o(!!!scatter)
    __scatterload_rt2                        0x080000f5   Thumb Code    44  __scatter.o(!!!scatter)
    __scatterload_rt2_thumb_only             0x080000f5   Thumb Code     0  __scatter.o(!!!scatter)
    __scatterload_null                       0x08000103   Thumb Code     0  __scatter.o(!!!scatter)
    __scatterload_copy                       0x08000129   Thumb Code    26  __scatter_copy.o(!!handler_copy)
    __scatterload_zeroinit                   0x08000145   Thumb Code    28  __scatter_zi.o(!!handler_zi)
    __rt_lib_init                            0x08000161   Thumb Code     0  libinit.o(.ARM.Collect$$libinit$$00000000)
    __rt_lib_init_alloca_1                   0x08000163   Thumb Code     0  libinit2.o(.ARM.Collect$$libinit$$0000002E)
    __rt_lib_init_argv_1                     0x08000163   Thumb Code     0  libinit2.o(.ARM.Collect$$libinit$$0000002C)
    __rt_lib_init_atexit_1                   0x08000163   Thumb Code     0  libinit2.o(.ARM.Collect$$libinit$$0000001B)
    __rt_lib_init_clock_1                    0x08000163   Thumb Code     0  libinit2.o(.ARM.Collect$$libinit$$00000021)
    __rt_lib_init_cpp_1                      0x08000163   Thumb Code     0  libinit2.o(.ARM.Collect$$libinit$$00000032)
    __rt_lib_init_exceptions_1               0x08000163   Thumb Code     0  libinit2.o(.ARM.Collect$$libinit$$00000030)
    __rt_lib_init_fp_1                       0x08000163   Thumb Code     0  libinit2.o(.ARM.Collect$$libinit$$00000002)
    __rt_lib_init_fp_trap_1                  0x08000163   Thumb Code     0  libinit2.o(.ARM.Collect$$libinit$$0000001F)
    __rt_lib_init_getenv_1                   0x08000163   Thumb Code     0  libinit2.o(.ARM.Collect$$libinit$$00000023)
    __rt_lib_init_heap_1                     0x08000163   Thumb Code     0  libinit2.o(.ARM.Collect$$libinit$$0000000A)
    __rt_lib_init_lc_collate_1               0x08000163   Thumb Code     0  libinit2.o(.ARM.Collect$$libinit$$00000011)
    __rt_lib_init_lc_ctype_1                 0x08000163   Thumb Code     0  libinit2.o(.ARM.Collect$$libinit$$00000013)
    __rt_lib_init_lc_monetary_1              0x08000163   Thumb Code     0  libinit2.o(.ARM.Collect$$libinit$$00000015)
    __rt_lib_init_lc_numeric_1               0x08000163   Thumb Code     0  libinit2.o(.ARM.Collect$$libinit$$00000017)
    __rt_lib_init_lc_time_1                  0x08000163   Thumb Code     0  libinit2.o(.ARM.Collect$$libinit$$00000019)
    __rt_lib_init_preinit_1                  0x08000163   Thumb Code     0  libinit2.o(.ARM.Collect$$libinit$$00000004)
    __rt_lib_init_rand_1                     0x08000163   Thumb Code     0  libinit2.o(.ARM.Collect$$libinit$$0000000E)
    __rt_lib_init_return                     0x08000163   Thumb Code     0  libinit2.o(.ARM.Collect$$libinit$$00000033)
    __rt_lib_init_signal_1                   0x08000163   Thumb Code     0  libinit2.o(.ARM.Collect$$libinit$$0000001D)
    __rt_lib_init_stdio_1                    0x08000163   Thumb Code     0  libinit2.o(.ARM.Collect$$libinit$$00000025)
    __rt_lib_init_user_alloc_1               0x08000163   Thumb Code     0  libinit2.o(.ARM.Collect$$libinit$$0000000C)
    __rt_lib_shutdown                        0x08000165   Thumb Code     0  libshutdown.o(.ARM.Collect$$libshutdown$$00000000)
    __rt_lib_shutdown_cpp_1                  0x08000167   Thumb Code     0  libshutdown2.o(.ARM.Collect$$libshutdown$$00000004)
    __rt_lib_shutdown_fini_1                 0x08000167   Thumb Code     0  libshutdown2.o(.ARM.Collect$$libshutdown$$00000002)
    __rt_lib_shutdown_fp_trap_1              0x08000167   Thumb Code     0  libshutdown2.o(.ARM.Collect$$libshutdown$$00000009)
    __rt_lib_shutdown_heap_1                 0x08000167   Thumb Code     0  libshutdown2.o(.ARM.Collect$$libshutdown$$00000011)
    __rt_lib_shutdown_return                 0x08000167   Thumb Code     0  libshutdown2.o(.ARM.Collect$$libshutdown$$00000012)
    __rt_lib_shutdown_signal_1               0x08000167   Thumb Code     0  libshutdown2.o(.ARM.Collect$$libshutdown$$0000000C)
    __rt_lib_shutdown_stdio_1                0x08000167   Thumb Code     0  libshutdown2.o(.ARM.Collect$$libshutdown$$00000006)
    __rt_lib_shutdown_user_alloc_1           0x08000167   Thumb Code     0  libshutdown2.o(.ARM.Collect$$libshutdown$$0000000E)
    __rt_entry                               0x08000169   Thumb Code     0  __rtentry.o(.ARM.Collect$$rtentry$$00000000)
    __rt_entry_presh_1                       0x08000169   Thumb Code     0  __rtentry2.o(.ARM.Collect$$rtentry$$00000002)
    __rt_entry_sh                            0x08000169   Thumb Code     0  __rtentry4.o(.ARM.Collect$$rtentry$$00000004)
    __rt_entry_li                            0x0800016f   Thumb Code     0  __rtentry2.o(.ARM.Collect$$rtentry$$0000000A)
    __rt_entry_postsh_1                      0x0800016f   Thumb Code     0  __rtentry2.o(.ARM.Collect$$rtentry$$00000009)
    __rt_entry_main                          0x08000173   Thumb Code     0  __rtentry2.o(.ARM.Collect$$rtentry$$0000000D)
    __rt_entry_postli_1                      0x08000173   Thumb Code     0  __rtentry2.o(.ARM.Collect$$rtentry$$0000000C)
    __rt_exit                                0x0800017b   Thumb Code     0  rtexit.o(.ARM.Collect$$rtexit$$00000000)
    __rt_exit_ls                             0x0800017d   Thumb Code     0  rtexit2.o(.ARM.Collect$$rtexit$$00000003)
    __rt_exit_prels_1                        0x0800017d   Thumb Code     0  rtexit2.o(.ARM.Collect$$rtexit$$00000002)
    __rt_exit_exit                           0x08000181   Thumb Code     0  rtexit2.o(.ARM.Collect$$rtexit$$00000004)
    Reset_Handler                            0x08000189   Thumb Code     8  startup_stm32f10x_md.o(.text)
    ADC1_2_IRQHandler                        0x080001a3   Thumb Code     0  startup_stm32f10x_md.o(.text)
    CAN1_RX1_IRQHandler                      0x080001a3   Thumb Code     0  startup_stm32f10x_md.o(.text)
    CAN1_SCE_IRQHandler                      0x080001a3   Thumb Code     0  startup_stm32f10x_md.o(.text)
    DMA1_Channel1_IRQHandler                 0x080001a3   Thumb Code     0  startup_stm32f10x_md.o(.text)
    DMA1_Channel2_IRQHandler                 0x080001a3   Thumb Code     0  startup_stm32f10x_md.o(.text)
    DMA1_Channel3_IRQHandler                 0x080001a3   Thumb Code     0  startup_stm32f10x_md.o(.text)
    DMA1_Channel4_IRQHandler                 0x080001a3   Thumb Code     0  startup_stm32f10x_md.o(.text)
    DMA1_Channel5_IRQHandler                 0x080001a3   Thumb Code     0  startup_stm32f10x_md.o(.text)
    DMA1_Channel6_IRQHandler                 0x080001a3   Thumb Code     0  startup_stm32f10x_md.o(.text)
    DMA1_Channel7_IRQHandler                 0x080001a3   Thumb Code     0  startup_stm32f10x_md.o(.text)
    EXTI0_IRQHandler                         0x080001a3   Thumb Code     0  startup_stm32f10x_md.o(.text)
    EXTI15_10_IRQHandler                     0x080001a3   Thumb Code     0  startup_stm32f10x_md.o(.text)
    EXTI1_IRQHandler                         0x080001a3   Thumb Code     0  startup_stm32f10x_md.o(.text)
    EXTI2_IRQHandler                         0x080001a3   Thumb Code     0  startup_stm32f10x_md.o(.text)
    EXTI3_IRQHandler                         0x080001a3   Thumb Code     0  startup_stm32f10x_md.o(.text)
    EXTI4_IRQHandler                         0x080001a3   Thumb Code     0  startup_stm32f10x_md.o(.text)
    EXTI9_5_IRQHandler                       0x080001a3   Thumb Code     0  startup_stm32f10x_md.o(.text)
    FLASH_IRQHandler                         0x080001a3   Thumb Code     0  startup_stm32f10x_md.o(.text)
    I2C1_ER_IRQHandler                       0x080001a3   Thumb Code     0  startup_stm32f10x_md.o(.text)
    I2C1_EV_IRQHandler                       0x080001a3   Thumb Code     0  startup_stm32f10x_md.o(.text)
    I2C2_ER_IRQHandler                       0x080001a3   Thumb Code     0  startup_stm32f10x_md.o(.text)
    I2C2_EV_IRQHandler                       0x080001a3   Thumb Code     0  startup_stm32f10x_md.o(.text)
    PVD_IRQHandler                           0x080001a3   Thumb Code     0  startup_stm32f10x_md.o(.text)
    RCC_IRQHandler                           0x080001a3   Thumb Code     0  startup_stm32f10x_md.o(.text)
    RTCAlarm_IRQHandler                      0x080001a3   Thumb Code     0  startup_stm32f10x_md.o(.text)
    RTC_IRQHandler                           0x080001a3   Thumb Code     0  startup_stm32f10x_md.o(.text)
    SPI1_IRQHandler                          0x080001a3   Thumb Code     0  startup_stm32f10x_md.o(.text)
    SPI2_IRQHandler                          0x080001a3   Thumb Code     0  startup_stm32f10x_md.o(.text)
    TAMPER_IRQHandler                        0x080001a3   Thumb Code     0  startup_stm32f10x_md.o(.text)
    TIM1_BRK_IRQHandler                      0x080001a3   Thumb Code     0  startup_stm32f10x_md.o(.text)
    TIM1_CC_IRQHandler                       0x080001a3   Thumb Code     0  startup_stm32f10x_md.o(.text)
    TIM1_TRG_COM_IRQHandler                  0x080001a3   Thumb Code     0  startup_stm32f10x_md.o(.text)
    TIM3_IRQHandler                          0x080001a3   Thumb Code     0  startup_stm32f10x_md.o(.text)
    TIM4_IRQHandler                          0x080001a3   Thumb Code     0  startup_stm32f10x_md.o(.text)
    USBWakeUp_IRQHandler                     0x080001a3   Thumb Code     0  startup_stm32f10x_md.o(.text)
    USB_HP_CAN1_TX_IRQHandler                0x080001a3   Thumb Code     0  startup_stm32f10x_md.o(.text)
    USB_LP_CAN1_RX0_IRQHandler               0x080001a3   Thumb Code     0  startup_stm32f10x_md.o(.text)
    WWDG_IRQHandler                          0x080001a3   Thumb Code     0  startup_stm32f10x_md.o(.text)
    __user_initial_stackheap                 0x080001a5   Thumb Code     0  startup_stm32f10x_md.o(.text)
    NVIC_PriorityGroupConfig                 0x080001c9   Thumb Code    10  misc.o(.text)
    NVIC_Init                                0x080001d3   Thumb Code   100  misc.o(.text)
    NVIC_SetVectorTable                      0x08000237   Thumb Code    14  misc.o(.text)
    NVIC_SystemLPConfig                      0x08000245   Thumb Code    34  misc.o(.text)
    SysTick_CLKSourceConfig                  0x08000267   Thumb Code    40  misc.o(.text)
    ADC_DeInit                               0x080002a5   Thumb Code    78  stm32f10x_adc.o(.text)
    ADC_Init                                 0x080002f3   Thumb Code    70  stm32f10x_adc.o(.text)
    ADC_StructInit                           0x08000339   Thumb Code    18  stm32f10x_adc.o(.text)
    ADC_Cmd                                  0x0800034b   Thumb Code    22  stm32f10x_adc.o(.text)
    ADC_DMACmd                               0x08000361   Thumb Code    22  stm32f10x_adc.o(.text)
    ADC_ITConfig                             0x08000377   Thumb Code    24  stm32f10x_adc.o(.text)
    ADC_ResetCalibration                     0x0800038f   Thumb Code    10  stm32f10x_adc.o(.text)
    ADC_GetResetCalibrationStatus            0x08000399   Thumb Code    20  stm32f10x_adc.o(.text)
    ADC_StartCalibration                     0x080003ad   Thumb Code    10  stm32f10x_adc.o(.text)
    ADC_GetCalibrationStatus                 0x080003b7   Thumb Code    20  stm32f10x_adc.o(.text)
    ADC_SoftwareStartConvCmd                 0x080003cb   Thumb Code    22  stm32f10x_adc.o(.text)
    ADC_GetSoftwareStartConvStatus           0x080003e1   Thumb Code    20  stm32f10x_adc.o(.text)
    ADC_DiscModeChannelCountConfig           0x080003f5   Thumb Code    24  stm32f10x_adc.o(.text)
    ADC_DiscModeCmd                          0x0800040d   Thumb Code    22  stm32f10x_adc.o(.text)
    ADC_RegularChannelConfig                 0x08000423   Thumb Code   184  stm32f10x_adc.o(.text)
    ADC_ExternalTrigConvCmd                  0x080004db   Thumb Code    22  stm32f10x_adc.o(.text)
    ADC_GetConversionValue                   0x080004f1   Thumb Code     8  stm32f10x_adc.o(.text)
    ADC_GetDualModeConversionValue           0x080004f9   Thumb Code     8  stm32f10x_adc.o(.text)
    ADC_AutoInjectedConvCmd                  0x08000501   Thumb Code    22  stm32f10x_adc.o(.text)
    ADC_InjectedDiscModeCmd                  0x08000517   Thumb Code    22  stm32f10x_adc.o(.text)
    ADC_ExternalTrigInjectedConvConfig       0x0800052d   Thumb Code    16  stm32f10x_adc.o(.text)
    ADC_ExternalTrigInjectedConvCmd          0x0800053d   Thumb Code    22  stm32f10x_adc.o(.text)
    ADC_SoftwareStartInjectedConvCmd         0x08000553   Thumb Code    22  stm32f10x_adc.o(.text)
    ADC_GetSoftwareStartInjectedConvCmdStatus 0x08000569   Thumb Code    20  stm32f10x_adc.o(.text)
    ADC_InjectedChannelConfig                0x0800057d   Thumb Code   130  stm32f10x_adc.o(.text)
    ADC_InjectedSequencerLengthConfig        0x080005ff   Thumb Code    24  stm32f10x_adc.o(.text)
    ADC_SetInjectedOffset                    0x08000617   Thumb Code    20  stm32f10x_adc.o(.text)
    ADC_GetInjectedConversionValue           0x0800062b   Thumb Code    28  stm32f10x_adc.o(.text)
    ADC_AnalogWatchdogCmd                    0x08000647   Thumb Code    16  stm32f10x_adc.o(.text)
    ADC_AnalogWatchdogThresholdsConfig       0x08000657   Thumb Code     6  stm32f10x_adc.o(.text)
    ADC_AnalogWatchdogSingleChannelConfig    0x0800065d   Thumb Code    16  stm32f10x_adc.o(.text)
    ADC_TempSensorVrefintCmd                 0x0800066d   Thumb Code    64  stm32f10x_adc.o(.text)
    ADC_GetFlagStatus                        0x080006ad   Thumb Code    18  stm32f10x_adc.o(.text)
    ADC_ClearFlag                            0x080006bf   Thumb Code     6  stm32f10x_adc.o(.text)
    ADC_GetITStatus                          0x080006c5   Thumb Code    36  stm32f10x_adc.o(.text)
    ADC_ClearITPendingBit                    0x080006e9   Thumb Code    10  stm32f10x_adc.o(.text)
    BKP_DeInit                               0x080006f5   Thumb Code    16  stm32f10x_bkp.o(.text)
    BKP_TamperPinLevelConfig                 0x08000705   Thumb Code     6  stm32f10x_bkp.o(.text)
    BKP_TamperPinCmd                         0x0800070b   Thumb Code     8  stm32f10x_bkp.o(.text)
    BKP_ITConfig                             0x08000713   Thumb Code     8  stm32f10x_bkp.o(.text)
    BKP_RTCOutputConfig                      0x0800071b   Thumb Code    22  stm32f10x_bkp.o(.text)
    BKP_SetRTCCalibrationValue               0x08000731   Thumb Code    22  stm32f10x_bkp.o(.text)
    BKP_WriteBackupRegister                  0x08000747   Thumb Code    24  stm32f10x_bkp.o(.text)
    BKP_ReadBackupRegister                   0x0800075f   Thumb Code    26  stm32f10x_bkp.o(.text)
    BKP_GetFlagStatus                        0x08000779   Thumb Code    10  stm32f10x_bkp.o(.text)
    BKP_ClearFlag                            0x08000783   Thumb Code    18  stm32f10x_bkp.o(.text)
    BKP_GetITStatus                          0x08000795   Thumb Code    10  stm32f10x_bkp.o(.text)
    BKP_ClearITPendingBit                    0x0800079f   Thumb Code    18  stm32f10x_bkp.o(.text)
    GPIO_DeInit                              0x080007b9   Thumb Code   172  stm32f10x_gpio.o(.text)
    GPIO_AFIODeInit                          0x08000865   Thumb Code    20  stm32f10x_gpio.o(.text)
    GPIO_Init                                0x08000879   Thumb Code   278  stm32f10x_gpio.o(.text)
    GPIO_StructInit                          0x0800098f   Thumb Code    16  stm32f10x_gpio.o(.text)
    GPIO_ReadInputDataBit                    0x0800099f   Thumb Code    18  stm32f10x_gpio.o(.text)
    GPIO_ReadInputData                       0x080009b1   Thumb Code     8  stm32f10x_gpio.o(.text)
    GPIO_ReadOutputDataBit                   0x080009b9   Thumb Code    18  stm32f10x_gpio.o(.text)
    GPIO_ReadOutputData                      0x080009cb   Thumb Code     8  stm32f10x_gpio.o(.text)
    GPIO_SetBits                             0x080009d3   Thumb Code     4  stm32f10x_gpio.o(.text)
    GPIO_ResetBits                           0x080009d7   Thumb Code     4  stm32f10x_gpio.o(.text)
    GPIO_WriteBit                            0x080009db   Thumb Code    10  stm32f10x_gpio.o(.text)
    GPIO_Write                               0x080009e5   Thumb Code     4  stm32f10x_gpio.o(.text)
    GPIO_PinLockConfig                       0x080009e9   Thumb Code    18  stm32f10x_gpio.o(.text)
    GPIO_EventOutputConfig                   0x080009fb   Thumb Code    26  stm32f10x_gpio.o(.text)
    GPIO_EventOutputCmd                      0x08000a15   Thumb Code     6  stm32f10x_gpio.o(.text)
    GPIO_PinRemapConfig                      0x08000a1b   Thumb Code   138  stm32f10x_gpio.o(.text)
    GPIO_EXTILineConfig                      0x08000aa5   Thumb Code    66  stm32f10x_gpio.o(.text)
    GPIO_ETH_MediaInterfaceConfig            0x08000ae7   Thumb Code     8  stm32f10x_gpio.o(.text)
    PWR_DeInit                               0x08000b15   Thumb Code    22  stm32f10x_pwr.o(.text)
    PWR_BackupAccessCmd                      0x08000b2b   Thumb Code     6  stm32f10x_pwr.o(.text)
    PWR_PVDCmd                               0x08000b31   Thumb Code     6  stm32f10x_pwr.o(.text)
    PWR_PVDLevelConfig                       0x08000b37   Thumb Code    18  stm32f10x_pwr.o(.text)
    PWR_WakeUpPinCmd                         0x08000b49   Thumb Code     8  stm32f10x_pwr.o(.text)
    PWR_EnterSTOPMode                        0x08000b51   Thumb Code    54  stm32f10x_pwr.o(.text)
    PWR_EnterSTANDBYMode                     0x08000b87   Thumb Code    42  stm32f10x_pwr.o(.text)
    PWR_GetFlagStatus                        0x08000bb1   Thumb Code    20  stm32f10x_pwr.o(.text)
    PWR_ClearFlag                            0x08000bc5   Thumb Code    14  stm32f10x_pwr.o(.text)
    RCC_DeInit                               0x08000be1   Thumb Code    64  stm32f10x_rcc.o(.text)
    RCC_HSEConfig                            0x08000c21   Thumb Code    70  stm32f10x_rcc.o(.text)
    RCC_GetFlagStatus                        0x08000c67   Thumb Code    56  stm32f10x_rcc.o(.text)
    RCC_WaitForHSEStartUp                    0x08000c9f   Thumb Code    56  stm32f10x_rcc.o(.text)
    RCC_AdjustHSICalibrationValue            0x08000cd7   Thumb Code    20  stm32f10x_rcc.o(.text)
    RCC_HSICmd                               0x08000ceb   Thumb Code     6  stm32f10x_rcc.o(.text)
    RCC_PLLConfig                            0x08000cf1   Thumb Code    24  stm32f10x_rcc.o(.text)
    RCC_PLLCmd                               0x08000d09   Thumb Code     6  stm32f10x_rcc.o(.text)
    RCC_SYSCLKConfig                         0x08000d0f   Thumb Code    18  stm32f10x_rcc.o(.text)
    RCC_GetSYSCLKSource                      0x08000d21   Thumb Code    10  stm32f10x_rcc.o(.text)
    RCC_HCLKConfig                           0x08000d2b   Thumb Code    18  stm32f10x_rcc.o(.text)
    RCC_PCLK1Config                          0x08000d3d   Thumb Code    18  stm32f10x_rcc.o(.text)
    RCC_PCLK2Config                          0x08000d4f   Thumb Code    20  stm32f10x_rcc.o(.text)
    RCC_ITConfig                             0x08000d63   Thumb Code    26  stm32f10x_rcc.o(.text)
    RCC_USBCLKConfig                         0x08000d7d   Thumb Code     8  stm32f10x_rcc.o(.text)
    RCC_ADCCLKConfig                         0x08000d85   Thumb Code    18  stm32f10x_rcc.o(.text)
    RCC_LSEConfig                            0x08000d97   Thumb Code    50  stm32f10x_rcc.o(.text)
    RCC_LSICmd                               0x08000dc9   Thumb Code     6  stm32f10x_rcc.o(.text)
    RCC_RTCCLKConfig                         0x08000dcf   Thumb Code    12  stm32f10x_rcc.o(.text)
    RCC_RTCCLKCmd                            0x08000ddb   Thumb Code     8  stm32f10x_rcc.o(.text)
    RCC_GetClocksFreq                        0x08000de3   Thumb Code   192  stm32f10x_rcc.o(.text)
    RCC_AHBPeriphClockCmd                    0x08000ea3   Thumb Code    26  stm32f10x_rcc.o(.text)
    RCC_APB2PeriphClockCmd                   0x08000ebd   Thumb Code    26  stm32f10x_rcc.o(.text)
    RCC_APB1PeriphClockCmd                   0x08000ed7   Thumb Code    26  stm32f10x_rcc.o(.text)
    RCC_APB2PeriphResetCmd                   0x08000ef1   Thumb Code    26  stm32f10x_rcc.o(.text)
    RCC_APB1PeriphResetCmd                   0x08000f0b   Thumb Code    26  stm32f10x_rcc.o(.text)
    RCC_BackupResetCmd                       0x08000f25   Thumb Code     8  stm32f10x_rcc.o(.text)
    RCC_ClockSecuritySystemCmd               0x08000f2d   Thumb Code     6  stm32f10x_rcc.o(.text)
    RCC_MCOConfig                            0x08000f33   Thumb Code     6  stm32f10x_rcc.o(.text)
    RCC_ClearFlag                            0x08000f39   Thumb Code    14  stm32f10x_rcc.o(.text)
    RCC_GetITStatus                          0x08000f47   Thumb Code    20  stm32f10x_rcc.o(.text)
    RCC_ClearITPendingBit                    0x08000f5b   Thumb Code     6  stm32f10x_rcc.o(.text)
    TIM_DeInit                               0x08000f85   Thumb Code   424  stm32f10x_tim.o(.text)
    TIM_TimeBaseInit                         0x0800112d   Thumb Code   122  stm32f10x_tim.o(.text)
    TIM_OC1Init                              0x080011a7   Thumb Code   132  stm32f10x_tim.o(.text)
    TIM_OC2Init                              0x0800122b   Thumb Code   154  stm32f10x_tim.o(.text)
    TIM_OC3Init                              0x080012c5   Thumb Code   150  stm32f10x_tim.o(.text)
    TIM_OC4Init                              0x0800135b   Thumb Code   182  stm32f10x_tim.o(.text)
    TIM_SetIC4Prescaler                      0x08001411   Thumb Code    26  stm32f10x_tim.o(.text)
    TIM_SetIC3Prescaler                      0x080014ad   Thumb Code    18  stm32f10x_tim.o(.text)
    TIM_SetIC2Prescaler                      0x08001539   Thumb Code    26  stm32f10x_tim.o(.text)
    TIM_SetIC1Prescaler                      0x080015d5   Thumb Code    18  stm32f10x_tim.o(.text)
    TIM_ICInit                               0x08001653   Thumb Code   150  stm32f10x_tim.o(.text)
    TIM_PWMIConfig                           0x080016e9   Thumb Code   124  stm32f10x_tim.o(.text)
    TIM_BDTRConfig                           0x08001765   Thumb Code    32  stm32f10x_tim.o(.text)
    TIM_TimeBaseStructInit                   0x08001785   Thumb Code    18  stm32f10x_tim.o(.text)
    TIM_OCStructInit                         0x08001797   Thumb Code    20  stm32f10x_tim.o(.text)
    TIM_ICStructInit                         0x080017ab   Thumb Code    18  stm32f10x_tim.o(.text)
    TIM_BDTRStructInit                       0x080017bd   Thumb Code    40  stm32f10x_tim.o(.text)
    TIM_Cmd                                  0x080017e5   Thumb Code    24  stm32f10x_tim.o(.text)
    TIM_CtrlPWMOutputs                       0x080017fd   Thumb Code    30  stm32f10x_tim.o(.text)
    TIM_ITConfig                             0x0800181b   Thumb Code    18  stm32f10x_tim.o(.text)
    TIM_GenerateEvent                        0x0800182d   Thumb Code     4  stm32f10x_tim.o(.text)
    TIM_DMAConfig                            0x08001831   Thumb Code    10  stm32f10x_tim.o(.text)
    TIM_DMACmd                               0x0800183b   Thumb Code    18  stm32f10x_tim.o(.text)
    TIM_InternalClockConfig                  0x0800184d   Thumb Code    12  stm32f10x_tim.o(.text)
    TIM_SelectInputTrigger                   0x08001859   Thumb Code    18  stm32f10x_tim.o(.text)
    TIM_ITRxExternalClockConfig              0x0800186b   Thumb Code    24  stm32f10x_tim.o(.text)
    TIM_TIxExternalClockConfig               0x08001883   Thumb Code    62  stm32f10x_tim.o(.text)
    TIM_ETRConfig                            0x080018c1   Thumb Code    28  stm32f10x_tim.o(.text)
    TIM_ETRClockMode1Config                  0x080018dd   Thumb Code    54  stm32f10x_tim.o(.text)
    TIM_ETRClockMode2Config                  0x08001913   Thumb Code    32  stm32f10x_tim.o(.text)
    TIM_PrescalerConfig                      0x08001933   Thumb Code     6  stm32f10x_tim.o(.text)
    TIM_CounterModeConfig                    0x08001939   Thumb Code    18  stm32f10x_tim.o(.text)
    TIM_EncoderInterfaceConfig               0x0800194b   Thumb Code    66  stm32f10x_tim.o(.text)
    TIM_ForcedOC1Config                      0x0800198d   Thumb Code    18  stm32f10x_tim.o(.text)
    TIM_ForcedOC2Config                      0x0800199f   Thumb Code    26  stm32f10x_tim.o(.text)
    TIM_ForcedOC3Config                      0x080019b9   Thumb Code    18  stm32f10x_tim.o(.text)
    TIM_ForcedOC4Config                      0x080019cb   Thumb Code    26  stm32f10x_tim.o(.text)
    TIM_ARRPreloadConfig                     0x080019e5   Thumb Code    24  stm32f10x_tim.o(.text)
    TIM_SelectCOM                            0x080019fd   Thumb Code    24  stm32f10x_tim.o(.text)
    TIM_SelectCCDMA                          0x08001a15   Thumb Code    24  stm32f10x_tim.o(.text)
    TIM_CCPreloadControl                     0x08001a2d   Thumb Code    24  stm32f10x_tim.o(.text)
    TIM_OC1PreloadConfig                     0x08001a45   Thumb Code    18  stm32f10x_tim.o(.text)
    TIM_OC2PreloadConfig                     0x08001a57   Thumb Code    26  stm32f10x_tim.o(.text)
    TIM_OC3PreloadConfig                     0x08001a71   Thumb Code    18  stm32f10x_tim.o(.text)
    TIM_OC4PreloadConfig                     0x08001a83   Thumb Code    26  stm32f10x_tim.o(.text)
    TIM_OC1FastConfig                        0x08001a9d   Thumb Code    18  stm32f10x_tim.o(.text)
    TIM_OC2FastConfig                        0x08001aaf   Thumb Code    26  stm32f10x_tim.o(.text)
    TIM_OC3FastConfig                        0x08001ac9   Thumb Code    18  stm32f10x_tim.o(.text)
    TIM_OC4FastConfig                        0x08001adb   Thumb Code    26  stm32f10x_tim.o(.text)
    TIM_ClearOC1Ref                          0x08001af5   Thumb Code    18  stm32f10x_tim.o(.text)
    TIM_ClearOC2Ref                          0x08001b07   Thumb Code    24  stm32f10x_tim.o(.text)
    TIM_ClearOC3Ref                          0x08001b1f   Thumb Code    18  stm32f10x_tim.o(.text)
    TIM_ClearOC4Ref                          0x08001b31   Thumb Code    24  stm32f10x_tim.o(.text)
    TIM_OC1PolarityConfig                    0x08001b49   Thumb Code    18  stm32f10x_tim.o(.text)
    TIM_OC1NPolarityConfig                   0x08001b5b   Thumb Code    18  stm32f10x_tim.o(.text)
    TIM_OC2PolarityConfig                    0x08001b6d   Thumb Code    26  stm32f10x_tim.o(.text)
    TIM_OC2NPolarityConfig                   0x08001b87   Thumb Code    26  stm32f10x_tim.o(.text)
    TIM_OC3PolarityConfig                    0x08001ba1   Thumb Code    26  stm32f10x_tim.o(.text)
    TIM_OC3NPolarityConfig                   0x08001bbb   Thumb Code    26  stm32f10x_tim.o(.text)
    TIM_OC4PolarityConfig                    0x08001bd5   Thumb Code    26  stm32f10x_tim.o(.text)
    TIM_CCxCmd                               0x08001bef   Thumb Code    30  stm32f10x_tim.o(.text)
    TIM_CCxNCmd                              0x08001c0d   Thumb Code    30  stm32f10x_tim.o(.text)
    TIM_SelectOCxM                           0x08001c2b   Thumb Code    82  stm32f10x_tim.o(.text)
    TIM_UpdateDisableConfig                  0x08001c7d   Thumb Code    24  stm32f10x_tim.o(.text)
    TIM_UpdateRequestConfig                  0x08001c95   Thumb Code    24  stm32f10x_tim.o(.text)
    TIM_SelectHallSensor                     0x08001cad   Thumb Code    24  stm32f10x_tim.o(.text)
    TIM_SelectOnePulseMode                   0x08001cc5   Thumb Code    18  stm32f10x_tim.o(.text)
    TIM_SelectOutputTrigger                  0x08001cd7   Thumb Code    18  stm32f10x_tim.o(.text)
    TIM_SelectSlaveMode                      0x08001ce9   Thumb Code    18  stm32f10x_tim.o(.text)
    TIM_SelectMasterSlaveMode                0x08001cfb   Thumb Code    18  stm32f10x_tim.o(.text)
    TIM_SetCounter                           0x08001d0d   Thumb Code     4  stm32f10x_tim.o(.text)
    TIM_SetAutoreload                        0x08001d11   Thumb Code     4  stm32f10x_tim.o(.text)
    TIM_SetCompare1                          0x08001d15   Thumb Code     4  stm32f10x_tim.o(.text)
    TIM_SetCompare2                          0x08001d19   Thumb Code     4  stm32f10x_tim.o(.text)
    TIM_SetCompare3                          0x08001d1d   Thumb Code     4  stm32f10x_tim.o(.text)
    TIM_SetCompare4                          0x08001d21   Thumb Code     6  stm32f10x_tim.o(.text)
    TIM_SetClockDivision                     0x08001d27   Thumb Code    18  stm32f10x_tim.o(.text)
    TIM_GetCapture1                          0x08001d39   Thumb Code     6  stm32f10x_tim.o(.text)
    TIM_GetCapture2                          0x08001d3f   Thumb Code     6  stm32f10x_tim.o(.text)
    TIM_GetCapture3                          0x08001d45   Thumb Code     6  stm32f10x_tim.o(.text)
    TIM_GetCapture4                          0x08001d4b   Thumb Code     8  stm32f10x_tim.o(.text)
    TIM_GetCounter                           0x08001d53   Thumb Code     6  stm32f10x_tim.o(.text)
    TIM_GetPrescaler                         0x08001d59   Thumb Code     6  stm32f10x_tim.o(.text)
    TIM_GetFlagStatus                        0x08001d5f   Thumb Code    18  stm32f10x_tim.o(.text)
    TIM_ClearFlag                            0x08001d71   Thumb Code     6  stm32f10x_tim.o(.text)
    TIM_GetITStatus                          0x08001d77   Thumb Code    34  stm32f10x_tim.o(.text)
    TIM_ClearITPendingBit                    0x08001d99   Thumb Code     6  stm32f10x_tim.o(.text)
    USART_DeInit                             0x08001da1   Thumb Code   134  stm32f10x_usart.o(.text)
    USART_Init                               0x08001e27   Thumb Code   210  stm32f10x_usart.o(.text)
    USART_StructInit                         0x08001ef9   Thumb Code    24  stm32f10x_usart.o(.text)
    USART_ClockInit                          0x08001f11   Thumb Code    34  stm32f10x_usart.o(.text)
    USART_ClockStructInit                    0x08001f33   Thumb Code    12  stm32f10x_usart.o(.text)
    USART_Cmd                                0x08001f3f   Thumb Code    24  stm32f10x_usart.o(.text)
    USART_ITConfig                           0x08001f57   Thumb Code    74  stm32f10x_usart.o(.text)
    USART_DMACmd                             0x08001fa1   Thumb Code    18  stm32f10x_usart.o(.text)
    USART_SetAddress                         0x08001fb3   Thumb Code    18  stm32f10x_usart.o(.text)
    USART_WakeUpConfig                       0x08001fc5   Thumb Code    18  stm32f10x_usart.o(.text)
    USART_ReceiverWakeUpCmd                  0x08001fd7   Thumb Code    24  stm32f10x_usart.o(.text)
    USART_LINBreakDetectLengthConfig         0x08001fef   Thumb Code    18  stm32f10x_usart.o(.text)
    USART_LINCmd                             0x08002001   Thumb Code    24  stm32f10x_usart.o(.text)
    USART_SendData                           0x08002019   Thumb Code     8  stm32f10x_usart.o(.text)
    USART_ReceiveData                        0x08002021   Thumb Code    10  stm32f10x_usart.o(.text)
    USART_SendBreak                          0x0800202b   Thumb Code    10  stm32f10x_usart.o(.text)
    USART_SetGuardTime                       0x08002035   Thumb Code    16  stm32f10x_usart.o(.text)
    USART_SetPrescaler                       0x08002045   Thumb Code    16  stm32f10x_usart.o(.text)
    USART_SmartCardCmd                       0x08002055   Thumb Code    24  stm32f10x_usart.o(.text)
    USART_SmartCardNACKCmd                   0x0800206d   Thumb Code    24  stm32f10x_usart.o(.text)
    USART_HalfDuplexCmd                      0x08002085   Thumb Code    24  stm32f10x_usart.o(.text)
    USART_OverSampling8Cmd                   0x0800209d   Thumb Code    22  stm32f10x_usart.o(.text)
    USART_OneBitMethodCmd                    0x080020b3   Thumb Code    24  stm32f10x_usart.o(.text)
    USART_IrDAConfig                         0x080020cb   Thumb Code    18  stm32f10x_usart.o(.text)
    USART_IrDACmd                            0x080020dd   Thumb Code    24  stm32f10x_usart.o(.text)
    USART_GetFlagStatus                      0x080020f5   Thumb Code    26  stm32f10x_usart.o(.text)
    USART_ClearFlag                          0x0800210f   Thumb Code    18  stm32f10x_usart.o(.text)
    USART_GetITStatus                        0x08002121   Thumb Code    84  stm32f10x_usart.o(.text)
    USART_ClearITPendingBit                  0x08002175   Thumb Code    52  stm32f10x_usart.o(.text)
    Adc_Init                                 0x080021a9   Thumb Code   132  adc.o(.text)
    Get_Adc                                  0x0800222d   Thumb Code    46  adc.o(.text)
    Get_battery_volt                         0x0800225b   Thumb Code    78  adc.o(.text)
    Beep_Init                                0x080022c1   Thumb Code    50  beep.o(.text)
    Beep_Test                                0x080022f3   Thumb Code    40  beep.o(.text)
    N_Beep                                   0x0800231b   Thumb Code    52  beep.o(.text)
    ASC_To_Valu                              0x08002355   Thumb Code    68  common.o(.text)
    u32tostr                                 0x08002399   Thumb Code    86  common.o(.text)
    Is_Car_Front                             0x080023f1   Thumb Code    24  control_app.o(.text)
    Is_Car_Back                              0x08002409   Thumb Code    24  control_app.o(.text)
    Is_Car_Left                              0x08002421   Thumb Code    24  control_app.o(.text)
    Is_Car_Right                             0x08002439   Thumb Code    24  control_app.o(.text)
    Is_Car_Speed_Add                         0x08002451   Thumb Code    24  control_app.o(.text)
    Is_Car_Speed_Slow                        0x08002469   Thumb Code    24  control_app.o(.text)
    Is_Car_KD                                0x08002481   Thumb Code    24  control_app.o(.text)
    Is_Car_horning                           0x08002499   Thumb Code    24  control_app.o(.text)
    Is_Car_Nohorning                         0x080024b1   Thumb Code    24  control_app.o(.text)
    Is_Car_ZDY                               0x080024c9   Thumb Code    24  control_app.o(.text)
    Is_Car_Stop                              0x080024e1   Thumb Code   124  control_app.o(.text)
    Motor_Dif_Change                         0x0800255d   Thumb Code   362  control_app.o(.text)
    App_control                              0x080026c7   Thumb Code   522  control_app.o(.text)
    App_control_car                          0x080028d1   Thumb Code    22  control_app.o(.text)
    LED_Init                                 0x080028f5   Thumb Code    82  led.o(.text)
    Led_Test                                 0x08002947   Thumb Code    68  led.o(.text)
    Motor_Gpio_init                          0x08002991   Thumb Code    48  motor.o(.text)
    PWM2_Init                                0x080029c1   Thumb Code   216  motor.o(.text)
    Set_Pwm_Motor1                           0x08002a99   Thumb Code    44  motor.o(.text)
    Set_Pwm_Motor2                           0x08002ac5   Thumb Code    44  motor.o(.text)
    OLED_WR_Byte                             0x08002af9   Thumb Code    78  oled.o(.text)
    OLED_Refresh_Gram                        0x08002b47   Thumb Code    70  oled.o(.text)
    OLED_Display_On                          0x08002b8d   Thumb Code    28  oled.o(.text)
    OLED_Display_Off                         0x08002ba9   Thumb Code    28  oled.o(.text)
    OLED_Clear                               0x08002bc5   Thumb Code    42  oled.o(.text)
    OLED_DrawPoint                           0x08002bef   Thumb Code   100  oled.o(.text)
    OLED_ShowChar                            0x08002c53   Thumb Code   158  oled.o(.text)
    oled_pow                                 0x08002cf1   Thumb Code    22  oled.o(.text)
    OLED_ShowNumber                          0x08002d07   Thumb Code   148  oled.o(.text)
    OLED_ShowString                          0x08002d9b   Thumb Code    68  oled.o(.text)
    OLED_Init                                0x08002ddf   Thumb Code   384  oled.o(.text)
    Servor_GPIO_Config                       0x08002f61   Thumb Code    74  servor.o(.text)
    Flip_GPIO_One                            0x08002fab   Thumb Code   278  servor.o(.text)
    Servo1                                   0x080030c1   Thumb Code    18  servor.o(.text)
    TIM1_NVIC_Configuration                  0x080030e5   Thumb Code    42  timer.o(.text)
    TIM2_NVIC_Configuration                  0x0800310f   Thumb Code    40  timer.o(.text)
    TIM3_NVIC_Configuration                  0x08003137   Thumb Code    40  timer.o(.text)
    TIM4_NVIC_Configuration                  0x0800315f   Thumb Code    42  timer.o(.text)
    TIM1_Configuration                       0x08003189   Thumb Code    80  timer.o(.text)
    TIM2_Configuration                       0x080031d9   Thumb Code    86  timer.o(.text)
    TIM3_Configuration                       0x0800322f   Thumb Code    80  timer.o(.text)
    TIM4_Configuration                       0x0800327f   Thumb Code    80  timer.o(.text)
    Timer_Init                               0x080032cf   Thumb Code    28  timer.o(.text)
    Timer_ON                                 0x080032eb   Thumb Code    28  timer.o(.text)
    Timer_OFF                                0x08003307   Thumb Code    30  timer.o(.text)
    SysTick_Init                             0x08003331   Thumb Code   106  delay.o(.text)
    Delay_us                                 0x0800339b   Thumb Code    28  delay.o(.text)
    Delay_ms                                 0x080033b7   Thumb Code    30  delay.o(.text)
    oled_show                                0x080033e5   Thumb Code   158  show.o(.text)
    _sys_exit                                0x080034c1   Thumb Code     6  usart.o(.text)
    fputc                                    0x080034c7   Thumb Code    24  usart.o(.text)
    Uart1_NVIC_Init                          0x080034df   Thumb Code    42  usart.o(.text)
    Uart2_NVIC_Init                          0x08003509   Thumb Code    38  usart.o(.text)
    Uart3_NVIC_Init                          0x0800352f   Thumb Code    42  usart.o(.text)
    Uart1_Gpio_Config                        0x08003559   Thumb Code    64  usart.o(.text)
    Uart2_Gpio_Config                        0x08003599   Thumb Code    66  usart.o(.text)
    Uart3_Gpio_Config                        0x080035db   Thumb Code    70  usart.o(.text)
    Uart_Init                                0x08003621   Thumb Code    46  usart.o(.text)
    USART_Config                             0x0800364f   Thumb Code    62  usart.o(.text)
    uart_init                                0x0800368d   Thumb Code   162  usart.o(.text)
    UART_PutChar                             0x0800372f   Thumb Code    30  usart.o(.text)
    UART_PutStr                              0x0800374d   Thumb Code    34  usart.o(.text)
    UART_Put_Num                             0x0800376f   Thumb Code    34  usart.o(.text)
    UART_Put_Inf                             0x08003791   Thumb Code    30  usart.o(.text)
    USART1_IRQHandler                        0x080037af   Thumb Code   104  usart.o(.text)
    USART2_IRQHandler                        0x08003817   Thumb Code    26  usart.o(.text)
    USART3_IRQHandler                        0x08003831   Thumb Code   114  usart.o(.text)
    TIM1_UP_IRQHandler                       0x080038cd   Thumb Code   112  control.o(.text)
    Check_Battery                            0x0800395d   Thumb Code    68  main.o(.text)
    main                                     0x080039a1   Thumb Code   136  main.o(.text)
    NMI_Handler                              0x08003a4d   Thumb Code     2  stm32f10x_it.o(.text)
    HardFault_Handler                        0x08003a4f   Thumb Code     4  stm32f10x_it.o(.text)
    MemManage_Handler                        0x08003a53   Thumb Code     4  stm32f10x_it.o(.text)
    BusFault_Handler                         0x08003a57   Thumb Code     4  stm32f10x_it.o(.text)
    UsageFault_Handler                       0x08003a5b   Thumb Code     4  stm32f10x_it.o(.text)
    SVC_Handler                              0x08003a5f   Thumb Code     2  stm32f10x_it.o(.text)
    DebugMon_Handler                         0x08003a61   Thumb Code     2  stm32f10x_it.o(.text)
    PendSV_Handler                           0x08003a63   Thumb Code     2  stm32f10x_it.o(.text)
    SysTick_Handler                          0x08003a65   Thumb Code     2  stm32f10x_it.o(.text)
    TIM2_IRQHandler                          0x08003a67   Thumb Code    34  stm32f10x_it.o(.text)
    SystemInit                               0x08003b67   Thumb Code    78  system_stm32f10x.o(.text)
    SystemCoreClockUpdate                    0x08003bb5   Thumb Code   142  system_stm32f10x.o(.text)
    __use_no_semihosting                     0x08003c69   Thumb Code     2  use_no_semi_2.o(.text)
    strncmp                                  0x08003c6b   Thumb Code   150  strncmp.o(.text)
    __aeabi_memclr4                          0x08003d01   Thumb Code     0  rt_memclr_w.o(.text)
    __aeabi_memclr8                          0x08003d01   Thumb Code     0  rt_memclr_w.o(.text)
    __rt_memclr_w                            0x08003d01   Thumb Code    78  rt_memclr_w.o(.text)
    _memset_w                                0x08003d05   Thumb Code     0  rt_memclr_w.o(.text)
    __use_two_region_memory                  0x08003d4f   Thumb Code     2  heapauxi.o(.text)
    __rt_heap_escrow$2region                 0x08003d51   Thumb Code     2  heapauxi.o(.text)
    __rt_heap_expand$2region                 0x08003d53   Thumb Code     2  heapauxi.o(.text)
    __I$use$semihosting                      0x08003d55   Thumb Code     0  use_no_semi.o(.text)
    __use_no_semihosting_swi                 0x08003d55   Thumb Code     2  use_no_semi.o(.text)
    __user_setup_stackheap                   0x08003d57   Thumb Code    74  sys_stackheap_outer.o(.text)
    exit                                     0x08003da1   Thumb Code    18  exit.o(.text)
    __user_libspace                          0x08003db5   Thumb Code     8  libspace.o(.text)
    __user_perproc_libspace                  0x08003db5   Thumb Code     0  libspace.o(.text)
    __user_perthread_libspace                0x08003db5   Thumb Code     0  libspace.o(.text)
    __aeabi_ddiv                             0x08003dbd   Thumb Code     0  ddiv.o(x$fpl$ddiv)
    _ddiv                                    0x08003dbd   Thumb Code   552  ddiv.o(x$fpl$ddiv)
    __aeabi_d2iz                             0x0800406d   Thumb Code     0  dfix.o(x$fpl$dfix)
    _dfix                                    0x0800406d   Thumb Code    94  dfix.o(x$fpl$dfix)
    __aeabi_ui2d                             0x080040cb   Thumb Code     0  dflt_clz.o(x$fpl$dfltu)
    _dfltu                                   0x080040cb   Thumb Code    38  dflt_clz.o(x$fpl$dfltu)
    __aeabi_dmul                             0x080040f1   Thumb Code     0  dmul.o(x$fpl$dmul)
    _dmul                                    0x080040f1   Thumb Code   332  dmul.o(x$fpl$dmul)
    __fpl_dnaninf                            0x08004245   Thumb Code   156  dnaninf.o(x$fpl$dnaninf)
    __fpl_dretinf                            0x080042e1   Thumb Code    12  dretinf.o(x$fpl$dretinf)
    __I$use$fp                               0x080042ec   Number         0  usenofp.o(x$fpl$usenofp)
    oled_asc2_1206                           0x080042ec   Data        1140  oled.o(.constdata)
    oled_asc2_1608                           0x08004760   Data        1520  oled.o(.constdata)
    Region$$Table$$Base                      0x08004d50   Number         0  anon$$obj.o(Region$$Table)
    Region$$Table$$Limit                     0x08004d70   Number         0  anon$$obj.o(Region$$Table)
    pwm_num                                  0x20000014   Data           4  control_app.o(.data)
    Motor_Pwm_Dif                            0x20000018   Data           4  control_app.o(.data)
    UartRec                                  0x2000001c   Data          16  control_app.o(.data)
    count1                                   0x2000002c   Data           1  servor.o(.data)
    flag_RecFul                              0x20000030   Data           1  usart.o(.data)
    __stdout                                 0x20000034   Data           4  usart.o(.data)
    time                                     0x20000040   Data           1  control.o(.data)
    led_time                                 0x20000041   Data           1  control.o(.data)
    Voltage_Temp                             0x20000044   Data           4  main.o(.data)
    Voltage_Count                            0x20000048   Data           4  main.o(.data)
    Voltage_All                              0x2000004c   Data           4  main.o(.data)
    sum                                      0x20000050   Data           4  main.o(.data)
    Voltage                                  0x20000054   Data           4  main.o(.data)
    value                                    0x20000058   Data           4  main.o(.data)
    key                                      0x2000005c   Data           4  main.o(.data)
    key_bak                                  0x20000060   Data           4  main.o(.data)
    Encoder_A_EXTI                           0x20000064   Data           4  main.o(.data)
    CPWM                                     0x20000068   Data          18  main.o(.data)
    adc_value                                0x2000007a   Data           2  main.o(.data)
    Motor_Pwm                                0x2000007c   Data           4  main.o(.data)
    menu                                     0x20000080   Data           1  main.o(.data)
    delay_50                                 0x20000081   Data           1  main.o(.data)
    delay_flag                               0x20000082   Data           1  main.o(.data)
    SystemCoreClock                          0x20000084   Data           4  system_stm32f10x.o(.data)
    AHBPrescTable                            0x20000088   Data          16  system_stm32f10x.o(.data)
    OLED_GRAM                                0x20000098   Data        1024  oled.o(.bss)
    redata                                   0x20000498   Data         500  main.o(.bss)
    __libspace_start                         0x2000068c   Data          96  libspace.o(.bss)
    __temporary_stack_top$libspace           0x200006ec   Data           0  libspace.o(.bss)



==============================================================================

Memory Map of the image

  Image Entry point : 0x080000ed

  Load Region LR_IROM1 (Base: 0x08000000, Size: 0x00004e08, Max: 0x00010000, ABSOLUTE)

    Execution Region ER_IROM1 (Exec base: 0x08000000, Load base: 0x08000000, Size: 0x00004d70, Max: 0x00010000, ABSOLUTE)

    Exec Addr    Load Addr    Size         Type   Attr      Idx    E Section Name        Object

    0x08000000   0x08000000   0x000000ec   Data   RO           19    RESET               startup_stm32f10x_md.o
    0x080000ec   0x080000ec   0x00000008   Code   RO          797  * !!!main             c_w.l(__main.o)
    0x080000f4   0x080000f4   0x00000034   Code   RO          975    !!!scatter          c_w.l(__scatter.o)
    0x08000128   0x08000128   0x0000001a   Code   RO          977    !!handler_copy      c_w.l(__scatter_copy.o)
    0x08000142   0x08000142   0x00000002   PAD
    0x08000144   0x08000144   0x0000001c   Code   RO          979    !!handler_zi        c_w.l(__scatter_zi.o)
    0x08000160   0x08000160   0x00000002   Code   RO          847    .ARM.Collect$$libinit$$00000000  c_w.l(libinit.o)
    0x08000162   0x08000162   0x00000000   Code   RO          854    .ARM.Collect$$libinit$$00000002  c_w.l(libinit2.o)
    0x08000162   0x08000162   0x00000000   Code   RO          856    .ARM.Collect$$libinit$$00000004  c_w.l(libinit2.o)
    0x08000162   0x08000162   0x00000000   Code   RO          859    .ARM.Collect$$libinit$$0000000A  c_w.l(libinit2.o)
    0x08000162   0x08000162   0x00000000   Code   RO          861    .ARM.Collect$$libinit$$0000000C  c_w.l(libinit2.o)
    0x08000162   0x08000162   0x00000000   Code   RO          863    .ARM.Collect$$libinit$$0000000E  c_w.l(libinit2.o)
    0x08000162   0x08000162   0x00000000   Code   RO          866    .ARM.Collect$$libinit$$00000011  c_w.l(libinit2.o)
    0x08000162   0x08000162   0x00000000   Code   RO          868    .ARM.Collect$$libinit$$00000013  c_w.l(libinit2.o)
    0x08000162   0x08000162   0x00000000   Code   RO          870    .ARM.Collect$$libinit$$00000015  c_w.l(libinit2.o)
    0x08000162   0x08000162   0x00000000   Code   RO          872    .ARM.Collect$$libinit$$00000017  c_w.l(libinit2.o)
    0x08000162   0x08000162   0x00000000   Code   RO          874    .ARM.Collect$$libinit$$00000019  c_w.l(libinit2.o)
    0x08000162   0x08000162   0x00000000   Code   RO          876    .ARM.Collect$$libinit$$0000001B  c_w.l(libinit2.o)
    0x08000162   0x08000162   0x00000000   Code   RO          878    .ARM.Collect$$libinit$$0000001D  c_w.l(libinit2.o)
    0x08000162   0x08000162   0x00000000   Code   RO          880    .ARM.Collect$$libinit$$0000001F  c_w.l(libinit2.o)
    0x08000162   0x08000162   0x00000000   Code   RO          882    .ARM.Collect$$libinit$$00000021  c_w.l(libinit2.o)
    0x08000162   0x08000162   0x00000000   Code   RO          884    .ARM.Collect$$libinit$$00000023  c_w.l(libinit2.o)
    0x08000162   0x08000162   0x00000000   Code   RO          886    .ARM.Collect$$libinit$$00000025  c_w.l(libinit2.o)
    0x08000162   0x08000162   0x00000000   Code   RO          890    .ARM.Collect$$libinit$$0000002C  c_w.l(libinit2.o)
    0x08000162   0x08000162   0x00000000   Code   RO          892    .ARM.Collect$$libinit$$0000002E  c_w.l(libinit2.o)
    0x08000162   0x08000162   0x00000000   Code   RO          894    .ARM.Collect$$libinit$$00000030  c_w.l(libinit2.o)
    0x08000162   0x08000162   0x00000000   Code   RO          896    .ARM.Collect$$libinit$$00000032  c_w.l(libinit2.o)
    0x08000162   0x08000162   0x00000002   Code   RO          897    .ARM.Collect$$libinit$$00000033  c_w.l(libinit2.o)
    0x08000164   0x08000164   0x00000002   Code   RO          915    .ARM.Collect$$libshutdown$$00000000  c_w.l(libshutdown.o)
    0x08000166   0x08000166   0x00000000   Code   RO          925    .ARM.Collect$$libshutdown$$00000002  c_w.l(libshutdown2.o)
    0x08000166   0x08000166   0x00000000   Code   RO          927    .ARM.Collect$$libshutdown$$00000004  c_w.l(libshutdown2.o)
    0x08000166   0x08000166   0x00000000   Code   RO          929    .ARM.Collect$$libshutdown$$00000006  c_w.l(libshutdown2.o)
    0x08000166   0x08000166   0x00000000   Code   RO          932    .ARM.Collect$$libshutdown$$00000009  c_w.l(libshutdown2.o)
    0x08000166   0x08000166   0x00000000   Code   RO          935    .ARM.Collect$$libshutdown$$0000000C  c_w.l(libshutdown2.o)
    0x08000166   0x08000166   0x00000000   Code   RO          937    .ARM.Collect$$libshutdown$$0000000E  c_w.l(libshutdown2.o)
    0x08000166   0x08000166   0x00000000   Code   RO          940    .ARM.Collect$$libshutdown$$00000011  c_w.l(libshutdown2.o)
    0x08000166   0x08000166   0x00000002   Code   RO          941    .ARM.Collect$$libshutdown$$00000012  c_w.l(libshutdown2.o)
    0x08000168   0x08000168   0x00000000   Code   RO          817    .ARM.Collect$$rtentry$$00000000  c_w.l(__rtentry.o)
    0x08000168   0x08000168   0x00000000   Code   RO          824    .ARM.Collect$$rtentry$$00000002  c_w.l(__rtentry2.o)
    0x08000168   0x08000168   0x00000006   Code   RO          836    .ARM.Collect$$rtentry$$00000004  c_w.l(__rtentry4.o)
    0x0800016e   0x0800016e   0x00000000   Code   RO          826    .ARM.Collect$$rtentry$$00000009  c_w.l(__rtentry2.o)
    0x0800016e   0x0800016e   0x00000004   Code   RO          827    .ARM.Collect$$rtentry$$0000000A  c_w.l(__rtentry2.o)
    0x08000172   0x08000172   0x00000000   Code   RO          829    .ARM.Collect$$rtentry$$0000000C  c_w.l(__rtentry2.o)
    0x08000172   0x08000172   0x00000008   Code   RO          830    .ARM.Collect$$rtentry$$0000000D  c_w.l(__rtentry2.o)
    0x0800017a   0x0800017a   0x00000002   Code   RO          851    .ARM.Collect$$rtexit$$00000000  c_w.l(rtexit.o)
    0x0800017c   0x0800017c   0x00000000   Code   RO          899    .ARM.Collect$$rtexit$$00000002  c_w.l(rtexit2.o)
    0x0800017c   0x0800017c   0x00000004   Code   RO          900    .ARM.Collect$$rtexit$$00000003  c_w.l(rtexit2.o)
    0x08000180   0x08000180   0x00000006   Code   RO          901    .ARM.Collect$$rtexit$$00000004  c_w.l(rtexit2.o)
    0x08000186   0x08000186   0x00000002   PAD
    0x08000188   0x08000188   0x00000040   Code   RO           20    .text               startup_stm32f10x_md.o
    0x080001c8   0x080001c8   0x000000dc   Code   RO           24    .text               misc.o
    0x080002a4   0x080002a4   0x0000044e   Code   RO           77    .text               stm32f10x_adc.o
    0x080006f2   0x080006f2   0x00000002   PAD
    0x080006f4   0x080006f4   0x000000c4   Code   RO           89    .text               stm32f10x_bkp.o
    0x080007b8   0x080007b8   0x0000035c   Code   RO          233    .text               stm32f10x_gpio.o
    0x08000b14   0x08000b14   0x000000cc   Code   RO          275    .text               stm32f10x_pwr.o
    0x08000be0   0x08000be0   0x000003a4   Code   RO          290    .text               stm32f10x_rcc.o
    0x08000f84   0x08000f84   0x00000e1a   Code   RO          346    .text               stm32f10x_tim.o
    0x08001d9e   0x08001d9e   0x00000002   PAD
    0x08001da0   0x08001da0   0x00000408   Code   RO          358    .text               stm32f10x_usart.o
    0x080021a8   0x080021a8   0x00000118   Code   RO          385    .text               adc.o
    0x080022c0   0x080022c0   0x00000094   Code   RO          403    .text               beep.o
    0x08002354   0x08002354   0x0000009a   Code   RO          421    .text               common.o
    0x080023ee   0x080023ee   0x00000002   PAD
    0x080023f0   0x080023f0   0x00000504   Code   RO          436    .text               control_app.o
    0x080028f4   0x080028f4   0x0000009c   Code   RO          496    .text               led.o
    0x08002990   0x08002990   0x00000168   Code   RO          511    .text               motor.o
    0x08002af8   0x08002af8   0x00000466   Code   RO          526    .text               oled.o
    0x08002f5e   0x08002f5e   0x00000002   PAD
    0x08002f60   0x08002f60   0x00000184   Code   RO          551    .text               servor.o
    0x080030e4   0x080030e4   0x0000024c   Code   RO          570    .text               timer.o
    0x08003330   0x08003330   0x000000b4   Code   RO          585    .text               delay.o
    0x080033e4   0x080033e4   0x000000dc   Code   RO          607    .text               show.o
    0x080034c0   0x080034c0   0x0000040c   Code   RO          645    .text               usart.o
    0x080038cc   0x080038cc   0x00000090   Code   RO          669    .text               control.o
    0x0800395c   0x0800395c   0x000000f0   Code   RO          697    .text               main.o
    0x08003a4c   0x08003a4c   0x0000003c   Code   RO          757    .text               stm32f10x_it.o
    0x08003a88   0x08003a88   0x000001e0   Code   RO          769    .text               system_stm32f10x.o
    0x08003c68   0x08003c68   0x00000002   Code   RO          789    .text               c_w.l(use_no_semi_2.o)
    0x08003c6a   0x08003c6a   0x00000096   Code   RO          791    .text               c_w.l(strncmp.o)
    0x08003d00   0x08003d00   0x0000004e   Code   RO          793    .text               c_w.l(rt_memclr_w.o)
    0x08003d4e   0x08003d4e   0x00000006   Code   RO          795    .text               c_w.l(heapauxi.o)
    0x08003d54   0x08003d54   0x00000002   Code   RO          815    .text               c_w.l(use_no_semi.o)
    0x08003d56   0x08003d56   0x0000004a   Code   RO          838    .text               c_w.l(sys_stackheap_outer.o)
    0x08003da0   0x08003da0   0x00000012   Code   RO          840    .text               c_w.l(exit.o)
    0x08003db2   0x08003db2   0x00000002   PAD
    0x08003db4   0x08003db4   0x00000008   Code   RO          848    .text               c_w.l(libspace.o)
    0x08003dbc   0x08003dbc   0x000002b0   Code   RO          800    x$fpl$ddiv          fz_ws.l(ddiv.o)
    0x0800406c   0x0800406c   0x0000005e   Code   RO          803    x$fpl$dfix          fz_ws.l(dfix.o)
    0x080040ca   0x080040ca   0x00000026   Code   RO          807    x$fpl$dfltu         fz_ws.l(dflt_clz.o)
    0x080040f0   0x080040f0   0x00000154   Code   RO          813    x$fpl$dmul          fz_ws.l(dmul.o)
    0x08004244   0x08004244   0x0000009c   Code   RO          818    x$fpl$dnaninf       fz_ws.l(dnaninf.o)
    0x080042e0   0x080042e0   0x0000000c   Code   RO          820    x$fpl$dretinf       fz_ws.l(dretinf.o)
    0x080042ec   0x080042ec   0x00000000   Code   RO          822    x$fpl$usenofp       fz_ws.l(usenofp.o)
    0x080042ec   0x080042ec   0x00000a64   Data   RO          528    .constdata          oled.o
    0x08004d50   0x08004d50   0x00000020   Data   RO          973    Region$$Table       anon$$obj.o


    Execution Region RW_IRAM1 (Exec base: 0x20000000, Load base: 0x08004d70, Size: 0x00000cf0, Max: 0x00005000, ABSOLUTE)

    Exec Addr    Load Addr    Size         Type   Attr      Idx    E Section Name        Object

    0x20000000   0x08004d70   0x00000014   Data   RW          291    .data               stm32f10x_rcc.o
    0x20000014   0x08004d84   0x00000018   Data   RW          437    .data               control_app.o
    0x2000002c   0x08004d9c   0x00000001   Data   RW          552    .data               servor.o
    0x2000002d   0x08004d9d   0x00000003   PAD
    0x20000030   0x08004da0   0x00000010   Data   RW          646    .data               usart.o
    0x20000040   0x08004db0   0x00000002   Data   RW          670    .data               control.o
    0x20000042   0x08004db2   0x00000002   PAD
    0x20000044   0x08004db4   0x0000003f   Data   RW          699    .data               main.o
    0x20000083   0x08004df3   0x00000001   PAD
    0x20000084   0x08004df4   0x00000014   Data   RW          770    .data               system_stm32f10x.o
    0x20000098        -       0x00000400   Zero   RW          527    .bss                oled.o
    0x20000498        -       0x000001f4   Zero   RW          698    .bss                main.o
    0x2000068c        -       0x00000060   Zero   RW          849    .bss                c_w.l(libspace.o)
    0x200006ec   0x08004e08   0x00000004   PAD
    0x200006f0        -       0x00000200   Zero   RW           18    HEAP                startup_stm32f10x_md.o
    0x200008f0        -       0x00000400   Zero   RW           17    STACK               startup_stm32f10x_md.o


==============================================================================

Image component sizes


      Code (inc. data)   RO Data    RW Data    ZI Data      Debug   Object Name

       280         24          0          0          0       1032   adc.o
       148          6          0          0          0        853   beep.o
       154         10          0          0          0        979   common.o
       144         32          0          2          0        805   control.o
      1284        190          0         24          0       5442   control_app.o
         0          0          0          0          0       4548   core_cm3.o
       180         16          0          0          0      16108   delay.o
       156          6          0          0          0        684   led.o
       240         36          0         63        500     204088   main.o
       220         22          0          0          0     257769   misc.o
       360          8          0          0          0       1314   motor.o
      1126         42       2660          0       1024       4719   oled.o
       388         18          0          1          0       1195   servor.o
       220         62          0          0          0        508   show.o
        64         26        236          0       1536        812   startup_stm32f10x_md.o
      1102         26          0          0          0      11029   stm32f10x_adc.o
       196          8          0          0          0       3488   stm32f10x_bkp.o
       860         38          0          0          0       5725   stm32f10x_gpio.o
        60          0          0          0          0       1418   stm32f10x_it.o
       204         14          0          0          0       1951   stm32f10x_pwr.o
       932         36          0         20          0       8920   stm32f10x_rcc.o
      3610         88          0          0          0      22832   stm32f10x_tim.o
      1032         22          0          0          0       8448   stm32f10x_usart.o
       480         38          0         20          0       1847   system_stm32f10x.o
       588         12          0          0          0       2324   timer.o
      1036         42          0         16          0       6290   usart.o

    ----------------------------------------------------------------------
     15072        822       2928        152       3060     575128   Object Totals
         0          0         32          0          0          0   (incl. Generated)
         8          0          0          6          0          0   (incl. Padding)

    ----------------------------------------------------------------------

      Code (inc. data)   RO Data    RW Data    ZI Data      Debug   Library Member Name

         8          0          0          0          0         68   __main.o
         0          0          0          0          0          0   __rtentry.o
        12          0          0          0          0          0   __rtentry2.o
         6          0          0          0          0          0   __rtentry4.o
        52          8          0          0          0          0   __scatter.o
        26          0          0          0          0          0   __scatter_copy.o
        28          0          0          0          0          0   __scatter_zi.o
        18          0          0          0          0         80   exit.o
         6          0          0          0          0        152   heapauxi.o
         2          0          0          0          0          0   libinit.o
         2          0          0          0          0          0   libinit2.o
         2          0          0          0          0          0   libshutdown.o
         2          0          0          0          0          0   libshutdown2.o
         8          4          0          0         96         68   libspace.o
        78          0          0          0          0         80   rt_memclr_w.o
         2          0          0          0          0          0   rtexit.o
        10          0          0          0          0          0   rtexit2.o
       150          0          0          0          0         80   strncmp.o
        74          0          0          0          0         80   sys_stackheap_outer.o
         2          0          0          0          0         68   use_no_semi.o
         2          0          0          0          0         68   use_no_semi_2.o
       688        140          0          0          0        208   ddiv.o
        94          4          0          0          0         92   dfix.o
        38          0          0          0          0         68   dflt_clz.o
       340         12          0          0          0        104   dmul.o
       156          4          0          0          0         92   dnaninf.o
        12          0          0          0          0         68   dretinf.o
         0          0          0          0          0          0   usenofp.o

    ----------------------------------------------------------------------
      1824        172          0          0        100       1376   Library Totals
         6          0          0          0          4          0   (incl. Padding)

    ----------------------------------------------------------------------

      Code (inc. data)   RO Data    RW Data    ZI Data      Debug   Library Name

       490         12          0          0         96        744   c_w.l
      1328        160          0          0          0        632   fz_ws.l

    ----------------------------------------------------------------------
      1824        172          0          0        100       1376   Library Totals

    ----------------------------------------------------------------------

==============================================================================


      Code (inc. data)   RO Data    RW Data    ZI Data      Debug   

     16896        994       2928        152       3160     573848   Grand Totals
     16896        994       2928        152       3160     573848   ELF Image Totals
     16896        994       2928        152          0          0   ROM Totals

==============================================================================

    Total RO  Size (Code + RO Data)                19824 (  19.36kB)
    Total RW  Size (RW Data + ZI Data)              3312 (   3.23kB)
    Total ROM Size (Code + RO Data + RW Data)      19976 (  19.51kB)

==============================================================================

